    ],
    job: 'Computer Programmer',
    mgr: 2005,
    hiredate: ISODate('1983-02-17T00:00:00.000Z'),
    sal: 800,
    comm: null,
    deptno: 30
  }
]
Enterprise db1> db.movies.find();
[
  {
    _id: 2,
    relese: '14-11-1968',
    color: 'Color',
    director: 'Gore Verbinski',
    critic: 302,
    duration: 169,
    director_facebook: 563,
    actor_3_facebook: 1000,
    actor_2_name: 'Orlando Bloom',
    actor_1_facebook_likes: 40000,
    gross: 309404152,
    genres: 'Action|Adventure|Fantasy',
    actor_1_name: 'Johnny Depp',
    movie_title: "Pirates of the Caribbean: At World's End",
    num_voted_users: 471220,
    cast_total_facebook_likes: 48350,
    actor_3_name: 'Jack Davenport',
    facenumber_in_poster: 0,
    plot_keywords: 'goddess|marriage ceremony|marriage proposal|pirate|singapore',
    movie_imdb_link: 'http://www.imdb.com/title/tt0449088/?ref_=fn_tt_tt_1',
    num_user_for_reviews: 1238,
    language: 'English',
    country: 'USA',
    content_rating: 'PG-13',
    budget: 300000000,
    title_year: 1968,
    actor_2_facebook_likes: 5000,
    imdb_score: 7.1,
    aspect_ratio: 2.370591809,
    movie_facebook_likes: 0,
    'production houses': 'The Weinstein Company',
    week1: 0.323,
    week2: 4.543,
    week3: 69.805,
    week4: 2.022,
    isActive: 0,
    music: 'Lorne Balfe',
    stars: { '0': 1, '1': 1, '2': 1, '3': 1, '4': 1 }
  },
  {
    _id: 1,
    relese: '13-06-1998',
    color: '',
    director: 'James Cameron',
    critic: 723,
    duration: 178,
    director_facebook: 0,
    actor_3_facebook: 855,
    actor_2_name: 'Joel David Moore',
    actor_1_facebook_likes: 1000,
    gross: 760505847,
    genres: 'Action|Adventure|Fantasy|Sci-Fi',
    actor_1_name: 'CCH Pounder',
    movie_title: 'Avatar',
    num_voted_users: 886204,
    cast_total_facebook_likes: 4834,
    actor_3_name: 'Wes Studi',
    facenumber_in_poster: 0,
    plot_keywords: 'avatar|future|marine|native|paraplegic',
    movie_imdb_link: 'http://www.imdb.com/title/tt0499549/?ref_=fn_tt_tt_1',
    num_user_for_reviews: 3054,
    language: 'English',
    country: 'USA',
    content_rating: 'PG-13',
    budget: 237000001,
    title_year: 1998,
    actor_2_facebook_likes: 936,
    imdb_score: 7.9,
    aspect_ratio: 1.120835,
    movie_facebook_likes: 33000,
    'production houses': 'The Weinstein Company',
    week1: 28.103,
    week2: 67.888,
    week3: 37.319,
    week4: 48.732,
    isActive: 1,
    music: 'James Horner',
    stars: { '0': 0, '1': 0, '2': 1, '3': 1, '4': 1 }
  },
  {
    _id: 4,
    relese: '13-03-1977',
    color: 'Color',
    director: 'Christopher Nolan',
    critic: 813,
    duration: 164,
    director_facebook: 22000,
    actor_3_facebook: 23000,
    actor_2_name: 'Christian Bale',
    actor_1_facebook_likes: 27000,
    gross: 448130642,
    genres: 'Action|Thriller',
    actor_1_name: 'Tom Hardy',
    movie_title: 'The Dark Knight Rises',
    num_voted_users: 1144337,
    cast_total_facebook_likes: 106759,
    actor_3_name: 'Joseph Gordon-Levitt',
    facenumber_in_poster: 0,
    plot_keywords: 'deception|imprisonment|lawlessness|police officer|terrorist plot',
    movie_imdb_link: 'http://www.imdb.com/title/tt1345836/?ref_=fn_tt_tt_1',
    num_user_for_reviews: 2701,
    language: 'English',
    country: 'USA',
    content_rating: 'PG-13',
    budget: 250000000,
    title_year: 1977,
    actor_2_facebook_likes: 23000,
    imdb_score: 8.5,
    aspect_ratio: 1.178821504,
    movie_facebook_likes: 164000,
    'production houses': 'Disney',
    week1: 74.391,
    week2: 76.182,
    week3: 62.271,
    week4: 0.362,
    isActive: 1,
    music: '',
    stars: { '0': 1, '1': 1, '2': 0, '3': 0, '4': 0 }
  },
  {
    _id: 3,
    relese: '01-11-1969',
    color: 'Color',
    director: 'Sam Mendes',
    critic: 602,
    duration: 148,
    director_facebook: 0,
    actor_3_facebook: 161,
    actor_2_name: 'Rory Kinnear',
    actor_1_facebook_likes: 11000,
    gross: 200074175,
    genres: 'Action|Adventure|Thriller',
    actor_1_name: 'Christoph Waltz',
    movie_title: 'Spectre',
    num_voted_users: 275868,
    cast_total_facebook_likes: 11700,
    actor_3_name: 'Stephanie Sigman',
    facenumber_in_poster: 1,
    plot_keywords: 'bomb|espionage|sequel|spy|terrorist',
    movie_imdb_link: 'http://www.imdb.com/title/tt2379713/?ref_=fn_tt_tt_1',
    num_user_for_reviews: 994,
    language: 'English',
    country: 'UK',
    content_rating: 'PG-13',
    budget: 245000000,
    title_year: 1969,
    actor_2_facebook_likes: 393,
    imdb_score: 6.8,
    aspect_ratio: 2.022457101,
    movie_facebook_likes: 85000,
    'production houses': 'Independent',
    week1: 29.811,
    week2: 97.568,
    week3: 12.883,
    week4: 0.502,
    isActive: 0,
    music: 'Thomas Newman',
    stars: { '0': 0, '1': 0, '2': 0, '3': 1, '4': 0 }
  },
  {
    _id: 6,
    relese: '21-07-1965',
    color: 'Color',
    director: 'Andrew Stanton',
    critic: 462,
    duration: 132,
    director_facebook: 475,
    actor_3_facebook: 530,
    actor_2_name: 'Samantha Morton',
    actor_1_facebook_likes: 640,
    gross: 73058679,
    genres: 'Action|Adventure|Sci-Fi',
    actor_1_name: 'Daryl Sabara',
    movie_title: 'John Carter',
    num_voted_users: 212204,
    cast_total_facebook_likes: 1873,
    actor_3_name: 'Polly Walker',
    facenumber_in_poster: 1,
    plot_keywords: 'alien|american civil war|male nipple|mars|princess',
    movie_imdb_link: 'http://www.imdb.com/title/tt0401729/?ref_=fn_tt_tt_1',
    num_user_for_reviews: 738,
    language: 'English',
    country: 'USA',
    content_rating: 'PG-13',
    budget: 263700000,
    title_year: 1965,
    actor_2_facebook_likes: 632,
    imdb_score: 6.6,
    aspect_ratio: 2.103939087,
    movie_facebook_likes: 24000,
    'production houses': '20th Century Fox',
    week1: 94.885,
    week2: 61.663,
    week3: 64.056,
    week4: 16.328,
    isActive: 1,
    music: 'Michael Giacchino',
    stars: { '0': 1, '1': 1, '2': 1, '3': 1, '4': 1 }
  },
  {
    _id: 8,
    relese: '18-07-1971',
    color: 'Color',
    director: 'Nathan Greno',
    critic: 324,
    duration: 100,
    director_facebook: 15,
    actor_3_facebook: 284,
    actor_2_name: 'Donna Murphy',
    actor_1_facebook_likes: 799,
    gross: 200807262,
    genres: 'Adventure|Animation|Comedy|Family|Fantasy|Musical|Romance',
    actor_1_name: 'Brad Garrett',
    movie_title: 'Tangled',
    num_voted_users: 294810,
    cast_total_facebook_likes: 2036,
    actor_3_name: 'M.C. Gainey',
    facenumber_in_poster: 1,
    plot_keywords: '17th century|based on fairy tale|disney|flower|tower',
    movie_imdb_link: 'http://www.imdb.com/title/tt0398286/?ref_=fn_tt_tt_1',
    num_user_for_reviews: 387,
    language: 'English',
    country: 'USA',
    content_rating: 'PG',
    budget: 260000000,
    title_year: 1971,
    actor_2_facebook_likes: 553,
    imdb_score: 7.8,
    aspect_ratio: 2.133924229,
    movie_facebook_likes: 29000,
    'production houses': 'Independent',
    week1: 47.766,
    week2: 68.111,
    week3: 32.725,
    week4: 6.232,
    isActive: 1,
    music: 'Alan Menken',
    stars: { '0': 0, '1': 1, '2': 0, '3': 0, '4': 1 }
  },
  {
    _id: 7,
    relese: '16-05-1990',
    color: 'Color',
    director: 'Sam Raimi',
    critic: 392,
    duration: 156,
    director_facebook: 0,
    actor_3_facebook: 4000,
    actor_2_name: 'James Franco',
    actor_1_facebook_likes: 24000,
    gross: 336530303,
    genres: 'Action|Adventure|Romance',
    actor_1_name: 'J.K. Simmons',
    movie_title: 'Spider-Man 3',
    num_voted_users: 383056,
    cast_total_facebook_likes: 46055,
    actor_3_name: 'Kirsten Dunst',
    facenumber_in_poster: 0,
    plot_keywords: 'sandman|spider man|symbiote|venom|villain',
    movie_imdb_link: 'http://www.imdb.com/title/tt0413300/?ref_=fn_tt_tt_1',
    num_user_for_reviews: 1902,
    language: 'English',
    country: 'USA',
    content_rating: 'PG-13',
    budget: 258000000,
    title_year: 1990,
    actor_2_facebook_likes: 11000,
    imdb_score: 6.2,
    aspect_ratio: 2.305530641,
    movie_facebook_likes: 0,
    'production houses': 'Disney',
    week1: 49.352,
    week2: 88.384,
    week3: 43.782,
    week4: 8.155,
    isActive: 0,
    music: 'Christopher Young',
    stars: { '0': 1, '1': 0, '2': 1, '3': 1, '4': 0 }
  },
  {
    _id: 5,
    relese: '28-02-2001',
    color: '',
    director: 'Doug Walker',
    critic: '',
    duration: '',
    director_facebook: 131,
    actor_3_facebook: '',
    actor_2_name: 'Rob Walker',
    actor_1_facebook_likes: 131,
    gross: '',
    genres: 'Documentary',
    actor_1_name: 'Doug Walker',
    movie_title: 'Star Wars: Episode VII - The Force Awakens',
    num_voted_users: 8,
    cast_total_facebook_likes: 143,
    actor_3_name: '',
    facenumber_in_poster: 0,
    plot_keywords: '',
    movie_imdb_link: 'http://www.imdb.com/title/tt5289954/?ref_=fn_tt_tt_1',
    num_user_for_reviews: '',
    language: '',
    country: 'Canada',
    content_rating: '',
    budget: '',
    title_year: 2001,
    actor_2_facebook_likes: 12,
    imdb_score: 7.1,
    aspect_ratio: 1.323596068,
    movie_facebook_likes: 0,
    'production houses': 'Fox',
    week1: 50.864,
    week2: 79.767,
    week3: 25.178,
    week4: 39.018,
    isActive: 1,
    music: 'John Williams',
    stars: { '0': 1, '1': 1, '2': 0, '3': 0, '4': 1 }
  },
  {
    _id: 9,
    relese: '15-05-1976',
    color: 'Color',
    director: 'Joss Whedon',
    critic: 635,
    duration: 141,
    director_facebook: 0,
    actor_3_facebook: 19000,
    actor_2_name: 'Robert Downey Jr.',
    actor_1_facebook_likes: 26000,
    gross: 458991599,
    genres: 'Action|Adventure|Sci-Fi',
    actor_1_name: 'Chris Hemsworth',
    movie_title: 'Avengers: Age of Ultron',
    num_voted_users: 462669,
    cast_total_facebook_likes: 92000,
    actor_3_name: 'Scarlett Johansson',
    facenumber_in_poster: 4,
    plot_keywords: 'artificial intelligence|based on comic book|captain america|marvel cinematic universe|superhero',
    movie_imdb_link: 'http://www.imdb.com/title/tt2395427/?ref_=fn_tt_tt_1',
    num_user_for_reviews: 1117,
    language: 'English',
    country: 'USA',
    content_rating: 'PG-13',
    budget: 250000000,
    title_year: 1976,
    actor_2_facebook_likes: 21000,
    imdb_score: 7.5,
    aspect_ratio: 1.877056704,
    movie_facebook_likes: 118000,
    'production houses': 'Independent',
    week1: 61.289,
    week2: 33.403,
    week3: 38.954,
    week4: 22.222,
    isActive: 1,
    music: 'Brian Tyler',
    stars: { '0': 1, '1': 0, '2': 0, '3': 1, '4': 1 }
  },
  {
    _id: 11,
    relese: '23-09-1982',
    color: 'Color',
    director: 'Zack Snyder',
    critic: 673,
    duration: 183,
    director_facebook: 0,
    actor_3_facebook: 2000,
    actor_2_name: 'Lauren Cohan',
    actor_1_facebook_likes: 15000,
    gross: 330249062,
    genres: 'Action|Adventure|Sci-Fi',
    actor_1_name: 'Henry Cavill',
    movie_title: 'Batman v Superman: Dawn of Justice',
    num_voted_users: 371639,
    cast_total_facebook_likes: 24450,
    actor_3_name: 'Alan D. Purwin',
    facenumber_in_poster: 0,
    plot_keywords: 'based on comic book|batman|sequel to a reboot|superhero|superman',
    movie_imdb_link: 'http://www.imdb.com/title/tt2975590/?ref_=fn_tt_tt_1',
    num_user_for_reviews: 3018,
    language: 'English',
    country: 'USA',
    content_rating: 'PG-13',
    budget: 250000000,
    title_year: 1982,
    actor_2_facebook_likes: 4000,
    imdb_score: 6.9,
    aspect_ratio: 2.40581849,
    movie_facebook_likes: 197000,
    'production houses': 'Independent',
    week1: 30.245,
    week2: 8.061,
    week3: 51.964,
    week4: 3.523,
    isActive: 0,
    music: 'WaterTower',
    stars: { '0': 0, '1': 1, '2': 1, '3': 0, '4': 1 }
  },
  {
    _id: 12,
    relese: '01-09-2005',
    color: 'Color',
    director: 'Bryan Singer',
    critic: 434,
    duration: 169,
    director_facebook: 0,
    actor_3_facebook: 903,
    actor_2_name: 'Marlon Brando',
    actor_1_facebook_likes: 18000,
    gross: 200069408,
    genres: 'Action|Adventure|Sci-Fi',
    actor_1_name: 'Kevin Spacey',
    movie_title: 'Superman Returns',
    num_voted_users: 240396,
    cast_total_facebook_likes: 29991,
    actor_3_name: 'Frank Langella',
    facenumber_in_poster: 0,
    plot_keywords: 'crystal|epic|lex luthor|lois lane|return to earth',
    movie_imdb_link: 'http://www.imdb.com/title/tt0348150/?ref_=fn_tt_tt_1',
    num_user_for_reviews: 2367,
    language: 'English',
    country: 'USA',
    content_rating: 'PG-13',
    budget: 209000000,
    title_year: 2005,
    actor_2_facebook_likes: 10000,
    imdb_score: 6.1,
    aspect_ratio: 2.50176606,
    movie_facebook_likes: 0,
    'production houses': 'Independent',
    week1: 83.261,
    week2: 0.707,
    week3: 3.825,
    week4: 5.379,
    isActive: 1,
    music: 'John Williams',
    stars: { '0': 0, '1': 0, '2': 1, '3': 1, '4': 1 }
  },
  {
    _id: 10,
    relese: '05-06-1964',
    color: 'Color',
    director: 'David Yates',
    critic: 375,
    duration: 153,
    director_facebook: 282,
    actor_3_facebook: 10000,
    actor_2_name: 'Daniel Radcliffe',
    actor_1_facebook_likes: 25000,
    gross: 301956980,
    genres: 'Adventure|Family|Fantasy|Mystery',
    actor_1_name: 'Alan Rickman',
    movie_title: 'Harry Potter and the Half-Blood Prince',
    num_voted_users: 321795,
    cast_total_facebook_likes: 58753,
    actor_3_name: 'Rupert Grint',
    facenumber_in_poster: 3,
    plot_keywords: 'blood|book|love|potion|professor',
    movie_imdb_link: 'http://www.imdb.com/title/tt0417741/?ref_=fn_tt_tt_1',
    num_user_for_reviews: 973,
    language: 'English',
    country: 'UK',
    content_rating: 'PG',
    budget: 250000000,
    title_year: 1964,
    actor_2_facebook_likes: 11000,
    imdb_score: 7.5,
    aspect_ratio: 1.206639454,
    movie_facebook_likes: 10000,
    'production houses': 'Warner Bros.',
    week1: 0.062,
    week2: 89.447,
    week3: 53.728,
    week4: 21.924,
    isActive: 1,
    music: 'Nicholas Hooper',
    stars: { '0': 0, '1': 0, '2': 1, '3': 0, '4': 1 }
  },
  {
    _id: 13,
    relese: '25-05-1984',
    color: 'Color',
    director: 'Marc Forster',
    critic: 403,
    duration: 106,
    director_facebook: 395,
    actor_3_facebook: 393,
    actor_2_name: 'Mathieu Amalric',
    actor_1_facebook_likes: 451,
    gross: 168368427,
    genres: 'Action|Adventure',
    actor_1_name: 'Giancarlo Giannini',
    movie_title: 'Quantum of Solace',
    num_voted_users: 330784,
    cast_total_facebook_likes: 2023,
    actor_3_name: 'Rory Kinnear',
    facenumber_in_poster: 1,
    plot_keywords: 'action hero|attempted rape|bond girl|official james bond series|revenge',
    movie_imdb_link: 'http://www.imdb.com/title/tt0830515/?ref_=fn_tt_tt_1',
    num_user_for_reviews: 1243,
    language: 'English',
    country: 'UK',
    content_rating: 'PG-13',
    budget: 200000000,
    title_year: 1984,
    actor_2_facebook_likes: 412,
    imdb_score: 6.7,
    aspect_ratio: 2.921944859,
    movie_facebook_likes: 0,
    'production houses': 'Summit',
    week1: 65.496,
    week2: 81.995,
    week3: 45.36,
    week4: 36.368,
    isActive: 1,
    music: 'David Arnold',
    stars: { '0': 0, '1': 1, '2': 0, '3': 1, '4': 0 }
  },
  {
    _id: 14,
    relese: '14-02-1988',
    color: 'Color',
    director: 'Gore Verbinski',
    critic: 313,
    duration: 151,
    director_facebook: 563,
    actor_3_facebook: 1000,
    actor_2_name: 'Orlando Bloom',
    actor_1_facebook_likes: 40000,
    gross: 423032628,
    genres: 'Action|Adventure|Fantasy',
    actor_1_name: 'Johnny Depp',
    movie_title: "Pirates of the Caribbean: Dead Man's Chest",
    num_voted_users: 522040,
    cast_total_facebook_likes: 48486,
    actor_3_name: 'Jack Davenport',
    facenumber_in_poster: 2,
    plot_keywords: "box office hit|giant squid|heart|liar's dice|monster",
    movie_imdb_link: 'http://www.imdb.com/title/tt0383574/?ref_=fn_tt_tt_1',
    num_user_for_reviews: 1832,
    language: 'English',
    country: 'USA',
    content_rating: 'PG-13',
    budget: 225000000,
    title_year: 1988,
    actor_2_facebook_likes: 5000,
    imdb_score: 7.3,
    aspect_ratio: 2.516786459,
    movie_facebook_likes: 5000,
    'production houses': 'Independent',
    week1: 58.51,
    week2: 87.556,
    week3: 0.803,
    week4: 2.497,
    isActive: 1,
    music: 'Hans Zimmer',
    stars: { '0': 1, '1': 0, '2': 0, '3': 0, '4': 1 }
  },
  {
    _id: 15,
    relese: '07-06-1980',
    color: '',
    director: 'Gore Verbinski',
    critic: '',
    duration: 150,
    director_facebook: 563,
    actor_3_facebook: 1000,
    actor_2_name: 'Ruth Wilson',
    actor_1_facebook_likes: 40000,
    gross: 89289910,
    genres: 'Action|Adventure|Western',
    actor_1_name: 'Johnny Depp',
    movie_title: 'The Lone Ranger',
    num_voted_users: 181792,
    cast_total_facebook_likes: 45757,
    actor_3_name: 'Tom Wilkinson',
    facenumber_in_poster: 1,
    plot_keywords: 'horse|outlaw|texas|texas ranger|train',
    movie_imdb_link: 'http://www.imdb.com/title/tt1210819/?ref_=fn_tt_tt_1',
    num_user_for_reviews: 711,
    language: 'English',
    country: 'USA',
    content_rating: 'PG-13',
    budget: 215000000,
    title_year: 1980,
    actor_2_facebook_likes: 2000,
    imdb_score: 6.5,
    aspect_ratio: 2.049508332,
    movie_facebook_likes: 48000,
    'production houses': 'Summit',
    week1: 105.768,
    week2: 44.445,
    week3: 74.777,
    week4: 38.381,
    isActive: 0,
    music: 'Hans Zimmer',
    stars: { '0': 0, '1': 0, '2': 0, '3': 1, '4': 1 }
  },
  {
    _id: 16,
    relese: '04-08-1998',
    color: 'Color',
    director: 'Zack Snyder',
    critic: 733,
    duration: 143,
    director_facebook: 0,
    actor_3_facebook: 748,
    actor_2_name: 'Christopher Meloni',
    actor_1_facebook_likes: 15000,
    gross: 291021565,
    genres: 'Action|Adventure|Fantasy|Sci-Fi',
    actor_1_name: 'Henry Cavill',
    movie_title: 'Man of Steel',
    num_voted_users: 548573,
    cast_total_facebook_likes: 20495,
    actor_3_name: 'Harry Lennix',
    facenumber_in_poster: 0,
    plot_keywords: 'based on comic book|british actor playing american character|final battle|origin of hero|reboot',
    movie_imdb_link: 'http://www.imdb.com/title/tt0770828/?ref_=fn_tt_tt_1',
    num_user_for_reviews: 2536,
    language: 'English',
    country: 'USA',
    content_rating: 'PG-13',
    budget: 225000000,
    title_year: 1998,
    actor_2_facebook_likes: 3000,
    imdb_score: 7.2,
    aspect_ratio: 2.269864721,
    movie_facebook_likes: 118000,
    'production houses': 'Paramount',
    week1: 88.024,
    week2: 15.52,
    week3: 19.095,
    week4: 36.016,
    isActive: 0,
    music: 'Hans Zimmer',
    stars: { '0': 1, '1': 1, '2': 1, '3': 1, '4': 1 }
  },
  {
    _id: 17,
    relese: '15-08-1998',
    color: 'Color',
    director: 'Andrew Adamson',
    critic: 258,
    duration: 150,
    director_facebook: 80,
    actor_3_facebook: 201,
    actor_2_name: 'Pierfrancesco Favino',
    actor_1_facebook_likes: 22000,
    gross: 141614023,
    genres: 'Action|Adventure|Family|Fantasy',
    actor_1_name: 'Peter Dinklage',
    movie_title: 'The Chronicles of Narnia: Prince Caspian',
    num_voted_users: 149922,
    cast_total_facebook_likes: 22697,
    actor_3_name: 'Dami치n Alc치zar',
    facenumber_in_poster: 4,
    plot_keywords: 'brother brother relationship|brother sister relationship|good versus evil|king|narnia',
    movie_imdb_link: 'http://www.imdb.com/title/tt0499448/?ref_=fn_tt_tt_1',
    num_user_for_reviews: 438,
    language: 'English',
    country: 'USA',
    content_rating: 'PG',
    budget: 225000000,
    title_year: 1998,
    actor_2_facebook_likes: 216,
    imdb_score: 6.6,
    aspect_ratio: 1.720342257,
    movie_facebook_likes: 0,
    'production houses': 'Disney',
    week1: 98.365,
    week2: 44.405,
    week3: 35.247,
    week4: 26.151,
    isActive: 1,
    music: 'Harry Gregson-Williams',
    stars: { '0': 1, '1': 1, '2': 0, '3': 0, '4': 1 }
  },
  {
    _id: 18,
    relese: '01-06-1991',
    color: 'Color',
    director: 'Joss Whedon',
    critic: 703,
    duration: 173,
    director_facebook: 0,
    actor_3_facebook: 19000,
    actor_2_name: 'Robert Downey Jr.',
    actor_1_facebook_likes: 26000,
    gross: 623279547,
    genres: 'Action|Adventure|Sci-Fi',
    actor_1_name: 'Chris Hemsworth',
    movie_title: 'The Avengers',
    num_voted_users: 995415,
    cast_total_facebook_likes: 87697,
    actor_3_name: 'Scarlett Johansson',
    facenumber_in_poster: 3,
    plot_keywords: 'alien invasion|assassin|battle|iron man|soldier',
    movie_imdb_link: 'http://www.imdb.com/title/tt0848228/?ref_=fn_tt_tt_1',
    num_user_for_reviews: 1722,
    language: 'English',
    country: 'USA',
    content_rating: 'PG-13',
    budget: 220000000,
    title_year: 1991,
    actor_2_facebook_likes: 21000,
    imdb_score: 8.1,
    aspect_ratio: 1.014251209,
    movie_facebook_likes: 123000,
    'production houses': 'Warner Bros.',
    week1: 90.384,
    week2: 55.017,
    week3: 72.602,
    week4: 31.011,
    isActive: 1,
    music: 'Alan Silvestri',
    stars: { '0': 0, '1': 0, '2': 1, '3': 1, '4': 1 }
  },
  {
    _id: 19,
    relese: '11-12-1987',
    color: 'Color',
    director: 'Rob Marshall',
    critic: 448,
    duration: 136,
    director_facebook: 252,
    actor_3_facebook: 1000,
    actor_2_name: 'Sam Claflin',
    actor_1_facebook_likes: 40000,
    gross: 241063875,
    genres: 'Action|Adventure|Fantasy',
    actor_1_name: 'Johnny Depp',
    movie_title: 'Pirates of the Caribbean: On Stranger Tides',
    num_voted_users: 370704,
    cast_total_facebook_likes: 54083,
    actor_3_name: 'Stephen Graham',
    facenumber_in_poster: 4,
    plot_keywords: 'blackbeard|captain|pirate|revenge|soldier',
    movie_imdb_link: 'http://www.imdb.com/title/tt1298650/?ref_=fn_tt_tt_1',
    num_user_for_reviews: 484,
    language: 'English',
    country: 'USA',
    content_rating: 'PG-13',
    budget: 250000000,
    title_year: 1987,
    actor_2_facebook_likes: 11000,
    imdb_score: 6.7,
    aspect_ratio: 1.829249773,
    movie_facebook_likes: 58000,
    'production houses': 'Paramount',
    week1: 74.747,
    week2: 53.769,
    week3: 10.221,
    week4: 37.365,
    isActive: 1,
    music: 'Hans Zimmer',
    stars: { '0': 1, '1': 0, '2': 0, '3': 1, '4': 0 }
  },
  {
    _id: 20,
    relese: '01-01-1966',
    color: 'Color',
    director: 'Barry Sonnenfeld',
    critic: 451,
    duration: 106,
    director_facebook: 188,
    actor_3_facebook: 718,
    actor_2_name: 'Michael Stuhlbarg',
    actor_1_facebook_likes: 10000,
    gross: 179020854,
    genres: 'Action|Adventure|Comedy|Family|Fantasy|Sci-Fi',
    actor_1_name: 'Will Smith',
    movie_title: 'Men in Black 3',
    num_voted_users: 268154,
    cast_total_facebook_likes: 12572,
    actor_3_name: 'Nicole Scherzinger',
    facenumber_in_poster: 1,
    plot_keywords: 'alien|criminal|m.i.b.|maximum security prison|prison',
    movie_imdb_link: 'http://www.imdb.com/title/tt1409024/?ref_=fn_tt_tt_1',
    num_user_for_reviews: 341,
    language: 'English',
    country: 'USA',
    content_rating: 'PG-13',
    budget: 225000000,
    title_year: 1966,
    actor_2_facebook_likes: 816,
    imdb_score: 6.8,
    aspect_ratio: 2.022072222,
    movie_facebook_likes: 40000,
    'production houses': 'Paramount',
    week1: 32.77,
    week2: 76.435,
    week3: 71.695,
    week4: 4.399,
    isActive: 0,
    music: 'Danny Elfman',
    stars: { '0': 1, '1': 1, '2': 1, '3': 0, '4': 1 }
  }
]
Type "it" for more
Enterprise db1> db.movies.find();
[
  {
    _id: 2,
    relese: '14-11-1968',
    color: 'Color',
    director: 'Gore Verbinski',
    critic: 302,
    duration: 169,
    director_facebook: 563,
    actor_3_facebook: 1000,
    actor_2_name: 'Orlando Bloom',
    actor_1_facebook_likes: 40000,
    gross: 309404152,
    genres: 'Action|Adventure|Fantasy',
    actor_1_name: 'Johnny Depp',
    movie_title: "Pirates of the Caribbean: At World's End",
    num_voted_users: 471220,
    cast_total_facebook_likes: 48350,
    actor_3_name: 'Jack Davenport',
    facenumber_in_poster: 0,
    plot_keywords: 'goddess|marriage ceremony|marriage proposal|pirate|singapore',
    movie_imdb_link: 'http://www.imdb.com/title/tt0449088/?ref_=fn_tt_tt_1',
    num_user_for_reviews: 1238,
    language: 'English',
    country: 'USA',
    content_rating: 'PG-13',
    budget: 300000000,
    title_year: 1968,
    actor_2_facebook_likes: 5000,
    imdb_score: 7.1,
    aspect_ratio: 2.370591809,
    movie_facebook_likes: 0,
    'production houses': 'The Weinstein Company',
    week1: 0.323,
    week2: 4.543,
    week3: 69.805,
    week4: 2.022,
    isActive: 0,
    music: 'Lorne Balfe',
    stars: { '0': 1, '1': 1, '2': 1, '3': 1, '4': 1 }
  },
  {
    _id: 1,
    relese: '13-06-1998',
    color: '',
    director: 'James Cameron',
    critic: 723,
    duration: 178,
    director_facebook: 0,
    actor_3_facebook: 855,
    actor_2_name: 'Joel David Moore',
    actor_1_facebook_likes: 1000,
    gross: 760505847,
    genres: 'Action|Adventure|Fantasy|Sci-Fi',
    actor_1_name: 'CCH Pounder',
    movie_title: 'Avatar',
    num_voted_users: 886204,
    cast_total_facebook_likes: 4834,
    actor_3_name: 'Wes Studi',
    facenumber_in_poster: 0,
    plot_keywords: 'avatar|future|marine|native|paraplegic',
    movie_imdb_link: 'http://www.imdb.com/title/tt0499549/?ref_=fn_tt_tt_1',
    num_user_for_reviews: 3054,
    language: 'English',
    country: 'USA',
    content_rating: 'PG-13',
    budget: 237000001,
    title_year: 1998,
    actor_2_facebook_likes: 936,
    imdb_score: 7.9,
    aspect_ratio: 1.120835,
    movie_facebook_likes: 33000,
    'production houses': 'The Weinstein Company',
    week1: 28.103,
    week2: 67.888,
    week3: 37.319,
    week4: 48.732,
    isActive: 1,
    music: 'James Horner',
    stars: { '0': 0, '1': 0, '2': 1, '3': 1, '4': 1 }
  },
  {
    _id: 4,
    relese: '13-03-1977',
    color: 'Color',
    director: 'Christopher Nolan',
    critic: 813,
    duration: 164,
    director_facebook: 22000,
    actor_3_facebook: 23000,
    actor_2_name: 'Christian Bale',
    actor_1_facebook_likes: 27000,
    gross: 448130642,
    genres: 'Action|Thriller',
    actor_1_name: 'Tom Hardy',
    movie_title: 'The Dark Knight Rises',
    num_voted_users: 1144337,
    cast_total_facebook_likes: 106759,
    actor_3_name: 'Joseph Gordon-Levitt',
    facenumber_in_poster: 0,
    plot_keywords: 'deception|imprisonment|lawlessness|police officer|terrorist plot',
    movie_imdb_link: 'http://www.imdb.com/title/tt1345836/?ref_=fn_tt_tt_1',
    num_user_for_reviews: 2701,
    language: 'English',
    country: 'USA',
    content_rating: 'PG-13',
    budget: 250000000,
    title_year: 1977,
    actor_2_facebook_likes: 23000,
    imdb_score: 8.5,
    aspect_ratio: 1.178821504,
    movie_facebook_likes: 164000,
    'production houses': 'Disney',
    week1: 74.391,
    week2: 76.182,
    week3: 62.271,
    week4: 0.362,
    isActive: 1,
    music: '',
    stars: { '0': 1, '1': 1, '2': 0, '3': 0, '4': 0 }
  },
  {
    _id: 3,
    relese: '01-11-1969',
    color: 'Color',
    director: 'Sam Mendes',
    critic: 602,
    duration: 148,
    director_facebook: 0,
    actor_3_facebook: 161,
    actor_2_name: 'Rory Kinnear',
    actor_1_facebook_likes: 11000,
    gross: 200074175,
    genres: 'Action|Adventure|Thriller',
    actor_1_name: 'Christoph Waltz',
    movie_title: 'Spectre',
    num_voted_users: 275868,
    cast_total_facebook_likes: 11700,
    actor_3_name: 'Stephanie Sigman',
    facenumber_in_poster: 1,
    plot_keywords: 'bomb|espionage|sequel|spy|terrorist',
    movie_imdb_link: 'http://www.imdb.com/title/tt2379713/?ref_=fn_tt_tt_1',
    num_user_for_reviews: 994,
    language: 'English',
    country: 'UK',
    content_rating: 'PG-13',
    budget: 245000000,
    title_year: 1969,
    actor_2_facebook_likes: 393,
    imdb_score: 6.8,
    aspect_ratio: 2.022457101,
    movie_facebook_likes: 85000,
    'production houses': 'Independent',
    week1: 29.811,
    week2: 97.568,
    week3: 12.883,
    week4: 0.502,
    isActive: 0,
    music: 'Thomas Newman',
    stars: { '0': 0, '1': 0, '2': 0, '3': 1, '4': 0 }
  },
  {
    _id: 6,
    relese: '21-07-1965',
    color: 'Color',
    director: 'Andrew Stanton',
    critic: 462,
    duration: 132,
    director_facebook: 475,
    actor_3_facebook: 530,
    actor_2_name: 'Samantha Morton',
    actor_1_facebook_likes: 640,
    gross: 73058679,
    genres: 'Action|Adventure|Sci-Fi',
    actor_1_name: 'Daryl Sabara',
    movie_title: 'John Carter',
    num_voted_users: 212204,
    cast_total_facebook_likes: 1873,
    actor_3_name: 'Polly Walker',
    facenumber_in_poster: 1,
    plot_keywords: 'alien|american civil war|male nipple|mars|princess',
    movie_imdb_link: 'http://www.imdb.com/title/tt0401729/?ref_=fn_tt_tt_1',
    num_user_for_reviews: 738,
    language: 'English',
    country: 'USA',
    content_rating: 'PG-13',
    budget: 263700000,
    title_year: 1965,
    actor_2_facebook_likes: 632,
    imdb_score: 6.6,
    aspect_ratio: 2.103939087,
    movie_facebook_likes: 24000,
    'production houses': '20th Century Fox',
    week1: 94.885,
    week2: 61.663,
    week3: 64.056,
    week4: 16.328,
    isActive: 1,
    music: 'Michael Giacchino',
    stars: { '0': 1, '1': 1, '2': 1, '3': 1, '4': 1 }
  },
  {
    _id: 8,
    relese: '18-07-1971',
    color: 'Color',
    director: 'Nathan Greno',
    critic: 324,
    duration: 100,
    director_facebook: 15,
    actor_3_facebook: 284,
    actor_2_name: 'Donna Murphy',
    actor_1_facebook_likes: 799,
    gross: 200807262,
    genres: 'Adventure|Animation|Comedy|Family|Fantasy|Musical|Romance',
    actor_1_name: 'Brad Garrett',
    movie_title: 'Tangled',
    num_voted_users: 294810,
    cast_total_facebook_likes: 2036,
    actor_3_name: 'M.C. Gainey',
    facenumber_in_poster: 1,
    plot_keywords: '17th century|based on fairy tale|disney|flower|tower',
    movie_imdb_link: 'http://www.imdb.com/title/tt0398286/?ref_=fn_tt_tt_1',
    num_user_for_reviews: 387,
    language: 'English',
    country: 'USA',
    content_rating: 'PG',
    budget: 260000000,
    title_year: 1971,
    actor_2_facebook_likes: 553,
    imdb_score: 7.8,
    aspect_ratio: 2.133924229,
    movie_facebook_likes: 29000,
    'production houses': 'Independent',
    week1: 47.766,
    week2: 68.111,
    week3: 32.725,
    week4: 6.232,
    isActive: 1,
    music: 'Alan Menken',
    stars: { '0': 0, '1': 1, '2': 0, '3': 0, '4': 1 }
  },
  {
    _id: 7,
    relese: '16-05-1990',
    color: 'Color',
    director: 'Sam Raimi',
    critic: 392,
    duration: 156,
    director_facebook: 0,
    actor_3_facebook: 4000,
    actor_2_name: 'James Franco',
    actor_1_facebook_likes: 24000,
    gross: 336530303,
    genres: 'Action|Adventure|Romance',
    actor_1_name: 'J.K. Simmons',
    movie_title: 'Spider-Man 3',
    num_voted_users: 383056,
    cast_total_facebook_likes: 46055,
    actor_3_name: 'Kirsten Dunst',
    facenumber_in_poster: 0,
    plot_keywords: 'sandman|spider man|symbiote|venom|villain',
    movie_imdb_link: 'http://www.imdb.com/title/tt0413300/?ref_=fn_tt_tt_1',
    num_user_for_reviews: 1902,
    language: 'English',
    country: 'USA',
    content_rating: 'PG-13',
    budget: 258000000,
    title_year: 1990,
    actor_2_facebook_likes: 11000,
    imdb_score: 6.2,
    aspect_ratio: 2.305530641,
    movie_facebook_likes: 0,
    'production houses': 'Disney',
    week1: 49.352,
    week2: 88.384,
    week3: 43.782,
    week4: 8.155,
    isActive: 0,
    music: 'Christopher Young',
    stars: { '0': 1, '1': 0, '2': 1, '3': 1, '4': 0 }
  },
  {
    _id: 5,
    relese: '28-02-2001',
    color: '',
    director: 'Doug Walker',
    critic: '',
    duration: '',
    director_facebook: 131,
    actor_3_facebook: '',
    actor_2_name: 'Rob Walker',
    actor_1_facebook_likes: 131,
    gross: '',
    genres: 'Documentary',
    actor_1_name: 'Doug Walker',
    movie_title: 'Star Wars: Episode VII - The Force Awakens',
    num_voted_users: 8,
    cast_total_facebook_likes: 143,
    actor_3_name: '',
    facenumber_in_poster: 0,
    plot_keywords: '',
    movie_imdb_link: 'http://www.imdb.com/title/tt5289954/?ref_=fn_tt_tt_1',
    num_user_for_reviews: '',
    language: '',
    country: 'Canada',
    content_rating: '',
    budget: '',
    title_year: 2001,
    actor_2_facebook_likes: 12,
    imdb_score: 7.1,
    aspect_ratio: 1.323596068,
    movie_facebook_likes: 0,
    'production houses': 'Fox',
    week1: 50.864,
    week2: 79.767,
    week3: 25.178,
    week4: 39.018,
    isActive: 1,
    music: 'John Williams',
    stars: { '0': 1, '1': 1, '2': 0, '3': 0, '4': 1 }
  },
  {
    _id: 9,
    relese: '15-05-1976',
    color: 'Color',
    director: 'Joss Whedon',
    critic: 635,
    duration: 141,
    director_facebook: 0,
    actor_3_facebook: 19000,
    actor_2_name: 'Robert Downey Jr.',
    actor_1_facebook_likes: 26000,
    gross: 458991599,
    genres: 'Action|Adventure|Sci-Fi',
    actor_1_name: 'Chris Hemsworth',
    movie_title: 'Avengers: Age of Ultron',
    num_voted_users: 462669,
    cast_total_facebook_likes: 92000,
    actor_3_name: 'Scarlett Johansson',
    facenumber_in_poster: 4,
    plot_keywords: 'artificial intelligence|based on comic book|captain america|marvel cinematic universe|superhero',
    movie_imdb_link: 'http://www.imdb.com/title/tt2395427/?ref_=fn_tt_tt_1',
    num_user_for_reviews: 1117,
    language: 'English',
    country: 'USA',
    content_rating: 'PG-13',
    budget: 250000000,
    title_year: 1976,
    actor_2_facebook_likes: 21000,
    imdb_score: 7.5,
    aspect_ratio: 1.877056704,
    movie_facebook_likes: 118000,
    'production houses': 'Independent',
    week1: 61.289,
    week2: 33.403,
    week3: 38.954,
    week4: 22.222,
    isActive: 1,
    music: 'Brian Tyler',
    stars: { '0': 1, '1': 0, '2': 0, '3': 1, '4': 1 }
  },
  {
    _id: 11,
    relese: '23-09-1982',
    color: 'Color',
    director: 'Zack Snyder',
    critic: 673,
    duration: 183,
    director_facebook: 0,
    actor_3_facebook: 2000,
    actor_2_name: 'Lauren Cohan',
    actor_1_facebook_likes: 15000,
    gross: 330249062,
    genres: 'Action|Adventure|Sci-Fi',
    actor_1_name: 'Henry Cavill',
    movie_title: 'Batman v Superman: Dawn of Justice',
    num_voted_users: 371639,
    cast_total_facebook_likes: 24450,
    actor_3_name: 'Alan D. Purwin',
    facenumber_in_poster: 0,
    plot_keywords: 'based on comic book|batman|sequel to a reboot|superhero|superman',
    movie_imdb_link: 'http://www.imdb.com/title/tt2975590/?ref_=fn_tt_tt_1',
    num_user_for_reviews: 3018,
    language: 'English',
    country: 'USA',
    content_rating: 'PG-13',
    budget: 250000000,
    title_year: 1982,
    actor_2_facebook_likes: 4000,
    imdb_score: 6.9,
    aspect_ratio: 2.40581849,
    movie_facebook_likes: 197000,
    'production houses': 'Independent',
    week1: 30.245,
    week2: 8.061,
    week3: 51.964,
    week4: 3.523,
    isActive: 0,
    music: 'WaterTower',
    stars: { '0': 0, '1': 1, '2': 1, '3': 0, '4': 1 }
  },
  {
    _id: 12,
    relese: '01-09-2005',
    color: 'Color',
    director: 'Bryan Singer',
    critic: 434,
    duration: 169,
    director_facebook: 0,
    actor_3_facebook: 903,
    actor_2_name: 'Marlon Brando',
    actor_1_facebook_likes: 18000,
    gross: 200069408,
    genres: 'Action|Adventure|Sci-Fi',
    actor_1_name: 'Kevin Spacey',
    movie_title: 'Superman Returns',
    num_voted_users: 240396,
    cast_total_facebook_likes: 29991,
    actor_3_name: 'Frank Langella',
    facenumber_in_poster: 0,
    plot_keywords: 'crystal|epic|lex luthor|lois lane|return to earth',
    movie_imdb_link: 'http://www.imdb.com/title/tt0348150/?ref_=fn_tt_tt_1',
    num_user_for_reviews: 2367,
    language: 'English',
    country: 'USA',
    content_rating: 'PG-13',
    budget: 209000000,
    title_year: 2005,
    actor_2_facebook_likes: 10000,
    imdb_score: 6.1,
    aspect_ratio: 2.50176606,
    movie_facebook_likes: 0,
    'production houses': 'Independent',
    week1: 83.261,
    week2: 0.707,
    week3: 3.825,
    week4: 5.379,
    isActive: 1,
    music: 'John Williams',
    stars: { '0': 0, '1': 0, '2': 1, '3': 1, '4': 1 }
  },
  {
    _id: 10,
    relese: '05-06-1964',
    color: 'Color',
    director: 'David Yates',
    critic: 375,
    duration: 153,
    director_facebook: 282,
    actor_3_facebook: 10000,
    actor_2_name: 'Daniel Radcliffe',
    actor_1_facebook_likes: 25000,
    gross: 301956980,
    genres: 'Adventure|Family|Fantasy|Mystery',
    actor_1_name: 'Alan Rickman',
    movie_title: 'Harry Potter and the Half-Blood Prince',
    num_voted_users: 321795,
    cast_total_facebook_likes: 58753,
    actor_3_name: 'Rupert Grint',
    facenumber_in_poster: 3,
    plot_keywords: 'blood|book|love|potion|professor',
    movie_imdb_link: 'http://www.imdb.com/title/tt0417741/?ref_=fn_tt_tt_1',
    num_user_for_reviews: 973,
    language: 'English',
    country: 'UK',
    content_rating: 'PG',
    budget: 250000000,
    title_year: 1964,
    actor_2_facebook_likes: 11000,
    imdb_score: 7.5,
    aspect_ratio: 1.206639454,
    movie_facebook_likes: 10000,
    'production houses': 'Warner Bros.',
    week1: 0.062,
    week2: 89.447,
    week3: 53.728,
    week4: 21.924,
    isActive: 1,
    music: 'Nicholas Hooper',
    stars: { '0': 0, '1': 0, '2': 1, '3': 0, '4': 1 }
  },
  {
    _id: 13,
    relese: '25-05-1984',
    color: 'Color',
    director: 'Marc Forster',
    critic: 403,
    duration: 106,
    director_facebook: 395,
    actor_3_facebook: 393,
    actor_2_name: 'Mathieu Amalric',
    actor_1_facebook_likes: 451,
    gross: 168368427,
    genres: 'Action|Adventure',
    actor_1_name: 'Giancarlo Giannini',
    movie_title: 'Quantum of Solace',
    num_voted_users: 330784,
    cast_total_facebook_likes: 2023,
    actor_3_name: 'Rory Kinnear',
    facenumber_in_poster: 1,
    plot_keywords: 'action hero|attempted rape|bond girl|official james bond series|revenge',
    movie_imdb_link: 'http://www.imdb.com/title/tt0830515/?ref_=fn_tt_tt_1',
    num_user_for_reviews: 1243,
    language: 'English',
    country: 'UK',
    content_rating: 'PG-13',
    budget: 200000000,
    title_year: 1984,
    actor_2_facebook_likes: 412,
    imdb_score: 6.7,
    aspect_ratio: 2.921944859,
    movie_facebook_likes: 0,
    'production houses': 'Summit',
    week1: 65.496,
    week2: 81.995,
    week3: 45.36,
    week4: 36.368,
    isActive: 1,
    music: 'David Arnold',
    stars: { '0': 0, '1': 1, '2': 0, '3': 1, '4': 0 }
  },
  {
    _id: 14,
    relese: '14-02-1988',
    color: 'Color',
    director: 'Gore Verbinski',
    critic: 313,
    duration: 151,
    director_facebook: 563,
    actor_3_facebook: 1000,
    actor_2_name: 'Orlando Bloom',
    actor_1_facebook_likes: 40000,
    gross: 423032628,
    genres: 'Action|Adventure|Fantasy',
    actor_1_name: 'Johnny Depp',
    movie_title: "Pirates of the Caribbean: Dead Man's Chest",
    num_voted_users: 522040,
    cast_total_facebook_likes: 48486,
    actor_3_name: 'Jack Davenport',
    facenumber_in_poster: 2,
    plot_keywords: "box office hit|giant squid|heart|liar's dice|monster",
    movie_imdb_link: 'http://www.imdb.com/title/tt0383574/?ref_=fn_tt_tt_1',
    num_user_for_reviews: 1832,
    language: 'English',
    country: 'USA',
    content_rating: 'PG-13',
    budget: 225000000,
    title_year: 1988,
    actor_2_facebook_likes: 5000,
    imdb_score: 7.3,
    aspect_ratio: 2.516786459,
    movie_facebook_likes: 5000,
    'production houses': 'Independent',
    week1: 58.51,
    week2: 87.556,
    week3: 0.803,
    week4: 2.497,
    isActive: 1,
    music: 'Hans Zimmer',
    stars: { '0': 1, '1': 0, '2': 0, '3': 0, '4': 1 }
  },
  {
    _id: 15,
    relese: '07-06-1980',
    color: '',
    director: 'Gore Verbinski',
    critic: '',
    duration: 150,
    director_facebook: 563,
    actor_3_facebook: 1000,
    actor_2_name: 'Ruth Wilson',
    actor_1_facebook_likes: 40000,
    gross: 89289910,
    genres: 'Action|Adventure|Western',
    actor_1_name: 'Johnny Depp',
    movie_title: 'The Lone Ranger',
    num_voted_users: 181792,
    cast_total_facebook_likes: 45757,
    actor_3_name: 'Tom Wilkinson',
    facenumber_in_poster: 1,
    plot_keywords: 'horse|outlaw|texas|texas ranger|train',
    movie_imdb_link: 'http://www.imdb.com/title/tt1210819/?ref_=fn_tt_tt_1',
    num_user_for_reviews: 711,
    language: 'English',
    country: 'USA',
    content_rating: 'PG-13',
    budget: 215000000,
    title_year: 1980,
    actor_2_facebook_likes: 2000,
    imdb_score: 6.5,
    aspect_ratio: 2.049508332,
    movie_facebook_likes: 48000,
    'production houses': 'Summit',
    week1: 105.768,
    week2: 44.445,
    week3: 74.777,
    week4: 38.381,
    isActive: 0,
    music: 'Hans Zimmer',
    stars: { '0': 0, '1': 0, '2': 0, '3': 1, '4': 1 }
  },
  {
    _id: 16,
    relese: '04-08-1998',
    color: 'Color',
    director: 'Zack Snyder',
    critic: 733,
    duration: 143,
    director_facebook: 0,
    actor_3_facebook: 748,
    actor_2_name: 'Christopher Meloni',
    actor_1_facebook_likes: 15000,
    gross: 291021565,
    genres: 'Action|Adventure|Fantasy|Sci-Fi',
    actor_1_name: 'Henry Cavill',
    movie_title: 'Man of Steel',
    num_voted_users: 548573,
    cast_total_facebook_likes: 20495,
    actor_3_name: 'Harry Lennix',
    facenumber_in_poster: 0,
    plot_keywords: 'based on comic book|british actor playing american character|final battle|origin of hero|reboot',
    movie_imdb_link: 'http://www.imdb.com/title/tt0770828/?ref_=fn_tt_tt_1',
    num_user_for_reviews: 2536,
    language: 'English',
    country: 'USA',
    content_rating: 'PG-13',
    budget: 225000000,
    title_year: 1998,
    actor_2_facebook_likes: 3000,
    imdb_score: 7.2,
    aspect_ratio: 2.269864721,
    movie_facebook_likes: 118000,
    'production houses': 'Paramount',
    week1: 88.024,
    week2: 15.52,
    week3: 19.095,
    week4: 36.016,
    isActive: 0,
    music: 'Hans Zimmer',
    stars: { '0': 1, '1': 1, '2': 1, '3': 1, '4': 1 }
  },
  {
    _id: 17,
    relese: '15-08-1998',
    color: 'Color',
    director: 'Andrew Adamson',
    critic: 258,
    duration: 150,
    director_facebook: 80,
    actor_3_facebook: 201,
    actor_2_name: 'Pierfrancesco Favino',
    actor_1_facebook_likes: 22000,
    gross: 141614023,
    genres: 'Action|Adventure|Family|Fantasy',
    actor_1_name: 'Peter Dinklage',
    movie_title: 'The Chronicles of Narnia: Prince Caspian',
    num_voted_users: 149922,
    cast_total_facebook_likes: 22697,
    actor_3_name: 'Dami치n Alc치zar',
    facenumber_in_poster: 4,
    plot_keywords: 'brother brother relationship|brother sister relationship|good versus evil|king|narnia',
    movie_imdb_link: 'http://www.imdb.com/title/tt0499448/?ref_=fn_tt_tt_1',
    num_user_for_reviews: 438,
    language: 'English',
    country: 'USA',
    content_rating: 'PG',
    budget: 225000000,
    title_year: 1998,
    actor_2_facebook_likes: 216,
    imdb_score: 6.6,
    aspect_ratio: 1.720342257,
    movie_facebook_likes: 0,
    'production houses': 'Disney',
    week1: 98.365,
    week2: 44.405,
    week3: 35.247,
    week4: 26.151,
    isActive: 1,
    music: 'Harry Gregson-Williams',
    stars: { '0': 1, '1': 1, '2': 0, '3': 0, '4': 1 }
  },
  {
    _id: 18,
    relese: '01-06-1991',
    color: 'Color',
    director: 'Joss Whedon',
    critic: 703,
    duration: 173,
    director_facebook: 0,
    actor_3_facebook: 19000,
    actor_2_name: 'Robert Downey Jr.',
    actor_1_facebook_likes: 26000,
    gross: 623279547,
    genres: 'Action|Adventure|Sci-Fi',
    actor_1_name: 'Chris Hemsworth',
    movie_title: 'The Avengers',
    num_voted_users: 995415,
    cast_total_facebook_likes: 87697,
    actor_3_name: 'Scarlett Johansson',
    facenumber_in_poster: 3,
    plot_keywords: 'alien invasion|assassin|battle|iron man|soldier',
    movie_imdb_link: 'http://www.imdb.com/title/tt0848228/?ref_=fn_tt_tt_1',
    num_user_for_reviews: 1722,
    language: 'English',
    country: 'USA',
    content_rating: 'PG-13',
    budget: 220000000,
    title_year: 1991,
    actor_2_facebook_likes: 21000,
    imdb_score: 8.1,
    aspect_ratio: 1.014251209,
    movie_facebook_likes: 123000,
    'production houses': 'Warner Bros.',
    week1: 90.384,
    week2: 55.017,
    week3: 72.602,
    week4: 31.011,
    isActive: 1,
    music: 'Alan Silvestri',
    stars: { '0': 0, '1': 0, '2': 1, '3': 1, '4': 1 }
  },
  {
    _id: 19,
    relese: '11-12-1987',
    color: 'Color',
    director: 'Rob Marshall',
    critic: 448,
    duration: 136,
    director_facebook: 252,
    actor_3_facebook: 1000,
    actor_2_name: 'Sam Claflin',
    actor_1_facebook_likes: 40000,
    gross: 241063875,
    genres: 'Action|Adventure|Fantasy',
    actor_1_name: 'Johnny Depp',
    movie_title: 'Pirates of the Caribbean: On Stranger Tides',
    num_voted_users: 370704,
    cast_total_facebook_likes: 54083,
    actor_3_name: 'Stephen Graham',
    facenumber_in_poster: 4,
    plot_keywords: 'blackbeard|captain|pirate|revenge|soldier',
    movie_imdb_link: 'http://www.imdb.com/title/tt1298650/?ref_=fn_tt_tt_1',
    num_user_for_reviews: 484,
    language: 'English',
    country: 'USA',
    content_rating: 'PG-13',
    budget: 250000000,
    title_year: 1987,
    actor_2_facebook_likes: 11000,
    imdb_score: 6.7,
    aspect_ratio: 1.829249773,
    movie_facebook_likes: 58000,
    'production houses': 'Paramount',
    week1: 74.747,
    week2: 53.769,
    week3: 10.221,
    week4: 37.365,
    isActive: 1,
    music: 'Hans Zimmer',
    stars: { '0': 1, '1': 0, '2': 0, '3': 1, '4': 0 }
  },
  {
    _id: 20,
    relese: '01-01-1966',
    color: 'Color',
    director: 'Barry Sonnenfeld',
    critic: 451,
    duration: 106,
    director_facebook: 188,
    actor_3_facebook: 718,
    actor_2_name: 'Michael Stuhlbarg',
    actor_1_facebook_likes: 10000,
    gross: 179020854,
    genres: 'Action|Adventure|Comedy|Family|Fantasy|Sci-Fi',
    actor_1_name: 'Will Smith',
    movie_title: 'Men in Black 3',
    num_voted_users: 268154,
    cast_total_facebook_likes: 12572,
    actor_3_name: 'Nicole Scherzinger',
    facenumber_in_poster: 1,
    plot_keywords: 'alien|criminal|m.i.b.|maximum security prison|prison',
    movie_imdb_link: 'http://www.imdb.com/title/tt1409024/?ref_=fn_tt_tt_1',
    num_user_for_reviews: 341,
    language: 'English',
    country: 'USA',
    content_rating: 'PG-13',
    budget: 225000000,
    title_year: 1966,
    actor_2_facebook_likes: 816,
    imdb_score: 6.8,
    aspect_ratio: 2.022072222,
    movie_facebook_likes: 40000,
    'production houses': 'Paramount',
    week1: 32.77,
    week2: 76.435,
    week3: 71.695,
    week4: 4.399,
    isActive: 0,
    music: 'Danny Elfman',
    stars: { '0': 1, '1': 1, '2': 1, '3': 0, '4': 1 }
  }
]
Type "it" for more
Enterprise db1> edit db.movies.find({},{});
Opening an editor...

Enterprise db1> edit db.movies.find({}, {});
Opening an editor...

Enterprise db1> db.movies.find({}, { movie_tiele: true, color: true, director: true, genres: 1, langulanguage: 10 });
[
  {
    _id: 2,
    color: 'Color',
    director: 'Gore Verbinski',
    genres: 'Action|Adventure|Fantasy',
    language: 'English'
  },
  {
    _id: 1,
    color: '',
    director: 'James Cameron',
    genres: 'Action|Adventure|Fantasy|Sci-Fi',
    language: 'English'
  },
  {
    _id: 4,
    color: 'Color',
    director: 'Christopher Nolan',
    genres: 'Action|Thriller',
    language: 'English'
  },
  {
    _id: 3,
    color: 'Color',
    director: 'Sam Mendes',
    genres: 'Action|Adventure|Thriller',
    language: 'English'
  },
  {
    _id: 6,
    color: 'Color',
    director: 'Andrew Stanton',
    genres: 'Action|Adventure|Sci-Fi',
    language: 'English'
  },
  {
    _id: 8,
    color: 'Color',
    director: 'Nathan Greno',
    genres: 'Adventure|Animation|Comedy|Family|Fantasy|Musical|Romance',
    language: 'English'
  },
  {
    _id: 7,
    color: 'Color',
    director: 'Sam Raimi',
    genres: 'Action|Adventure|Romance',
    language: 'English'
  },
  {
    _id: 5,
    color: '',
    director: 'Doug Walker',
    genres: 'Documentary',
    language: ''
  },
  {
    _id: 9,
    color: 'Color',
    director: 'Joss Whedon',
    genres: 'Action|Adventure|Sci-Fi',
    language: 'English'
  },
  {
    _id: 11,
    color: 'Color',
    director: 'Zack Snyder',
    genres: 'Action|Adventure|Sci-Fi',
    language: 'English'
  },
  {
    _id: 12,
    color: 'Color',
    director: 'Bryan Singer',
    genres: 'Action|Adventure|Sci-Fi',
    language: 'English'
  },
  {
    _id: 10,
    color: 'Color',
    director: 'David Yates',
    genres: 'Adventure|Family|Fantasy|Mystery',
    language: 'English'
  },
  {
    _id: 13,
    color: 'Color',
    director: 'Marc Forster',
    genres: 'Action|Adventure',
    language: 'English'
  },
  {
    _id: 14,
    color: 'Color',
    director: 'Gore Verbinski',
    genres: 'Action|Adventure|Fantasy',
    language: 'English'
  },
  {
    _id: 15,
    color: '',
    director: 'Gore Verbinski',
    genres: 'Action|Adventure|Western',
    language: 'English'
  },
  {
    _id: 16,
    color: 'Color',
    director: 'Zack Snyder',
    genres: 'Action|Adventure|Fantasy|Sci-Fi',
    language: 'English'
  },
  {
    _id: 17,
    color: 'Color',
    director: 'Andrew Adamson',
    genres: 'Action|Adventure|Family|Fantasy',
    language: 'English'
  },
  {
    _id: 18,
    color: 'Color',
    director: 'Joss Whedon',
    genres: 'Action|Adventure|Sci-Fi',
    language: 'English'
  },
  {
    _id: 19,
    color: 'Color',
    director: 'Rob Marshall',
    genres: 'Action|Adventure|Fantasy',
    language: 'English'
  },
  {
    _id: 20,
    color: 'Color',
    director: 'Barry Sonnenfeld',
    genres: 'Action|Adventure|Comedy|Family|Fantasy|Sci-Fi',
    language: 'English'
  }
]
Type "it" for more
Enterprise db1> db.movies.find({}, { movie_title: true, color: true, director: true, genres: 1, language: 10 });
[
  {
    _id: 2,
    color: 'Color',
    director: 'Gore Verbinski',
    genres: 'Action|Adventure|Fantasy',
    movie_title: "Pirates of the Caribbean: At World's End",
    language: 'English'
  },
  {
    _id: 1,
    color: '',
    director: 'James Cameron',
    genres: 'Action|Adventure|Fantasy|Sci-Fi',
    movie_title: 'Avatar',
    language: 'English'
  },
  {
    _id: 4,
    color: 'Color',
    director: 'Christopher Nolan',
    genres: 'Action|Thriller',
    movie_title: 'The Dark Knight Rises',
    language: 'English'
  },
  {
    _id: 3,
    color: 'Color',
    director: 'Sam Mendes',
    genres: 'Action|Adventure|Thriller',
    movie_title: 'Spectre',
    language: 'English'
  },
  {
    _id: 6,
    color: 'Color',
    director: 'Andrew Stanton',
    genres: 'Action|Adventure|Sci-Fi',
    movie_title: 'John Carter',
    language: 'English'
  },
  {
    _id: 8,
    color: 'Color',
    director: 'Nathan Greno',
    genres: 'Adventure|Animation|Comedy|Family|Fantasy|Musical|Romance',
    movie_title: 'Tangled',
    language: 'English'
  },
  {
    _id: 7,
    color: 'Color',
    director: 'Sam Raimi',
    genres: 'Action|Adventure|Romance',
    movie_title: 'Spider-Man 3',
    language: 'English'
  },
  {
    _id: 5,
    color: '',
    director: 'Doug Walker',
    genres: 'Documentary',
    movie_title: 'Star Wars: Episode VII - The Force Awakens',
    language: ''
  },
  {
    _id: 9,
    color: 'Color',
    director: 'Joss Whedon',
    genres: 'Action|Adventure|Sci-Fi',
    movie_title: 'Avengers: Age of Ultron',
    language: 'English'
  },
  {
    _id: 11,
    color: 'Color',
    director: 'Zack Snyder',
    genres: 'Action|Adventure|Sci-Fi',
    movie_title: 'Batman v Superman: Dawn of Justice',
    language: 'English'
  },
  {
    _id: 12,
    color: 'Color',
    director: 'Bryan Singer',
    genres: 'Action|Adventure|Sci-Fi',
    movie_title: 'Superman Returns',
    language: 'English'
  },
  {
    _id: 10,
    color: 'Color',
    director: 'David Yates',
    genres: 'Adventure|Family|Fantasy|Mystery',
    movie_title: 'Harry Potter and the Half-Blood Prince',
    language: 'English'
  },
  {
    _id: 13,
    color: 'Color',
    director: 'Marc Forster',
    genres: 'Action|Adventure',
    movie_title: 'Quantum of Solace',
    language: 'English'
  },
  {
    _id: 14,
    color: 'Color',
    director: 'Gore Verbinski',
    genres: 'Action|Adventure|Fantasy',
    movie_title: "Pirates of the Caribbean: Dead Man's Chest",
    language: 'English'
  },
  {
    _id: 15,
    color: '',
    director: 'Gore Verbinski',
    genres: 'Action|Adventure|Western',
    movie_title: 'The Lone Ranger',
    language: 'English'
  },
  {
    _id: 16,
    color: 'Color',
    director: 'Zack Snyder',
    genres: 'Action|Adventure|Fantasy|Sci-Fi',
    movie_title: 'Man of Steel',
    language: 'English'
  },
  {
    _id: 17,
    color: 'Color',
    director: 'Andrew Adamson',
    genres: 'Action|Adventure|Family|Fantasy',
    movie_title: 'The Chronicles of Narnia: Prince Caspian',
    language: 'English'
  },
  {
    _id: 18,
    color: 'Color',
    director: 'Joss Whedon',
    genres: 'Action|Adventure|Sci-Fi',
    movie_title: 'The Avengers',
    language: 'English'
  },
  {
    _id: 19,
    color: 'Color',
    director: 'Rob Marshall',
    genres: 'Action|Adventure|Fantasy',
    movie_title: 'Pirates of the Caribbean: On Stranger Tides',
    language: 'English'
  },
  {
    _id: 20,
    color: 'Color',
    director: 'Barry Sonnenfeld',
    genres: 'Action|Adventure|Comedy|Family|Fantasy|Sci-Fi',
    movie_title: 'Men in Black 3',
    language: 'English'
  }
]
Type "it" for more
Enterprise db1> edit db.movies.find({}, { movie_title: true, color: true, director: true, genres: 1, language: 10 });
Opening an editor...

Enterprise db1> db.emp.find({}, { ename: true, job: 1, sal: true });
[
  {
    _id: ObjectId('6917eb37b74a6ee16f4e40dc'),
    ename: 'jack',
    job: 'accountant',
    sal: 2700
  },
  {
    _id: ObjectId('6917eb37b74a6ee16f4e40dd'),
    ename: 'crow',
    job: 'salesman',
    sal: 3200
  },
  {
    _id: ObjectId('6917eb37b74a6ee16f4e40de'),
    ename: 'blake',
    job: 'clerk',
    sal: 1200
  },
  {
    _id: ObjectId('6917eb37b74a6ee16f4e40df'),
    ename: 'richards',
    job: 'clerk',
    sal: 1500
  },
  {
    _id: ObjectId('6917eb37b74a6ee16f4e40e0'),
    ename: 'king',
    job: 'president',
    sal: 5000
  },
  {
    _id: ObjectId('6917eb37b74a6ee16f4e40e1'),
    ename: 'peter',
    job: 'analyst',
    sal: 3500
  },
  {
    _id: ObjectId('6917eb37b74a6ee16f4e40e2'),
    ename: 'bob',
    job: 'manager',
    sal: 4900
  },
  {
    _id: ObjectId('6917eb37b74a6ee16f4e40e3'),
    ename: 'saleel',
    job: 'programmer',
    sal: 2900
  },
  {
    _id: ObjectId('6917eb37b74a6ee16f4e40e4'),
    ename: 'sharmin',
    job: 'programmer',
    sal: 4999
  },
  {
    _id: ObjectId('6917eb37b74a6ee16f4e40e5'),
    ename: 'vasant',
    job: 'salesman',
    sal: 2200
  },
  {
    _id: ObjectId('6917eb37b74a6ee16f4e40e6'),
    ename: 'vasu',
    job: 'salesman',
    sal: 2200
  },
  {
    _id: ObjectId('6917eb37b74a6ee16f4e40e7'),
    ename: 'vrushali',
    job: 'analyst',
    sal: 4999
  },
  {
    _id: ObjectId('6917eb37b74a6ee16f4e40e8'),
    ename: 'rahul',
    job: 'clerk',
    sal: 1200
  },
  {
    _id: ObjectId('6917eb37b74a6ee16f4e40e9'),
    ename: 'smith',
    job: 'manager',
    sal: 3400
  },
  {
    _id: ObjectId('6917eb37b74a6ee16f4e40ea'),
    ename: 'raju',
    job: 'administrator',
    sal: 3400
  },
  {
    _id: ObjectId('6917eb37b74a6ee16f4e40eb'),
    ename: 'martin',
    job: 'salesman',
    sal: 2900
  },
  {
    _id: ObjectId('6917eb37b74a6ee16f4e40ec'),
    ename: 'scott',
    job: 'salesman',
    sal: 2500
  },
  {
    _id: ObjectId('6917eb37b74a6ee16f4e40ed'),
    ename: 'ramu',
    job: 'clerk',
    sal: 1400
  },
  {
    _id: ObjectId('6917eb37b74a6ee16f4e40ee'),
    ename: 'james',
    job: 'manager',
    sal: 4700
  },
  {
    _id: ObjectId('6917eb37b74a6ee16f4e40ef'),
    ename: 'neel',
    job: 'administrator',
    sal: 4200
  }
]
Type "it" for more
Enterprise db1> edit
Opening an editor...

Enterprise db1> db.emp.find({}, { _id: false, ename: true, job: 1, sal: true });
[
  { ename: 'jack', job: 'accountant', sal: 2700 },
  { ename: 'crow', job: 'salesman', sal: 3200 },
  { ename: 'blake', job: 'clerk', sal: 1200 },
  { ename: 'richards', job: 'clerk', sal: 1500 },
  { ename: 'king', job: 'president', sal: 5000 },
  { ename: 'peter', job: 'analyst', sal: 3500 },
  { ename: 'bob', job: 'manager', sal: 4900 },
  { ename: 'saleel', job: 'programmer', sal: 2900 },
  { ename: 'sharmin', job: 'programmer', sal: 4999 },
  { ename: 'vasant', job: 'salesman', sal: 2200 },
  { ename: 'vasu', job: 'salesman', sal: 2200 },
  { ename: 'vrushali', job: 'analyst', sal: 4999 },
  { ename: 'rahul', job: 'clerk', sal: 1200 },
  { ename: 'smith', job: 'manager', sal: 3400 },
  { ename: 'raju', job: 'administrator', sal: 3400 },
  { ename: 'martin', job: 'salesman', sal: 2900 },
  { ename: 'scott', job: 'salesman', sal: 2500 },
  { ename: 'ramu', job: 'clerk', sal: 1400 },
  { ename: 'james', job: 'manager', sal: 4700 },
  { ename: 'neel', job: 'administrator', sal: 4200 }
]
Type "it" for more
Enterprise db1> edit db.emp.find({}, { _id: false, ename: true, job: 1, sal: true });
Opening an editor...

Enterprise db1> db.emp.find({}, { _id: false, ename: true, job: 1, sal: true }).sort({ ename: 1 });
[
  { ename: 'Emily', job: 'WEB Programmer', sal: 7600 },
  { ename: 'Emma', job: 'salesman', sal: 7000 },
  { ename: 'Emma', job: 'WEB Programmer', sal: 7700 },
  { ename: 'Mia', job: 'WEB Programmer', sal: 9500 },
  { ename: 'Olivia', job: 'WEB Programmer', sal: 9000 },
  { ename: 'aditi', job: 'WEB Programmer', sal: 5700 },
  { ename: 'amit', job: 'administrator', sal: 3500 },
  { ename: 'amit', job: 'administrator', sal: 3500 },
  { ename: 'amol', job: 'auditor', sal: 3800 },
  { ename: 'anoop', job: 'programmer', sal: 2300 },
  { ename: 'arjun', job: 'auditor', sal: 3200 },
  { ename: 'bandish', job: 'WEB Programmer', sal: 7000 },
  { ename: 'blake', job: 'clerk', sal: 1200 },
  { ename: 'bob', job: 'manager', sal: 4900 },
  { ename: 'crow', job: 'salesman', sal: 3200 },
  { ename: 'dinesh', job: 'programmer', sal: 3500 },
  { ename: 'dinesh', job: 'programmer', sal: 3500 },
  { ename: 'gita', job: 'writer', sal: 2150 },
  { ename: 'jack', job: 'accountant', sal: 2700 },
  { ename: 'james', job: 'manager', sal: 4700 }
]
Type "it" for more
Enterprise db1> edit db.emp.find({}, { _id: false, ename: true, job: 1, sal: true }).sort({ ename: 1 });
Opening an editor...

Enterprise db1> db.emp.find({}, { _id: false, ename: true, job: 1, sal: true }).sort({ ename: -1 });
[
  { ename: 'zara', job: 'WEB Programmer', sal: 3700 },
  { ename: 'vrushali', job: 'analyst', sal: 4999 },
  { ename: 'vasu', job: 'salesman', sal: 2200 },
  { ename: 'vasant', job: 'salesman', sal: 2200 },
  { ename: 'tanvi', job: 'WEB Programmer', sal: 5700 },
  { ename: 'supriya', job: 'Computer Programmer', sal: 3500 },
  { ename: 'snehal', job: 'salesman', sal: 2500 },
  { ename: 'smith', job: 'manager', sal: 3400 },
  { ename: 'sita', job: 'writer', sal: 3755 },
  { ename: 'sharmin', job: 'programmer', sal: 4999 },
  { ename: 'scott', job: 'salesman', sal: 2500 },
  { ename: 'sangu', job: 'Computer Programmer', sal: 6000 },
  { ename: 'sangita', job: 'auditor', sal: 3100 },
  { ename: 'saleel', job: 'programmer', sal: 2900 },
  { ename: 'saleel', job: 'analyst', sal: 3700 },
  { ename: 'rupal', job: 'WEB Programmer', sal: 6500 },
  { ename: 'rudra', job: 'programmer', sal: 2400 },
  { ename: 'roselin', job: 'Computer Programmer', sal: 800 },
  { ename: 'richards', job: 'clerk', sal: 1500 },
  { ename: 'ramu', job: 'clerk', sal: 1400 }
]
Type "it" for more
Enterprise db1> edit
Opening an editor...

Enterprise db1> db.emp.find({ job: 'manager' }, { _id: false, ename: true, job: 1, sal: true });
[
  { ename: 'bob', job: 'manager', sal: 4900 },
  { ename: 'smith', job: 'manager', sal: 3400 },
  { ename: 'james', job: 'manager', sal: 4700 }
]
Enterprise db1> edit db.emp.find({ job: 'manager' });
Opening an editor...

Enterprise db1> db.emp.find({ job: 'manager' });
[
  {
    _id: ObjectId('6917eb37b74a6ee16f4e40e2'),
    empid: 1029,
    ename: 'bob',
    address: {
      building: '2300',
      coord: [ -73.8786113, 40.8502883 ],
      street: 'Southern Boulevard',
      zipcode: '10460'
    },
    isDocActive: false,
    gender: 'male',
    canVote: true,
    canDrive: true,
    color: [ 'Copper' ],
    fruit: [],
    cards: [
      { aadhar: { 'aadhar-No': '73122', isActive: true } },
      { PAN: { 'PAN-No': 'Kinj093', isActive: false } },
      { voter: { voterID: 'Ind03o3', isActive: true } },
      {
        licence: {
          'licence-No': 'LMV9478',
          issueDate: '2020-01-01',
          expireDate: '2040-01-01',
          isActive: true
        }
      }
    ],
    job: 'manager',
    mgr: 1020,
    hiredate: ISODate('1980-12-17T00:00:00.000Z'),
    sal: 4900,
    comm: null,
    deptno: 30
  },
  {
    _id: ObjectId('6917eb37b74a6ee16f4e40e9'),
    empid: 1021,
    ename: 'smith',
    address: {
      building: '469',
      coord: [ -73.961704, 40.662942 ],
      street: 'Flatbush Avenue',
      zipcode: '11225'
    },
    isDocActive: false,
    gender: 'male',
    canVote: true,
    canDrive: true,
    color: [ 'red', 'cyan', 'gray' ],
    fruit: [ 'grapes', 'Orange' ],
    cards: [
      {
        licence: {
          'licence-No': 'LMV9478',
          issueDate: '2020-01-01',
          expireDate: '2040-01-01',
          isActive: true
        }
      },
      { PAN: { 'PAN-No': 'smh838', isActive: false } },
      { voter: { voterID: 'Ind03o3', isActive: true } },
      { aadhar: { 'aadhar-No': '43564', isActive: true } }
    ],
    job: 'manager',
    mgr: 1020,
    hiredate: ISODate('1981-05-01T00:00:00.000Z'),
    sal: 3400,
    comm: null,
    deptno: 10
  },
  {
    _id: ObjectId('6917eb37b74a6ee16f4e40ee'),
    empid: 1022,
    ename: 'james',
    address: {
      building: '351',
      coord: [ -73.98513559999999, 40.7676919 ],
      street: 'West   57 Street',
      zipcode: '10019'
    },
    isDocActive: true,
    gender: 'male',
    canVote: true,
    canDrive: true,
    color: [ 'Red', 'Blue', 'Green', 'Yellow' ],
    fruit: [ 'Indian Fig' ],
    cards: [
      { PAN: { 'PAN-No': 'Kinj093', isActive: false } },
      { aadhar: { 'aadhar-No': '73826', isActive: true } },
      { voter: { voterID: 'Ind03o3', isActive: true } },
      {
        licence: {
          'licence-No': 'LMV9478',
          issueDate: '2020-01-01',
          expireDate: '2040-01-01',
          isActive: true
        }
      }
    ],
    job: 'manager',
    mgr: 1020,
    hiredate: ISODate('1981-07-09T00:00:00.000Z'),
    sal: 4700,
    comm: null,
    deptno: 20
  }
]
Enterprise db1> db.emp.find({ job: 'salesman' }, { _id: false, ename: true, job: 1, sal: true });

[
  { ename: 'crow', job: 'salesman', sal: 3200 },
  { ename: 'vasant', job: 'salesman', sal: 2200 },
  { ename: 'vasu', job: 'salesman', sal: 2200 },
  { ename: 'martin', job: 'salesman', sal: 2900 },
  { ename: 'scott', job: 'salesman', sal: 2500 },
  { ename: 'madhavi', job: 'salesman', sal: 6900 },
  { ename: 'neeraj', job: 'salesman', sal: 7700 },
  { ename: 'Emma', job: 'salesman', sal: 7000 },
  { ename: 'snehal', job: 'salesman', sal: 2500 }
]
Enterprise db1> db.emp.find({ job: 'salesman' }, { _id: false, ename: true, job: 1, sal: true }).count();
9
Enterprise db1> edit
Opening an editor...

Enterprise db1> edit db.emp.find({ job: 'salesman' }, { _id: false, ename: true, job: 1, sal: true }).count();
Opening an editor...

Enterprise db1> db.emp.find({ job: 'salesman' }, { _id: false, ename: true, job: 1, sal: true });
[
  { ename: 'crow', job: 'salesman', sal: 3200 },
  { ename: 'vasant', job: 'salesman', sal: 2200 },
  { ename: 'vasu', job: 'salesman', sal: 2200 },
  { ename: 'martin', job: 'salesman', sal: 2900 },
  { ename: 'scott', job: 'salesman', sal: 2500 },
  { ename: 'madhavi', job: 'salesman', sal: 6900 },
  { ename: 'neeraj', job: 'salesman', sal: 7700 },
  { ename: 'Emma', job: 'salesman', sal: 7000 },
  { ename: 'snehal', job: 'salesman', sal: 2500 }
]
Enterprise db1> edit

Opening an editor...

Enterprise db1>

Enterprise db1> db.emp.find({ $or: [{ job: 'manager' }, { job: 'salesman' }] }, { _id: false, ename: true, job: 1, sal: true });
[
  { ename: 'crow', job: 'salesman', sal: 3200 },
  { ename: 'bob', job: 'manager', sal: 4900 },
  { ename: 'vasant', job: 'salesman', sal: 2200 },
  { ename: 'vasu', job: 'salesman', sal: 2200 },
  { ename: 'smith', job: 'manager', sal: 3400 },
  { ename: 'martin', job: 'salesman', sal: 2900 },
  { ename: 'scott', job: 'salesman', sal: 2500 },
  { ename: 'james', job: 'manager', sal: 4700 },
  { ename: 'madhavi', job: 'salesman', sal: 6900 },
  { ename: 'neeraj', job: 'salesman', sal: 7700 },
  { ename: 'Emma', job: 'salesman', sal: 7000 },
  { ename: 'snehal', job: 'salesman', sal: 2500 }
]
Enterprise db1> edit
Opening an editor...

Enterprise db1> db.emp.find({ $or: [{ job: 'manager' }, { job: 'salesman' }] }, { _id: false, ename: true, job: 1, sal: true }).sort({ job: 1 });
[
  { ename: 'bob', job: 'manager', sal: 4900 },
  { ename: 'smith', job: 'manager', sal: 3400 },
  { ename: 'james', job: 'manager', sal: 4700 },
  { ename: 'crow', job: 'salesman', sal: 3200 },
  { ename: 'vasant', job: 'salesman', sal: 2200 },
  { ename: 'vasu', job: 'salesman', sal: 2200 },
  { ename: 'martin', job: 'salesman', sal: 2900 },
  { ename: 'scott', job: 'salesman', sal: 2500 },
  { ename: 'madhavi', job: 'salesman', sal: 6900 },
  { ename: 'neeraj', job: 'salesman', sal: 7700 },
  { ename: 'Emma', job: 'salesman', sal: 7000 },
  { ename: 'snehal', job: 'salesman', sal: 2500 }
]
Enterprise db1> edit
Opening an editor...

Enterprise db1> db.emp.find({ $and: [{ sal: { $gt: 2000 } }, { sal: { $lt: 5000 } }] }, { _id: false, ename: true, job: 1, sal: true }).sort({ job: 1 });
[
  { ename: 'supriya', job: 'Computer Programmer', sal: 3500 },
  { ename: 'pinky', job: 'Computer Programmer', sal: 3500 },
  { ename: 'janhavi', job: 'Computer Programmer', sal: 4700 },
  { ename: 'zara', job: 'WEB Programmer', sal: 3700 },
  { ename: 'jack', job: 'accountant', sal: 2700 },
  { ename: 'raju', job: 'administrator', sal: 3400 },
  { ename: 'amit', job: 'administrator', sal: 3500 },
  { ename: 'amit', job: 'administrator', sal: 3500 },
  { ename: 'neel', job: 'administrator', sal: 4200 },
  { ename: 'peter', job: 'analyst', sal: 3500 },
  { ename: 'vrushali', job: 'analyst', sal: 4999 },
  { ename: 'saleel', job: 'analyst', sal: 3700 },
  { ename: 'sangita', job: 'auditor', sal: 3100 },
  { ename: 'arjun', job: 'auditor', sal: 3200 },
  { ename: 'amol', job: 'auditor', sal: 3800 },
  { ename: 'bob', job: 'manager', sal: 4900 },
  { ename: 'smith', job: 'manager', sal: 3400 },
  { ename: 'james', job: 'manager', sal: 4700 },
  { ename: 'saleel', job: 'programmer', sal: 2900 },
  { ename: 'sharmin', job: 'programmer', sal: 4999 }
]
Type "it" for more
Enterprise db1> it
[
  { ename: 'dinesh', job: 'programmer', sal: 3500 },
  { ename: 'dinesh', job: 'programmer', sal: 3500 },
  { ename: 'rudra', job: 'programmer', sal: 2400 },
  { ename: 'pankaj', job: 'programmer', sal: 3600 },
  { ename: 'anoop', job: 'programmer', sal: 2300 },
  { ename: 'crow', job: 'salesman', sal: 3200 },
  { ename: 'vasant', job: 'salesman', sal: 2200 },
  { ename: 'vasu', job: 'salesman', sal: 2200 },
  { ename: 'martin', job: 'salesman', sal: 2900 },
  { ename: 'scott', job: 'salesman', sal: 2500 },
  { ename: 'snehal', job: 'salesman', sal: 2500 },
  { ename: 'gita', job: 'writer', sal: 2150 },
  { ename: 'sita', job: 'writer', sal: 3755 }
]
Enterprise db1> db.emp.find({ $and: [{ sal: { $gt: 2000 } }, { sal: { $lt: 5000 } }] }, { _id: false, ename: true, job: 1, sal: true }).sort({ job: 1 }). count();
33
Enterprise db1> db.emp.find({ $and: [{ sal: { $gt: 2000 } }, { sal: { $lt: 5000 } }] }, { _id: false, ename: true, job: 1, sal: true }).sort({ job: 1 });
[
  { ename: 'supriya', job: 'Computer Programmer', sal: 3500 },
  { ename: 'pinky', job: 'Computer Programmer', sal: 3500 },
  { ename: 'janhavi', job: 'Computer Programmer', sal: 4700 },
  { ename: 'zara', job: 'WEB Programmer', sal: 3700 },
  { ename: 'jack', job: 'accountant', sal: 2700 },
  { ename: 'raju', job: 'administrator', sal: 3400 },
  { ename: 'amit', job: 'administrator', sal: 3500 },
  { ename: 'amit', job: 'administrator', sal: 3500 },
  { ename: 'neel', job: 'administrator', sal: 4200 },
  { ename: 'peter', job: 'analyst', sal: 3500 },
  { ename: 'vrushali', job: 'analyst', sal: 4999 },
  { ename: 'saleel', job: 'analyst', sal: 3700 },
  { ename: 'sangita', job: 'auditor', sal: 3100 },
  { ename: 'arjun', job: 'auditor', sal: 3200 },
  { ename: 'amol', job: 'auditor', sal: 3800 },
  { ename: 'bob', job: 'manager', sal: 4900 },
  { ename: 'smith', job: 'manager', sal: 3400 },
  { ename: 'james', job: 'manager', sal: 4700 },
  { ename: 'saleel', job: 'programmer', sal: 2900 },
  { ename: 'sharmin', job: 'programmer', sal: 4999 }
]
Type "it" for more
Enterprise db1> db.emp.find({ $and: [{ sal: { $gt: 3400 } }, { sal: { $lt: 4200 } }] }, { _id: false, ename: true, job: 1, sal: true }).sort({ job: 1 });
[
  { ename: 'pinky', job: 'Computer Programmer', sal: 3500 },
  { ename: 'supriya', job: 'Computer Programmer', sal: 3500 },
  { ename: 'zara', job: 'WEB Programmer', sal: 3700 },
  { ename: 'amit', job: 'administrator', sal: 3500 },
  { ename: 'amit', job: 'administrator', sal: 3500 },
  { ename: 'peter', job: 'analyst', sal: 3500 },
  { ename: 'saleel', job: 'analyst', sal: 3700 },
  { ename: 'amol', job: 'auditor', sal: 3800 },
  { ename: 'dinesh', job: 'programmer', sal: 3500 },
  { ename: 'dinesh', job: 'programmer', sal: 3500 },
  { ename: 'pankaj', job: 'programmer', sal: 3600 },
  { ename: 'sita', job: 'writer', sal: 3755 }
]
Enterprise db1> db.emp.find({ $and: [{ sal: { $gte: 3400 } }, { sal: { $lte: 4200 } }] }, { _id: false, ename: true, job: 1, sal: true }).sort({ job: 1 });
[
  { ename: 'pinky', job: 'Computer Programmer', sal: 3500 },
  { ename: 'supriya', job: 'Computer Programmer', sal: 3500 },
  { ename: 'zara', job: 'WEB Programmer', sal: 3700 },
  { ename: 'raju', job: 'administrator', sal: 3400 },
  { ename: 'neel', job: 'administrator', sal: 4200 },
  { ename: 'amit', job: 'administrator', sal: 3500 },
  { ename: 'amit', job: 'administrator', sal: 3500 },
  { ename: 'peter', job: 'analyst', sal: 3500 },
  { ename: 'saleel', job: 'analyst', sal: 3700 },
  { ename: 'amol', job: 'auditor', sal: 3800 },
  { ename: 'smith', job: 'manager', sal: 3400 },
  { ename: 'dinesh', job: 'programmer', sal: 3500 },
  { ename: 'dinesh', job: 'programmer', sal: 3500 },
  { ename: 'pankaj', job: 'programmer', sal: 3600 },
  { ename: 'sita', job: 'writer', sal: 3755 }
]
Enterprise db1> db.emp.find({ $and: [{ sal: { $gte: 3400 } }, { sal: { $lte: 4200 } }] }, { _id: false, ename: true, job: 1, sal: true }).sort({ job: 1 }).limit(4);
[
  { ename: 'supriya', job: 'Computer Programmer', sal: 3500 },
  { ename: 'pinky', job: 'Computer Programmer', sal: 3500 },
  { ename: 'zara', job: 'WEB Programmer', sal: 3700 },
  { ename: 'neel', job: 'administrator', sal: 4200 }
]
Enterprise db1> db.emp.find({}, { _id: false, ename: true, job: 1, sal: true }).sort({ job: 1 }).limit(4);
[
  { ename: 'pinky', job: 'Computer Programmer', sal: 3500 },
  { ename: 'janhavi', job: 'Computer Programmer', sal: 4700 },
  { ename: 'jasu', job: 'Computer Programmer', sal: 5800 },
  { ename: 'rahsmi', job: 'Computer Programmer', sal: 5600 }
]
Enterprise db1> db.emp.find({}, { _id: false, ename: true, job: 1, sal: true }).sort({ job: 1 });
[
  { ename: 'roselin', job: 'Computer Programmer', sal: 800 },
  { ename: 'laxman', job: 'Computer Programmer', sal: 6500 },
  { ename: 'sangu', job: 'Computer Programmer', sal: 6000 },
  { ename: 'supriya', job: 'Computer Programmer', sal: 3500 },
  { ename: 'priti', job: 'Computer Programmer', sal: 5500 },
  { ename: 'raj', job: 'Computer Programmer', sal: 7000 },
  { ename: 'jasu', job: 'Computer Programmer', sal: 5800 },
  { ename: 'janhavi', job: 'Computer Programmer', sal: 4700 },
  { ename: 'rahsmi', job: 'Computer Programmer', sal: 5600 },
  { ename: 'pinky', job: 'Computer Programmer', sal: 3500 },
  { ename: 'tanvi', job: 'WEB Programmer', sal: 5700 },
  { ename: 'aditi', job: 'WEB Programmer', sal: 5700 },
  { ename: 'rupal', job: 'WEB Programmer', sal: 6500 },
  { ename: 'zara', job: 'WEB Programmer', sal: 3700 },
  { ename: 'meera', job: 'WEB Programmer', sal: 801 },
  { ename: 'Olivia', job: 'WEB Programmer', sal: 9000 },
  { ename: 'Emily', job: 'WEB Programmer', sal: 7600 },
  { ename: 'Mia', job: 'WEB Programmer', sal: 9500 },
  { ename: 'ram', job: 'WEB Programmer', sal: 6200 },
  { ename: 'bandish', job: 'WEB Programmer', sal: 7000 }
]
Type "it" for more
Enterprise db1>

Enterprise db1> db.emp.find({}, { _id: false, ename: true, job: 1, sal: true }).sort({ job: 1 }).limit(4);
[
  { ename: 'pinky', job: 'Computer Programmer', sal: 3500 },
  { ename: 'janhavi', job: 'Computer Programmer', sal: 4700 },
  { ename: 'jasu', job: 'Computer Programmer', sal: 5800 },
  { ename: 'rahsmi', job: 'Computer Programmer', sal: 5600 }
]
Enterprise db1> db.emp.find({}, { _id: false, ename: true, job: 1, sal: true });
[
  { ename: 'jack', job: 'accountant', sal: 2700 },
  { ename: 'crow', job: 'salesman', sal: 3200 },
  { ename: 'blake', job: 'clerk', sal: 1200 },
  { ename: 'richards', job: 'clerk', sal: 1500 },
  { ename: 'king', job: 'president', sal: 5000 },
  { ename: 'peter', job: 'analyst', sal: 3500 },
  { ename: 'bob', job: 'manager', sal: 4900 },
  { ename: 'saleel', job: 'programmer', sal: 2900 },
  { ename: 'sharmin', job: 'programmer', sal: 4999 },
  { ename: 'vasant', job: 'salesman', sal: 2200 },
  { ename: 'vasu', job: 'salesman', sal: 2200 },
  { ename: 'vrushali', job: 'analyst', sal: 4999 },
  { ename: 'rahul', job: 'clerk', sal: 1200 },
  { ename: 'smith', job: 'manager', sal: 3400 },
  { ename: 'raju', job: 'administrator', sal: 3400 },
  { ename: 'martin', job: 'salesman', sal: 2900 },
  { ename: 'scott', job: 'salesman', sal: 2500 },
  { ename: 'ramu', job: 'clerk', sal: 1400 },
  { ename: 'james', job: 'manager', sal: 4700 },
  { ename: 'neel', job: 'administrator', sal: 4200 }
]
Type "it" for more
Enterprise db1> db.emp.find({}, { _id: false, ename: true, job: 1, sal: true }).limit(4);
[
  { ename: 'jack', job: 'accountant', sal: 2700 },
  { ename: 'crow', job: 'salesman', sal: 3200 },
  { ename: 'blake', job: 'clerk', sal: 1200 },
  { ename: 'richards', job: 'clerk', sal: 1500 }
]
Enterprise db1> db.emp.find({}, { _id: false, ename: true, job: 1, sal: true }).skip(4);
[
  { ename: 'king', job: 'president', sal: 5000 },
  { ename: 'peter', job: 'analyst', sal: 3500 },
  { ename: 'bob', job: 'manager', sal: 4900 },
  { ename: 'saleel', job: 'programmer', sal: 2900 },
  { ename: 'sharmin', job: 'programmer', sal: 4999 },
  { ename: 'vasant', job: 'salesman', sal: 2200 },
  { ename: 'vasu', job: 'salesman', sal: 2200 },
  { ename: 'vrushali', job: 'analyst', sal: 4999 },
  { ename: 'rahul', job: 'clerk', sal: 1200 },
  { ename: 'smith', job: 'manager', sal: 3400 },
  { ename: 'raju', job: 'administrator', sal: 3400 },
  { ename: 'martin', job: 'salesman', sal: 2900 },
  { ename: 'scott', job: 'salesman', sal: 2500 },
  { ename: 'ramu', job: 'clerk', sal: 1400 },
  { ename: 'james', job: 'manager', sal: 4700 },
  { ename: 'neel', job: 'administrator', sal: 4200 },
  { ename: 'amit', job: 'administrator', sal: 3500 },
  { ename: 'saleel', job: 'analyst', sal: 3700 },
  { ename: 'dinesh', job: 'programmer', sal: 3500 },
  { ename: 'dinesh', job: 'programmer', sal: 3500 }
]
Type "it" for more
Enterprise db1> db.emp.find({}, { _id: false, ename: true, job: 1, sal: true }).skip(4).limit(2);
[
  { ename: 'king', job: 'president', sal: 5000 },
  { ename: 'peter', job: 'analyst', sal: 3500 }
]
Enterprise db1> db.emp.find({}, { _id: false, ename: true, job: 1, sal: true }).skip(4).limit(10);
[
  { ename: 'king', job: 'president', sal: 5000 },
  { ename: 'peter', job: 'analyst', sal: 3500 },
  { ename: 'bob', job: 'manager', sal: 4900 },
  { ename: 'saleel', job: 'programmer', sal: 2900 },
  { ename: 'sharmin', job: 'programmer', sal: 4999 },
  { ename: 'vasant', job: 'salesman', sal: 2200 },
  { ename: 'vasu', job: 'salesman', sal: 2200 },
  { ename: 'vrushali', job: 'analyst', sal: 4999 },
  { ename: 'rahul', job: 'clerk', sal: 1200 },
  { ename: 'smith', job: 'manager', sal: 3400 }
]
Enterprise db1> db.emp.find({}, { _id: false, ename: true, job: 1, sal: true }).skip(4).limit(10).sort({job:1});
[
  { ename: 'jasu', job: 'Computer Programmer', sal: 5800 },
  { ename: 'raj', job: 'Computer Programmer', sal: 7000 },
  { ename: 'supriya', job: 'Computer Programmer', sal: 3500 },
  { ename: 'pinky', job: 'Computer Programmer', sal: 3500 },
  { ename: 'priti', job: 'Computer Programmer', sal: 5500 },
  { ename: 'janhavi', job: 'Computer Programmer', sal: 4700 },
  { ename: 'aditi', job: 'WEB Programmer', sal: 5700 },
  { ename: 'Mia', job: 'WEB Programmer', sal: 9500 },
  { ename: 'rupal', job: 'WEB Programmer', sal: 6500 },
  { ename: 'Olivia', job: 'WEB Programmer', sal: 9000 }
]
Enterprise db1>

Enterprise db1>

Enterprise db1>

Enterprise db1>

Enterprise db1>

Enterprise db1> edit
Opening an editor...

Enterprise db1> db.emp.find({ }, { _id: false, 'Employee Name' : '$ename, job: 1, Salary: '$sal' });
Uncaught:
SyntaxError: Unexpected token, expected "," (1:75)

> 1 | db.emp.find({ }, { _id: false, 'Employee Name' : '$ename, job: 1, Salary: '$sal' });
    |                                                                            ^
  2 |

Enterprise db1> edit
Opening an editor...

Enterprise db1> edit  db.emp.find({}, { _id: false, 'Employee Name': '$ename, job: 1, Salary: '$sal' });
Opening an editor...

Enterprise db1> db.emp.find({}, { _id: false, 'Employee Name': '$ename', job: 1, Salary: '$sal' });
[
  { job: 'accountant', 'Employee Name': 'jack', Salary: 2700 },
  { job: 'salesman', 'Employee Name': 'crow', Salary: 3200 },
  { job: 'clerk', 'Employee Name': 'blake', Salary: 1200 },
  { job: 'clerk', 'Employee Name': 'richards', Salary: 1500 },
  { job: 'president', 'Employee Name': 'king', Salary: 5000 },
  { job: 'analyst', 'Employee Name': 'peter', Salary: 3500 },
  { job: 'manager', 'Employee Name': 'bob', Salary: 4900 },
  { job: 'programmer', 'Employee Name': 'saleel', Salary: 2900 },
  { job: 'programmer', 'Employee Name': 'sharmin', Salary: 4999 },
  { job: 'salesman', 'Employee Name': 'vasant', Salary: 2200 },
  { job: 'salesman', 'Employee Name': 'vasu', Salary: 2200 },
  { job: 'analyst', 'Employee Name': 'vrushali', Salary: 4999 },
  { job: 'clerk', 'Employee Name': 'rahul', Salary: 1200 },
  { job: 'manager', 'Employee Name': 'smith', Salary: 3400 },
  { job: 'administrator', 'Employee Name': 'raju', Salary: 3400 },
  { job: 'salesman', 'Employee Name': 'martin', Salary: 2900 },
  { job: 'salesman', 'Employee Name': 'scott', Salary: 2500 },
  { job: 'clerk', 'Employee Name': 'ramu', Salary: 1400 },
  { job: 'manager', 'Employee Name': 'james', Salary: 4700 },
  { job: 'administrator', 'Employee Name': 'neel', Salary: 4200 }
]
Type "it" for more
Enterprise db1>

Enterprise db1> db.emp.find({}, { _id: false, 'Employee Name': '$ename', job: 1, R1: '$sal' });
[
  { job: 'accountant', 'Employee Name': 'jack', R1: 2700 },
  { job: 'salesman', 'Employee Name': 'crow', R1: 3200 },
  { job: 'clerk', 'Employee Name': 'blake', R1: 1200 },
  { job: 'clerk', 'Employee Name': 'richards', R1: 1500 },
  { job: 'president', 'Employee Name': 'king', R1: 5000 },
  { job: 'analyst', 'Employee Name': 'peter', R1: 3500 },
  { job: 'manager', 'Employee Name': 'bob', R1: 4900 },
  { job: 'programmer', 'Employee Name': 'saleel', R1: 2900 },
  { job: 'programmer', 'Employee Name': 'sharmin', R1: 4999 },
  { job: 'salesman', 'Employee Name': 'vasant', R1: 2200 },
  { job: 'salesman', 'Employee Name': 'vasu', R1: 2200 },
  { job: 'analyst', 'Employee Name': 'vrushali', R1: 4999 },
  { job: 'clerk', 'Employee Name': 'rahul', R1: 1200 },
  { job: 'manager', 'Employee Name': 'smith', R1: 3400 },
  { job: 'administrator', 'Employee Name': 'raju', R1: 3400 },
  { job: 'salesman', 'Employee Name': 'martin', R1: 2900 },
  { job: 'salesman', 'Employee Name': 'scott', R1: 2500 },
  { job: 'clerk', 'Employee Name': 'ramu', R1: 1400 },
  { job: 'manager', 'Employee Name': 'james', R1: 4700 },
  { job: 'administrator', 'Employee Name': 'neel', R1: 4200 }
]
Type "it" for more
Enterprise db1> db.emp.find({ename:/a/}, { _id: false, 'Employee Name': '$ename', job: 1, R1: '$sal' });
[
  { job: 'accountant', 'Employee Name': 'jack', R1: 2700 },
  { job: 'clerk', 'Employee Name': 'blake', R1: 1200 },
  { job: 'clerk', 'Employee Name': 'richards', R1: 1500 },
  { job: 'programmer', 'Employee Name': 'saleel', R1: 2900 },
  { job: 'programmer', 'Employee Name': 'sharmin', R1: 4999 },
  { job: 'salesman', 'Employee Name': 'vasant', R1: 2200 },
  { job: 'salesman', 'Employee Name': 'vasu', R1: 2200 },
  { job: 'analyst', 'Employee Name': 'vrushali', R1: 4999 },
  { job: 'clerk', 'Employee Name': 'rahul', R1: 1200 },
  { job: 'administrator', 'Employee Name': 'raju', R1: 3400 },
  { job: 'salesman', 'Employee Name': 'martin', R1: 2900 },
  { job: 'clerk', 'Employee Name': 'ramu', R1: 1400 },
  { job: 'manager', 'Employee Name': 'james', R1: 4700 },
  { job: 'administrator', 'Employee Name': 'amit', R1: 3500 },
  { job: 'analyst', 'Employee Name': 'saleel', R1: 3700 },
  { job: 'administrator', 'Employee Name': 'amit', R1: 3500 },
  { job: 'programmer', 'Employee Name': 'rudra', R1: 2400 },
  { job: 'programmer', 'Employee Name': 'pankaj', R1: 3600 },
  { job: 'programmer', 'Employee Name': 'anoop', R1: 2300 },
  { job: 'auditor', 'Employee Name': 'sangita', R1: 3100 }
]
Type "it" for more
Enterprise db1> db.emp.find({ename:/z/}, { _id: false, 'Employee Name': '$ename', job: 1, R1: '$sal' });
[ { job: 'WEB Programmer', 'Employee Name': 'zara', R1: 3700 } ]
Enterprise db1> db.movies.find({}, { movie_tiele: true, color: true, director: true, genres: 1, language: 10 });
[
  {
    _id: 2,
    color: 'Color',
    director: 'Gore Verbinski',
    genres: 'Action|Adventure|Fantasy',
    language: 'English'
  },
  {
    _id: 1,
    color: '',
    director: 'James Cameron',
    genres: 'Action|Adventure|Fantasy|Sci-Fi',
    language: 'English'
  },
  {
    _id: 4,
    color: 'Color',
    director: 'Christopher Nolan',
    genres: 'Action|Thriller',
    language: 'English'
  },
  {
    _id: 3,
    color: 'Color',
    director: 'Sam Mendes',
    genres: 'Action|Adventure|Thriller',
    language: 'English'
  },
  {
    _id: 6,
    color: 'Color',
    director: 'Andrew Stanton',
    genres: 'Action|Adventure|Sci-Fi',
    language: 'English'
  },
  {
    _id: 8,
    color: 'Color',
    director: 'Nathan Greno',
    genres: 'Adventure|Animation|Comedy|Family|Fantasy|Musical|Romance',
    language: 'English'
  },
  {
    _id: 7,
    color: 'Color',
    director: 'Sam Raimi',
    genres: 'Action|Adventure|Romance',
    language: 'English'
  },
  {
    _id: 5,
    color: '',
    director: 'Doug Walker',
    genres: 'Documentary',
    language: ''
  },
  {
    _id: 9,
    color: 'Color',
    director: 'Joss Whedon',
    genres: 'Action|Adventure|Sci-Fi',
    language: 'English'
  },
  {
    _id: 11,
    color: 'Color',
    director: 'Zack Snyder',
    genres: 'Action|Adventure|Sci-Fi',
    language: 'English'
  },
  {
    _id: 12,
    color: 'Color',
    director: 'Bryan Singer',
    genres: 'Action|Adventure|Sci-Fi',
    language: 'English'
  },
  {
    _id: 10,
    color: 'Color',
    director: 'David Yates',
    genres: 'Adventure|Family|Fantasy|Mystery',
    language: 'English'
  },
  {
    _id: 13,
    color: 'Color',
    director: 'Marc Forster',
    genres: 'Action|Adventure',
    language: 'English'
  },
  {
    _id: 14,
    color: 'Color',
    director: 'Gore Verbinski',
    genres: 'Action|Adventure|Fantasy',
    language: 'English'
  },
  {
    _id: 15,
    color: '',
    director: 'Gore Verbinski',
    genres: 'Action|Adventure|Western',
    language: 'English'
  },
  {
    _id: 16,
    color: 'Color',
    director: 'Zack Snyder',
    genres: 'Action|Adventure|Fantasy|Sci-Fi',
    language: 'English'
  },
  {
    _id: 17,
    color: 'Color',
    director: 'Andrew Adamson',
    genres: 'Action|Adventure|Family|Fantasy',
    language: 'English'
  },
  {
    _id: 18,
    color: 'Color',
    director: 'Joss Whedon',
    genres: 'Action|Adventure|Sci-Fi',
    language: 'English'
  },
  {
    _id: 19,
    color: 'Color',
    director: 'Rob Marshall',
    genres: 'Action|Adventure|Fantasy',
    language: 'English'
  },
  {
    _id: 20,
    color: 'Color',
    director: 'Barry Sonnenfeld',
    genres: 'Action|Adventure|Comedy|Family|Fantasy|Sci-Fi',
    language: 'English'
  }
]
Type "it" for more
Enterprise db1> db.movies.find({}, { movie_title: true, color: true, director: true, genres: 1, language: 10 });
[
  {
    _id: 2,
    color: 'Color',
    director: 'Gore Verbinski',
    genres: 'Action|Adventure|Fantasy',
    movie_title: "Pirates of the Caribbean: At World's End",
    language: 'English'
  },
  {
    _id: 1,
    color: '',
    director: 'James Cameron',
    genres: 'Action|Adventure|Fantasy|Sci-Fi',
    movie_title: 'Avatar',
    language: 'English'
  },
  {
    _id: 4,
    color: 'Color',
    director: 'Christopher Nolan',
    genres: 'Action|Thriller',
    movie_title: 'The Dark Knight Rises',
    language: 'English'
  },
  {
    _id: 3,
    color: 'Color',
    director: 'Sam Mendes',
    genres: 'Action|Adventure|Thriller',
    movie_title: 'Spectre',
    language: 'English'
  },
  {
    _id: 6,
    color: 'Color',
    director: 'Andrew Stanton',
    genres: 'Action|Adventure|Sci-Fi',
    movie_title: 'John Carter',
    language: 'English'
  },
  {
    _id: 8,
    color: 'Color',
    director: 'Nathan Greno',
    genres: 'Adventure|Animation|Comedy|Family|Fantasy|Musical|Romance',
    movie_title: 'Tangled',
    language: 'English'
  },
  {
    _id: 7,
    color: 'Color',
    director: 'Sam Raimi',
    genres: 'Action|Adventure|Romance',
    movie_title: 'Spider-Man 3',
    language: 'English'
  },
  {
    _id: 5,
    color: '',
    director: 'Doug Walker',
    genres: 'Documentary',
    movie_title: 'Star Wars: Episode VII - The Force Awakens',
    language: ''
  },
  {
    _id: 9,
    color: 'Color',
    director: 'Joss Whedon',
    genres: 'Action|Adventure|Sci-Fi',
    movie_title: 'Avengers: Age of Ultron',
    language: 'English'
  },
  {
    _id: 11,
    color: 'Color',
    director: 'Zack Snyder',
    genres: 'Action|Adventure|Sci-Fi',
    movie_title: 'Batman v Superman: Dawn of Justice',
    language: 'English'
  },
  {
    _id: 12,
    color: 'Color',
    director: 'Bryan Singer',
    genres: 'Action|Adventure|Sci-Fi',
    movie_title: 'Superman Returns',
    language: 'English'
  },
  {
    _id: 10,
    color: 'Color',
    director: 'David Yates',
    genres: 'Adventure|Family|Fantasy|Mystery',
    movie_title: 'Harry Potter and the Half-Blood Prince',
    language: 'English'
  },
  {
    _id: 13,
    color: 'Color',
    director: 'Marc Forster',
    genres: 'Action|Adventure',
    movie_title: 'Quantum of Solace',
    language: 'English'
  },
  {
    _id: 14,
    color: 'Color',
    director: 'Gore Verbinski',
    genres: 'Action|Adventure|Fantasy',
    movie_title: "Pirates of the Caribbean: Dead Man's Chest",
    language: 'English'
  },
  {
    _id: 15,
    color: '',
    director: 'Gore Verbinski',
    genres: 'Action|Adventure|Western',
    movie_title: 'The Lone Ranger',
    language: 'English'
  },
  {
    _id: 16,
    color: 'Color',
    director: 'Zack Snyder',
    genres: 'Action|Adventure|Fantasy|Sci-Fi',
    movie_title: 'Man of Steel',
    language: 'English'
  },
  {
    _id: 17,
    color: 'Color',
    director: 'Andrew Adamson',
    genres: 'Action|Adventure|Family|Fantasy',
    movie_title: 'The Chronicles of Narnia: Prince Caspian',
    language: 'English'
  },
  {
    _id: 18,
    color: 'Color',
    director: 'Joss Whedon',
    genres: 'Action|Adventure|Sci-Fi',
    movie_title: 'The Avengers',
    language: 'English'
  },
  {
    _id: 19,
    color: 'Color',
    director: 'Rob Marshall',
    genres: 'Action|Adventure|Fantasy',
    movie_title: 'Pirates of the Caribbean: On Stranger Tides',
    language: 'English'
  },
  {
    _id: 20,
    color: 'Color',
    director: 'Barry Sonnenfeld',
    genres: 'Action|Adventure|Comedy|Family|Fantasy|Sci-Fi',
    movie_title: 'Men in Black 3',
    language: 'English'
  }
]
Type "it" for more
Enterprise db1> edit db.movies.find({}, { movie_title: true, color: true, director: true, genres: 1, language: 10 });
Opening an editor...

Enterprise db1> db.movies.find({ movie_title: /horror/ }, { movie_title: true, color: true, director: true, genres: 1, language: 10 });

Enterprise db1> edit
Opening an editor...

Enterprise db1> db.movies.find({ genres: /horror/ }, { movie_title: true, color: true, director: true, genres: 1, language: 10 });

Enterprise db1> edit
Opening an editor...

Enterprise db1> db.movies.find({ genres: /Horror/ }, { movie_title: true, color: true, director: true, genres: 1, language: 10 });
[
  {
    _id: 47,
    color: 'Color',
    director: 'Marc Forster',
    genres: 'Action|Adventure|Horror|Sci-Fi|Thriller',
    movie_title: 'World War',
    language: 'English'
  },
  {
    _id: 73,
    color: 'Color',
    director: 'Rob Cohen',
    genres: 'Action|Adventure|Fantasy|Horror|Thriller',
    movie_title: 'The Mummy: Tomb of the Dragon Emperor',
    language: 'English'
  },
  {
    _id: 99,
    color: 'Color',
    director: 'Hideaki Anno',
    genres: 'Action|Adventure|Drama|Horror|Sci-Fi',
    movie_title: 'Godzilla Resurgence',
    language: 'Japanese'
  },
  {
    _id: 118,
    color: 'Color',
    director: 'Francis Lawrence',
    genres: 'Drama|Horror|Sci-Fi',
    movie_title: 'I Am Legend',
    language: 'English'
  },
  {
    _id: 135,
    color: 'Color',
    director: 'Tim Burton',
    genres: 'Comedy|Fantasy|Horror',
    movie_title: 'Dark Shadows',
    language: 'English'
  },
  {
    _id: 137,
    color: 'Color',
    director: 'Joe Johnston',
    genres: 'Drama|Fantasy|Horror|Thriller',
    movie_title: 'The Wolfman',
    language: 'English'
  },
  {
    _id: 205,
    color: 'Color',
    director: 'Hideaki Anno',
    genres: 'Action|Adventure|Drama|Horror|Sci-Fi',
    movie_title: 'Godzilla Resurgence',
    language: 'Japanese'
  },
  {
    _id: 307,
    color: 'Color',
    director: 'Peter Hyams',
    genres: 'Action|Fantasy|Horror|Mystery',
    movie_title: 'End of Days',
    language: 'English'
  },
  {
    _id: 357,
    color: 'Color',
    director: 'Robert Zemeckis',
    genres: 'Drama|Fantasy|Horror|Mystery|Thriller',
    movie_title: 'What Lies Beneath',
    language: 'English'
  },
  {
    _id: 375,
    color: 'Color',
    director: 'Rob Minkoff',
    genres: 'Comedy|Family|Fantasy|Horror|Mystery',
    movie_title: 'The Haunted Mansion',
    language: 'English'
  },
  {
    _id: 377,
    color: 'Color',
    director: 'Paul Verhoeven',
    genres: 'Action|Horror|Sci-Fi|Thriller',
    movie_title: 'Hollow Man',
    language: 'English'
  },
  {
    _id: 405,
    color: 'Color',
    director: '',
    genres: 'Crime|Drama|Horror|Mystery|Thriller',
    movie_title: 'Hannibal',
    language: 'English'
  },
  {
    _id: 431,
    color: 'Color',
    director: 'George A. Romero',
    genres: 'Comedy|Fantasy|Horror',
    movie_title: 'Creepshow',
    language: 'English'
  },
  {
    _id: 434,
    color: 'Color',
    director: 'Guillermo del Toro',
    genres: 'Action|Adventure|Fantasy|Horror|Sci-Fi',
    movie_title: 'Hellboy II: The Golden Army',
    language: 'English'
  },
  {
    _id: 466,
    color: 'Color',
    director: 'Jan de Bont',
    genres: 'Fantasy|Horror|Mystery|Thriller',
    movie_title: 'The Haunting',
    language: 'English'
  },
  {
    _id: 490,
    color: 'Color',
    director: 'Lucile Hadzihalilovic',
    genres: 'Drama|Horror|Mystery|Sci-Fi',
    movie_title: 'Evolution',
    language: 'French'
  },
  {
    _id: 506,
    color: 'Eastman',
    director: 'Peter Hyams',
    genres: 'Action|Adventure|Horror|Sci-Fi|Thriller',
    movie_title: 'A Sound of Thunder',
    language: 'English'
  },
  {
    _id: 533,
    color: 'Eastman',
    director: 'Renny Harlin',
    genres: 'Horror|Mystery|Thriller',
    movie_title: 'Exorcist: The Beginning',
    language: 'English'
  },
  {
    _id: 538,
    color: 'Color',
    director: '',
    genres: 'Drama|Fantasy|Horror|Thriller',
    movie_title: 'Constantine',
    language: 'English'
  },
  {
    _id: 560,
    color: 'Color',
    director: 'David Pastor',
    genres: 'Drama|Horror|Sci-Fi|Thriller',
    movie_title: 'Carriers',
    language: 'English'
  }
]
Type "it" for more
Enterprise db1> db.movies.find({ genres: /$Horror/ }, { movie_title: true, color: true, director: true, genres: 1, language: 10 });

Enterprise db1> db.movies.find({ genres: /Horror/ }, { movie_title: true, color: true, director: true, genres: 1, language: 10 });

[
  {
    _id: 47,
    color: 'Color',
    director: 'Marc Forster',
    genres: 'Action|Adventure|Horror|Sci-Fi|Thriller',
    movie_title: 'World War',
    language: 'English'
  },
  {
    _id: 73,
    color: 'Color',
    director: 'Rob Cohen',
    genres: 'Action|Adventure|Fantasy|Horror|Thriller',
    movie_title: 'The Mummy: Tomb of the Dragon Emperor',
    language: 'English'
  },
  {
    _id: 99,
    color: 'Color',
    director: 'Hideaki Anno',
    genres: 'Action|Adventure|Drama|Horror|Sci-Fi',
    movie_title: 'Godzilla Resurgence',
    language: 'Japanese'
  },
  {
    _id: 118,
    color: 'Color',
    director: 'Francis Lawrence',
    genres: 'Drama|Horror|Sci-Fi',
    movie_title: 'I Am Legend',
    language: 'English'
  },
  {
    _id: 135,
    color: 'Color',
    director: 'Tim Burton',
    genres: 'Comedy|Fantasy|Horror',
    movie_title: 'Dark Shadows',
    language: 'English'
  },
  {
    _id: 137,
    color: 'Color',
    director: 'Joe Johnston',
    genres: 'Drama|Fantasy|Horror|Thriller',
    movie_title: 'The Wolfman',
    language: 'English'
  },
  {
    _id: 205,
    color: 'Color',
    director: 'Hideaki Anno',
    genres: 'Action|Adventure|Drama|Horror|Sci-Fi',
    movie_title: 'Godzilla Resurgence',
    language: 'Japanese'
  },
  {
    _id: 307,
    color: 'Color',
    director: 'Peter Hyams',
    genres: 'Action|Fantasy|Horror|Mystery',
    movie_title: 'End of Days',
    language: 'English'
  },
  {
    _id: 357,
    color: 'Color',
    director: 'Robert Zemeckis',
    genres: 'Drama|Fantasy|Horror|Mystery|Thriller',
    movie_title: 'What Lies Beneath',
    language: 'English'
  },
  {
    _id: 375,
    color: 'Color',
    director: 'Rob Minkoff',
    genres: 'Comedy|Family|Fantasy|Horror|Mystery',
    movie_title: 'The Haunted Mansion',
    language: 'English'
  },
  {
    _id: 377,
    color: 'Color',
    director: 'Paul Verhoeven',
    genres: 'Action|Horror|Sci-Fi|Thriller',
    movie_title: 'Hollow Man',
    language: 'English'
  },
  {
    _id: 405,
    color: 'Color',
    director: '',
    genres: 'Crime|Drama|Horror|Mystery|Thriller',
    movie_title: 'Hannibal',
    language: 'English'
  },
  {
    _id: 431,
    color: 'Color',
    director: 'George A. Romero',
    genres: 'Comedy|Fantasy|Horror',
    movie_title: 'Creepshow',
    language: 'English'
  },
  {
    _id: 434,
    color: 'Color',
    director: 'Guillermo del Toro',
    genres: 'Action|Adventure|Fantasy|Horror|Sci-Fi',
    movie_title: 'Hellboy II: The Golden Army',
    language: 'English'
  },
  {
    _id: 466,
    color: 'Color',
    director: 'Jan de Bont',
    genres: 'Fantasy|Horror|Mystery|Thriller',
    movie_title: 'The Haunting',
    language: 'English'
  },
  {
    _id: 490,
    color: 'Color',
    director: 'Lucile Hadzihalilovic',
    genres: 'Drama|Horror|Mystery|Sci-Fi',
    movie_title: 'Evolution',
    language: 'French'
  },
  {
    _id: 506,
    color: 'Eastman',
    director: 'Peter Hyams',
    genres: 'Action|Adventure|Horror|Sci-Fi|Thriller',
    movie_title: 'A Sound of Thunder',
    language: 'English'
  },
  {
    _id: 533,
    color: 'Eastman',
    director: 'Renny Harlin',
    genres: 'Horror|Mystery|Thriller',
    movie_title: 'Exorcist: The Beginning',
    language: 'English'
  },
  {
    _id: 538,
    color: 'Color',
    director: '',
    genres: 'Drama|Fantasy|Horror|Thriller',
    movie_title: 'Constantine',
    language: 'English'
  },
  {
    _id: 560,
    color: 'Color',
    director: 'David Pastor',
    genres: 'Drama|Horror|Sci-Fi|Thriller',
    movie_title: 'Carriers',
    language: 'English'
  }
]
Type "it" for more
Enterprise db1> db.movies.find({ genres: /^Horror/ }, { movie_title: true, color: true, director: true, genres: 1, language: 10 });
[
  {
    _id: 533,
    color: 'Eastman',
    director: 'Renny Harlin',
    genres: 'Horror|Mystery|Thriller',
    movie_title: 'Exorcist: The Beginning',
    language: 'English'
  },
  {
    _id: 783,
    color: 'Color',
    director: 'Peter Hyams',
    genres: 'Horror|Mystery|Sci-Fi|Thriller',
    movie_title: 'The Relic',
    language: 'English'
  },
  {
    _id: 794,
    color: 'Color',
    director: 'Paul W.S. Anderson',
    genres: 'Horror|Sci-Fi|Thriller',
    movie_title: 'Event Horizon',
    language: 'English'
  },
  {
    _id: 800,
    color: 'Color',
    director: 'Walter Hill',
    genres: 'Horror|Sci-Fi|Thriller',
    movie_title: 'Supernova',
    language: 'English'
  },
  {
    _id: 953,
    color: 'Color',
    director: 'Hideo Nakata',
    genres: 'Horror|Mystery',
    movie_title: 'The Ring Two',
    language: 'English'
  },
  {
    _id: 1045,
    color: 'Color',
    director: 'Chuck Bowman',
    genres: 'Horror|Thriller',
    movie_title: 'The Tooth Fairy',
    language: 'English'
  },
  {
    _id: 1097,
    color: 'Color',
    director: 'Albert Hughes',
    genres: 'Horror|Mystery|Thriller',
    movie_title: 'From Hell',
    language: 'English'
  },
  {
    _id: 1197,
    color: 'Color',
    director: 'James Wan',
    genres: 'Horror|Mystery|Thriller',
    movie_title: 'The Conjuring 2',
    language: 'English'
  },
  {
    _id: 1201,
    color: 'Color',
    director: 'Wes Craven',
    genres: 'Horror|Mystery',
    movie_title: 'Scream 3',
    language: 'English'
  },
  {
    _id: 1224,
    color: 'Color',
    director: 'David R. Ellis',
    genres: 'Horror',
    movie_title: 'The Final Destination',
    language: 'English'
  },
  {
    _id: 1243,
    color: 'Black and White',
    director: 'Iain Softley',
    genres: 'Horror|Mystery|Thriller',
    movie_title: 'The Skeleton Key',
    language: 'English'
  },
  {
    _id: 1248,
    color: 'Color',
    director: 'Mathieu Kassovitz',
    genres: 'Horror|Mystery|Thriller',
    movie_title: 'Gothika',
    language: 'English'
  },
  {
    _id: 1257,
    color: 'Color',
    director: 'Wes Craven',
    genres: 'Horror|Mystery',
    movie_title: 'Scream 4',
    language: 'English'
  },
  {
    _id: 1262,
    color: 'Color',
    director: 'Steven Quale',
    genres: 'Horror',
    movie_title: 'Final Destination 5',
    language: 'English'
  },
  {
    _id: 1277,
    color: 'Color',
    director: 'John Frankenheimer',
    genres: 'Horror|Sci-Fi|Thriller',
    movie_title: 'The Island of Dr. Moreau',
    language: 'English'
  },
  {
    _id: 1281,
    color: 'Color',
    director: 'Stephen Hopkins',
    genres: 'Horror|Thriller',
    movie_title: 'The Reaping',
    language: 'English'
  },
  {
    _id: 1360,
    color: 'Color',
    director: 'John Carpenter',
    genres: 'Horror|Mystery|Sci-Fi',
    movie_title: 'The Thing',
    language: 'English'
  },
  {
    _id: 1421,
    color: 'Color',
    director: 'Wes Craven',
    genres: 'Horror',
    movie_title: 'A Nightmare on Elm Street',
    language: 'English'
  },
  {
    _id: 1422,
    color: 'Color',
    director: 'Tarsem Singh',
    genres: 'Horror|Sci-Fi|Thriller',
    movie_title: 'The Cell',
    language: 'English'
  },
  {
    _id: 1450,
    color: 'Color',
    director: 'Albert Hughes',
    genres: 'Horror|Mystery|Thriller',
    movie_title: 'From Hell',
    language: 'English'
  }
]
Type "it" for more
Enterprise db1> db.movies.find({ genres: /Horror$/ }, { movie_title: true, color: true, director: true, genres: 1, language: 10 });
[
  {
    _id: 135,
    color: 'Color',
    director: 'Tim Burton',
    genres: 'Comedy|Fantasy|Horror',
    movie_title: 'Dark Shadows',
    language: 'English'
  },
  {
    _id: 431,
    color: 'Color',
    director: 'George A. Romero',
    genres: 'Comedy|Fantasy|Horror',
    movie_title: 'Creepshow',
    language: 'English'
  },
  {
    _id: 617,
    color: 'Color',
    director: 'M친ns M친rlind',
    genres: 'Action|Fantasy|Horror',
    movie_title: 'Underworld: Awakening',
    language: 'English'
  },
  {
    _id: 644,
    color: 'Color',
    director: 'Timur Bekmambetov',
    genres: 'Action|Fantasy|Horror',
    movie_title: 'Abraham Lincoln: Vampire Hunter',
    language: 'English'
  },
  {
    _id: 816,
    color: 'Color',
    director: 'Rob Letterman',
    genres: 'Adventure|Comedy|Family|Fantasy|Horror',
    movie_title: 'Goosebumps',
    language: 'English'
  },
  {
    _id: 861,
    color: 'Color',
    director: 'Robert Zemeckis',
    genres: 'Comedy|Fantasy|Horror',
    movie_title: 'Death Becomes Her',
    language: 'English'
  },
  {
    _id: 910,
    color: 'Color',
    director: 'Jonathan Demme',
    genres: 'Drama|History|Horror',
    movie_title: 'Beloved',
    language: 'English'
  },
  {
    _id: 941,
    color: 'Color',
    director: 'Neil Jordan',
    genres: 'Drama|Fantasy|Horror',
    movie_title: 'Interview with the Vampire: The Vampire Chronicles',
    language: 'English'
  },
  {
    _id: 967,
    color: 'Color',
    director: 'Tommy Wirkola',
    genres: 'Action|Fantasy|Horror',
    movie_title: 'Hansel & Gretel: Witch Hunters',
    language: 'English'
  },
  {
    _id: 983,
    color: 'Color',
    director: 'Joe Dante',
    genres: 'Comedy|Fantasy|Horror',
    movie_title: 'Gremlins 2: The New Batch',
    language: 'English'
  },
  {
    _id: 1090,
    color: 'Color',
    director: 'Stephen Norrington',
    genres: 'Action|Horror',
    movie_title: 'Blade',
    language: 'English'
  },
  {
    _id: 1224,
    color: 'Color',
    director: 'David R. Ellis',
    genres: 'Horror',
    movie_title: 'The Final Destination',
    language: 'English'
  },
  {
    _id: 1230,
    color: 'Color',
    director: 'Mark A.Z. Dipp칠',
    genres: 'Action|Horror',
    movie_title: 'Spawn',
    language: 'English'
  },
  {
    _id: 1262,
    color: 'Color',
    director: 'Steven Quale',
    genres: 'Horror',
    movie_title: 'Final Destination 5',
    language: 'English'
  },
  {
    _id: 1421,
    color: 'Color',
    director: 'Wes Craven',
    genres: 'Horror',
    movie_title: 'A Nightmare on Elm Street',
    language: 'English'
  },
  {
    _id: 1439,
    color: 'Color',
    director: 'Tobe Hooper',
    genres: 'Fantasy|Horror',
    movie_title: 'Poltergeist',
    language: 'English'
  },
  {
    _id: 1452,
    color: 'Color',
    director: 'Jaume Collet-Serra',
    genres: 'Horror',
    movie_title: 'House of Wax',
    language: 'English'
  },
  {
    _id: 1456,
    color: 'Color',
    director: 'Michael Rymer',
    genres: 'Drama|Fantasy|Horror',
    movie_title: 'Queen of the Damned',
    language: 'English'
  },
  {
    _id: 1475,
    color: 'Color',
    director: 'Wes Craven',
    genres: 'Comedy|Horror',
    movie_title: 'Cursed',
    language: 'English'
  },
  {
    _id: 1548,
    color: 'Color',
    director: 'Rupert Wainwright',
    genres: 'Horror',
    movie_title: 'Stigmata',
    language: 'English'
  }
]
Type "it" for more
Enterprise db1> db.movies.find({ genres: /^Horror$/ }, { movie_title: true, color: true, director: true, genres: 1, language: 10 });
[
  {
    _id: 1224,
    color: 'Color',
    director: 'David R. Ellis',
    genres: 'Horror',
    movie_title: 'The Final Destination',
    language: 'English'
  },
  {
    _id: 1262,
    color: 'Color',
    director: 'Steven Quale',
    genres: 'Horror',
    movie_title: 'Final Destination 5',
    language: 'English'
  },
  {
    _id: 1421,
    color: 'Color',
    director: 'Wes Craven',
    genres: 'Horror',
    movie_title: 'A Nightmare on Elm Street',
    language: 'English'
  },
  {
    _id: 1452,
    color: 'Color',
    director: 'Jaume Collet-Serra',
    genres: 'Horror',
    movie_title: 'House of Wax',
    language: 'English'
  },
  {
    _id: 1548,
    color: 'Color',
    director: 'Rupert Wainwright',
    genres: 'Horror',
    movie_title: 'Stigmata',
    language: 'English'
  },
  {
    _id: 1653,
    color: 'Color',
    director: 'David Slade',
    genres: 'Horror',
    movie_title: '30 Days of Night',
    language: 'English'
  },
  {
    _id: 1896,
    color: 'Color',
    director: 'James Wong',
    genres: 'Horror',
    movie_title: 'Final Destination 3',
    language: 'English'
  },
  {
    _id: 1923,
    color: 'Color',
    director: 'Victor Salva',
    genres: 'Horror',
    movie_title: 'Jeepers Creepers II',
    language: 'English'
  },
  {
    _id: 1961,
    color: 'Color',
    director: 'Carter Smith',
    genres: 'Horror',
    movie_title: 'The Ruins',
    language: 'English'
  },
  {
    _id: 2215,
    color: 'Color',
    director: 'Steve Beck',
    genres: 'Horror',
    movie_title: 'Ghost Ship',
    language: 'English'
  },
  {
    _id: 2362,
    color: 'Color',
    director: 'Steve Beck',
    genres: 'Horror',
    movie_title: 'Thir13en Ghosts',
    language: 'English'
  },
  {
    _id: 2388,
    color: 'Black and White',
    director: 'George A. Romero',
    genres: 'Horror',
    movie_title: 'Land of the Dead',
    language: 'English'
  },
  {
    _id: 2462,
    color: 'Color',
    director: 'Zack Ward',
    genres: 'Horror',
    movie_title: 'Restoration',
    language: 'English'
  },
  {
    _id: 2470,
    color: 'Color',
    director: 'George A. Romero',
    genres: 'Horror',
    movie_title: 'Day of the Dead',
    language: 'English'
  },
  {
    _id: 2503,
    color: 'Color',
    director: 'Alexandre Aja',
    genres: 'Horror',
    movie_title: 'The Hills Have Eyes',
    language: 'English'
  },
  {
    _id: 2516,
    color: 'Color',
    director: 'Fede Alvarez',
    genres: 'Horror',
    movie_title: 'Evil Dead',
    language: 'English'
  },
  {
    _id: 2549,
    color: 'Color',
    director: 'Jonathan Liebesman',
    genres: 'Horror',
    movie_title: 'The Texas Chainsaw Massacre: The Beginning',
    language: 'English'
  },
  {
    _id: 2646,
    color: 'Color',
    director: 'Rob Zombie',
    genres: 'Horror',
    movie_title: 'Halloween II',
    language: 'English'
  },
  {
    _id: 2671,
    color: 'Color',
    director: 'Martin Weisz',
    genres: 'Horror',
    movie_title: 'The Hills Have Eyes II',
    language: 'English'
  },
  {
    _id: 2787,
    color: 'Color',
    director: 'John Boorman',
    genres: 'Horror',
    movie_title: 'Exorcist II: The Heretic',
    language: 'English'
  }
]
Type "it" for more
Enterprise db1> db.movies.find().count();
8481
Enterprise db1> use x;
switched to db x
Enterprise x> db.movies.find();

Enterprise x> db.getSiblingDB('db1'),movies.find();;
ReferenceError: movies is not defined
Enterprise x> db.siblingDB('db1'),movies.find();;
TypeError: db.siblingDB is not a function
Enterprise x> db.getSiblingDB('db1').movies.find();;
[
  {
    _id: 2,
    relese: '14-11-1968',
    color: 'Color',
    director: 'Gore Verbinski',
    critic: 302,
    duration: 169,
    director_facebook: 563,
    actor_3_facebook: 1000,
    actor_2_name: 'Orlando Bloom',
    actor_1_facebook_likes: 40000,
    gross: 309404152,
    genres: 'Action|Adventure|Fantasy',
    actor_1_name: 'Johnny Depp',
    movie_title: "Pirates of the Caribbean: At World's End",
    num_voted_users: 471220,
    cast_total_facebook_likes: 48350,
    actor_3_name: 'Jack Davenport',
    facenumber_in_poster: 0,
    plot_keywords: 'goddess|marriage ceremony|marriage proposal|pirate|singapore',
    movie_imdb_link: 'http://www.imdb.com/title/tt0449088/?ref_=fn_tt_tt_1',
    num_user_for_reviews: 1238,
    language: 'English',
    country: 'USA',
    content_rating: 'PG-13',
    budget: 300000000,
    title_year: 1968,
    actor_2_facebook_likes: 5000,
    imdb_score: 7.1,
    aspect_ratio: 2.370591809,
    movie_facebook_likes: 0,
    'production houses': 'The Weinstein Company',
    week1: 0.323,
    week2: 4.543,
    week3: 69.805,
    week4: 2.022,
    isActive: 0,
    music: 'Lorne Balfe',
    stars: { '0': 1, '1': 1, '2': 1, '3': 1, '4': 1 }
  },
  {
    _id: 1,
    relese: '13-06-1998',
    color: '',
    director: 'James Cameron',
    critic: 723,
    duration: 178,
    director_facebook: 0,
    actor_3_facebook: 855,
    actor_2_name: 'Joel David Moore',
    actor_1_facebook_likes: 1000,
    gross: 760505847,
    genres: 'Action|Adventure|Fantasy|Sci-Fi',
    actor_1_name: 'CCH Pounder',
    movie_title: 'Avatar',
    num_voted_users: 886204,
    cast_total_facebook_likes: 4834,
    actor_3_name: 'Wes Studi',
    facenumber_in_poster: 0,
    plot_keywords: 'avatar|future|marine|native|paraplegic',
    movie_imdb_link: 'http://www.imdb.com/title/tt0499549/?ref_=fn_tt_tt_1',
    num_user_for_reviews: 3054,
    language: 'English',
    country: 'USA',
    content_rating: 'PG-13',
    budget: 237000001,
    title_year: 1998,
    actor_2_facebook_likes: 936,
    imdb_score: 7.9,
    aspect_ratio: 1.120835,
    movie_facebook_likes: 33000,
    'production houses': 'The Weinstein Company',
    week1: 28.103,
    week2: 67.888,
    week3: 37.319,
    week4: 48.732,
    isActive: 1,
    music: 'James Horner',
    stars: { '0': 0, '1': 0, '2': 1, '3': 1, '4': 1 }
  },
  {
    _id: 4,
    relese: '13-03-1977',
    color: 'Color',
    director: 'Christopher Nolan',
    critic: 813,
    duration: 164,
    director_facebook: 22000,
    actor_3_facebook: 23000,
    actor_2_name: 'Christian Bale',
    actor_1_facebook_likes: 27000,
    gross: 448130642,
    genres: 'Action|Thriller',
    actor_1_name: 'Tom Hardy',
    movie_title: 'The Dark Knight Rises',
    num_voted_users: 1144337,
    cast_total_facebook_likes: 106759,
    actor_3_name: 'Joseph Gordon-Levitt',
    facenumber_in_poster: 0,
    plot_keywords: 'deception|imprisonment|lawlessness|police officer|terrorist plot',
    movie_imdb_link: 'http://www.imdb.com/title/tt1345836/?ref_=fn_tt_tt_1',
    num_user_for_reviews: 2701,
    language: 'English',
    country: 'USA',
    content_rating: 'PG-13',
    budget: 250000000,
    title_year: 1977,
    actor_2_facebook_likes: 23000,
    imdb_score: 8.5,
    aspect_ratio: 1.178821504,
    movie_facebook_likes: 164000,
    'production houses': 'Disney',
    week1: 74.391,
    week2: 76.182,
    week3: 62.271,
    week4: 0.362,
    isActive: 1,
    music: '',
    stars: { '0': 1, '1': 1, '2': 0, '3': 0, '4': 0 }
  },
  {
    _id: 3,
    relese: '01-11-1969',
    color: 'Color',
    director: 'Sam Mendes',
    critic: 602,
    duration: 148,
    director_facebook: 0,
    actor_3_facebook: 161,
    actor_2_name: 'Rory Kinnear',
    actor_1_facebook_likes: 11000,
    gross: 200074175,
    genres: 'Action|Adventure|Thriller',
    actor_1_name: 'Christoph Waltz',
    movie_title: 'Spectre',
    num_voted_users: 275868,
    cast_total_facebook_likes: 11700,
    actor_3_name: 'Stephanie Sigman',
    facenumber_in_poster: 1,
    plot_keywords: 'bomb|espionage|sequel|spy|terrorist',
    movie_imdb_link: 'http://www.imdb.com/title/tt2379713/?ref_=fn_tt_tt_1',
    num_user_for_reviews: 994,
    language: 'English',
    country: 'UK',
    content_rating: 'PG-13',
    budget: 245000000,
    title_year: 1969,
    actor_2_facebook_likes: 393,
    imdb_score: 6.8,
    aspect_ratio: 2.022457101,
    movie_facebook_likes: 85000,
    'production houses': 'Independent',
    week1: 29.811,
    week2: 97.568,
    week3: 12.883,
    week4: 0.502,
    isActive: 0,
    music: 'Thomas Newman',
    stars: { '0': 0, '1': 0, '2': 0, '3': 1, '4': 0 }
  },
  {
    _id: 6,
    relese: '21-07-1965',
    color: 'Color',
    director: 'Andrew Stanton',
    critic: 462,
    duration: 132,
    director_facebook: 475,
    actor_3_facebook: 530,
    actor_2_name: 'Samantha Morton',
    actor_1_facebook_likes: 640,
    gross: 73058679,
    genres: 'Action|Adventure|Sci-Fi',
    actor_1_name: 'Daryl Sabara',
    movie_title: 'John Carter',
    num_voted_users: 212204,
    cast_total_facebook_likes: 1873,
    actor_3_name: 'Polly Walker',
    facenumber_in_poster: 1,
    plot_keywords: 'alien|american civil war|male nipple|mars|princess',
    movie_imdb_link: 'http://www.imdb.com/title/tt0401729/?ref_=fn_tt_tt_1',
    num_user_for_reviews: 738,
    language: 'English',
    country: 'USA',
    content_rating: 'PG-13',
    budget: 263700000,
    title_year: 1965,
    actor_2_facebook_likes: 632,
    imdb_score: 6.6,
    aspect_ratio: 2.103939087,
    movie_facebook_likes: 24000,
    'production houses': '20th Century Fox',
    week1: 94.885,
    week2: 61.663,
    week3: 64.056,
    week4: 16.328,
    isActive: 1,
    music: 'Michael Giacchino',
    stars: { '0': 1, '1': 1, '2': 1, '3': 1, '4': 1 }
  },
  {
    _id: 8,
    relese: '18-07-1971',
    color: 'Color',
    director: 'Nathan Greno',
    critic: 324,
    duration: 100,
    director_facebook: 15,
    actor_3_facebook: 284,
    actor_2_name: 'Donna Murphy',
    actor_1_facebook_likes: 799,
    gross: 200807262,
    genres: 'Adventure|Animation|Comedy|Family|Fantasy|Musical|Romance',
    actor_1_name: 'Brad Garrett',
    movie_title: 'Tangled',
    num_voted_users: 294810,
    cast_total_facebook_likes: 2036,
    actor_3_name: 'M.C. Gainey',
    facenumber_in_poster: 1,
    plot_keywords: '17th century|based on fairy tale|disney|flower|tower',
    movie_imdb_link: 'http://www.imdb.com/title/tt0398286/?ref_=fn_tt_tt_1',
    num_user_for_reviews: 387,
    language: 'English',
    country: 'USA',
    content_rating: 'PG',
    budget: 260000000,
    title_year: 1971,
    actor_2_facebook_likes: 553,
    imdb_score: 7.8,
    aspect_ratio: 2.133924229,
    movie_facebook_likes: 29000,
    'production houses': 'Independent',
    week1: 47.766,
    week2: 68.111,
    week3: 32.725,
    week4: 6.232,
    isActive: 1,
    music: 'Alan Menken',
    stars: { '0': 0, '1': 1, '2': 0, '3': 0, '4': 1 }
  },
  {
    _id: 7,
    relese: '16-05-1990',
    color: 'Color',
    director: 'Sam Raimi',
    critic: 392,
    duration: 156,
    director_facebook: 0,
    actor_3_facebook: 4000,
    actor_2_name: 'James Franco',
    actor_1_facebook_likes: 24000,
    gross: 336530303,
    genres: 'Action|Adventure|Romance',
    actor_1_name: 'J.K. Simmons',
    movie_title: 'Spider-Man 3',
    num_voted_users: 383056,
    cast_total_facebook_likes: 46055,
    actor_3_name: 'Kirsten Dunst',
    facenumber_in_poster: 0,
    plot_keywords: 'sandman|spider man|symbiote|venom|villain',
    movie_imdb_link: 'http://www.imdb.com/title/tt0413300/?ref_=fn_tt_tt_1',
    num_user_for_reviews: 1902,
    language: 'English',
    country: 'USA',
    content_rating: 'PG-13',
    budget: 258000000,
    title_year: 1990,
    actor_2_facebook_likes: 11000,
    imdb_score: 6.2,
    aspect_ratio: 2.305530641,
    movie_facebook_likes: 0,
    'production houses': 'Disney',
    week1: 49.352,
    week2: 88.384,
    week3: 43.782,
    week4: 8.155,
    isActive: 0,
    music: 'Christopher Young',
    stars: { '0': 1, '1': 0, '2': 1, '3': 1, '4': 0 }
  },
  {
    _id: 5,
    relese: '28-02-2001',
    color: '',
    director: 'Doug Walker',
    critic: '',
    duration: '',
    director_facebook: 131,
    actor_3_facebook: '',
    actor_2_name: 'Rob Walker',
    actor_1_facebook_likes: 131,
    gross: '',
    genres: 'Documentary',
    actor_1_name: 'Doug Walker',
    movie_title: 'Star Wars: Episode VII - The Force Awakens',
    num_voted_users: 8,
    cast_total_facebook_likes: 143,
    actor_3_name: '',
    facenumber_in_poster: 0,
    plot_keywords: '',
    movie_imdb_link: 'http://www.imdb.com/title/tt5289954/?ref_=fn_tt_tt_1',
    num_user_for_reviews: '',
    language: '',
    country: 'Canada',
    content_rating: '',
    budget: '',
    title_year: 2001,
    actor_2_facebook_likes: 12,
    imdb_score: 7.1,
    aspect_ratio: 1.323596068,
    movie_facebook_likes: 0,
    'production houses': 'Fox',
    week1: 50.864,
    week2: 79.767,
    week3: 25.178,
    week4: 39.018,
    isActive: 1,
    music: 'John Williams',
    stars: { '0': 1, '1': 1, '2': 0, '3': 0, '4': 1 }
  },
  {
    _id: 9,
    relese: '15-05-1976',
    color: 'Color',
    director: 'Joss Whedon',
    critic: 635,
    duration: 141,
    director_facebook: 0,
    actor_3_facebook: 19000,
    actor_2_name: 'Robert Downey Jr.',
    actor_1_facebook_likes: 26000,
    gross: 458991599,
    genres: 'Action|Adventure|Sci-Fi',
    actor_1_name: 'Chris Hemsworth',
    movie_title: 'Avengers: Age of Ultron',
    num_voted_users: 462669,
    cast_total_facebook_likes: 92000,
    actor_3_name: 'Scarlett Johansson',
    facenumber_in_poster: 4,
    plot_keywords: 'artificial intelligence|based on comic book|captain america|marvel cinematic universe|superhero',
    movie_imdb_link: 'http://www.imdb.com/title/tt2395427/?ref_=fn_tt_tt_1',
    num_user_for_reviews: 1117,
    language: 'English',
    country: 'USA',
    content_rating: 'PG-13',
    budget: 250000000,
    title_year: 1976,
    actor_2_facebook_likes: 21000,
    imdb_score: 7.5,
    aspect_ratio: 1.877056704,
    movie_facebook_likes: 118000,
    'production houses': 'Independent',
    week1: 61.289,
    week2: 33.403,
    week3: 38.954,
    week4: 22.222,
    isActive: 1,
    music: 'Brian Tyler',
    stars: { '0': 1, '1': 0, '2': 0, '3': 1, '4': 1 }
  },
  {
    _id: 11,
    relese: '23-09-1982',
    color: 'Color',
    director: 'Zack Snyder',
    critic: 673,
    duration: 183,
    director_facebook: 0,
    actor_3_facebook: 2000,
    actor_2_name: 'Lauren Cohan',
    actor_1_facebook_likes: 15000,
    gross: 330249062,
    genres: 'Action|Adventure|Sci-Fi',
    actor_1_name: 'Henry Cavill',
    movie_title: 'Batman v Superman: Dawn of Justice',
    num_voted_users: 371639,
    cast_total_facebook_likes: 24450,
    actor_3_name: 'Alan D. Purwin',
    facenumber_in_poster: 0,
    plot_keywords: 'based on comic book|batman|sequel to a reboot|superhero|superman',
    movie_imdb_link: 'http://www.imdb.com/title/tt2975590/?ref_=fn_tt_tt_1',
    num_user_for_reviews: 3018,
    language: 'English',
    country: 'USA',
    content_rating: 'PG-13',
    budget: 250000000,
    title_year: 1982,
    actor_2_facebook_likes: 4000,
    imdb_score: 6.9,
    aspect_ratio: 2.40581849,
    movie_facebook_likes: 197000,
    'production houses': 'Independent',
    week1: 30.245,
    week2: 8.061,
    week3: 51.964,
    week4: 3.523,
    isActive: 0,
    music: 'WaterTower',
    stars: { '0': 0, '1': 1, '2': 1, '3': 0, '4': 1 }
  },
  {
    _id: 12,
    relese: '01-09-2005',
    color: 'Color',
    director: 'Bryan Singer',
    critic: 434,
    duration: 169,
    director_facebook: 0,
    actor_3_facebook: 903,
    actor_2_name: 'Marlon Brando',
    actor_1_facebook_likes: 18000,
    gross: 200069408,
    genres: 'Action|Adventure|Sci-Fi',
    actor_1_name: 'Kevin Spacey',
    movie_title: 'Superman Returns',
    num_voted_users: 240396,
    cast_total_facebook_likes: 29991,
    actor_3_name: 'Frank Langella',
    facenumber_in_poster: 0,
    plot_keywords: 'crystal|epic|lex luthor|lois lane|return to earth',
    movie_imdb_link: 'http://www.imdb.com/title/tt0348150/?ref_=fn_tt_tt_1',
    num_user_for_reviews: 2367,
    language: 'English',
    country: 'USA',
    content_rating: 'PG-13',
    budget: 209000000,
    title_year: 2005,
    actor_2_facebook_likes: 10000,
    imdb_score: 6.1,
    aspect_ratio: 2.50176606,
    movie_facebook_likes: 0,
    'production houses': 'Independent',
    week1: 83.261,
    week2: 0.707,
    week3: 3.825,
    week4: 5.379,
    isActive: 1,
    music: 'John Williams',
    stars: { '0': 0, '1': 0, '2': 1, '3': 1, '4': 1 }
  },
  {
    _id: 10,
    relese: '05-06-1964',
    color: 'Color',
    director: 'David Yates',
    critic: 375,
    duration: 153,
    director_facebook: 282,
    actor_3_facebook: 10000,
    actor_2_name: 'Daniel Radcliffe',
    actor_1_facebook_likes: 25000,
    gross: 301956980,
    genres: 'Adventure|Family|Fantasy|Mystery',
    actor_1_name: 'Alan Rickman',
    movie_title: 'Harry Potter and the Half-Blood Prince',
    num_voted_users: 321795,
    cast_total_facebook_likes: 58753,
    actor_3_name: 'Rupert Grint',
    facenumber_in_poster: 3,
    plot_keywords: 'blood|book|love|potion|professor',
    movie_imdb_link: 'http://www.imdb.com/title/tt0417741/?ref_=fn_tt_tt_1',
    num_user_for_reviews: 973,
    language: 'English',
    country: 'UK',
    content_rating: 'PG',
    budget: 250000000,
    title_year: 1964,
    actor_2_facebook_likes: 11000,
    imdb_score: 7.5,
    aspect_ratio: 1.206639454,
    movie_facebook_likes: 10000,
    'production houses': 'Warner Bros.',
    week1: 0.062,
    week2: 89.447,
    week3: 53.728,
    week4: 21.924,
    isActive: 1,
    music: 'Nicholas Hooper',
    stars: { '0': 0, '1': 0, '2': 1, '3': 0, '4': 1 }
  },
  {
    _id: 13,
    relese: '25-05-1984',
    color: 'Color',
    director: 'Marc Forster',
    critic: 403,
    duration: 106,
    director_facebook: 395,
    actor_3_facebook: 393,
    actor_2_name: 'Mathieu Amalric',
    actor_1_facebook_likes: 451,
    gross: 168368427,
    genres: 'Action|Adventure',
    actor_1_name: 'Giancarlo Giannini',
    movie_title: 'Quantum of Solace',
    num_voted_users: 330784,
    cast_total_facebook_likes: 2023,
    actor_3_name: 'Rory Kinnear',
    facenumber_in_poster: 1,
    plot_keywords: 'action hero|attempted rape|bond girl|official james bond series|revenge',
    movie_imdb_link: 'http://www.imdb.com/title/tt0830515/?ref_=fn_tt_tt_1',
    num_user_for_reviews: 1243,
    language: 'English',
    country: 'UK',
    content_rating: 'PG-13',
    budget: 200000000,
    title_year: 1984,
    actor_2_facebook_likes: 412,
    imdb_score: 6.7,
    aspect_ratio: 2.921944859,
    movie_facebook_likes: 0,
    'production houses': 'Summit',
    week1: 65.496,
    week2: 81.995,
    week3: 45.36,
    week4: 36.368,
    isActive: 1,
    music: 'David Arnold',
    stars: { '0': 0, '1': 1, '2': 0, '3': 1, '4': 0 }
  },
  {
    _id: 14,
    relese: '14-02-1988',
    color: 'Color',
    director: 'Gore Verbinski',
    critic: 313,
    duration: 151,
    director_facebook: 563,
    actor_3_facebook: 1000,
    actor_2_name: 'Orlando Bloom',
    actor_1_facebook_likes: 40000,
    gross: 423032628,
    genres: 'Action|Adventure|Fantasy',
    actor_1_name: 'Johnny Depp',
    movie_title: "Pirates of the Caribbean: Dead Man's Chest",
    num_voted_users: 522040,
    cast_total_facebook_likes: 48486,
    actor_3_name: 'Jack Davenport',
    facenumber_in_poster: 2,
    plot_keywords: "box office hit|giant squid|heart|liar's dice|monster",
    movie_imdb_link: 'http://www.imdb.com/title/tt0383574/?ref_=fn_tt_tt_1',
    num_user_for_reviews: 1832,
    language: 'English',
    country: 'USA',
    content_rating: 'PG-13',
    budget: 225000000,
    title_year: 1988,
    actor_2_facebook_likes: 5000,
    imdb_score: 7.3,
    aspect_ratio: 2.516786459,
    movie_facebook_likes: 5000,
    'production houses': 'Independent',
    week1: 58.51,
    week2: 87.556,
    week3: 0.803,
    week4: 2.497,
    isActive: 1,
    music: 'Hans Zimmer',
    stars: { '0': 1, '1': 0, '2': 0, '3': 0, '4': 1 }
  },
  {
    _id: 15,
    relese: '07-06-1980',
    color: '',
    director: 'Gore Verbinski',
    critic: '',
    duration: 150,
    director_facebook: 563,
    actor_3_facebook: 1000,
    actor_2_name: 'Ruth Wilson',
    actor_1_facebook_likes: 40000,
    gross: 89289910,
    genres: 'Action|Adventure|Western',
    actor_1_name: 'Johnny Depp',
    movie_title: 'The Lone Ranger',
    num_voted_users: 181792,
    cast_total_facebook_likes: 45757,
    actor_3_name: 'Tom Wilkinson',
    facenumber_in_poster: 1,
    plot_keywords: 'horse|outlaw|texas|texas ranger|train',
    movie_imdb_link: 'http://www.imdb.com/title/tt1210819/?ref_=fn_tt_tt_1',
    num_user_for_reviews: 711,
    language: 'English',
    country: 'USA',
    content_rating: 'PG-13',
    budget: 215000000,
    title_year: 1980,
    actor_2_facebook_likes: 2000,
    imdb_score: 6.5,
    aspect_ratio: 2.049508332,
    movie_facebook_likes: 48000,
    'production houses': 'Summit',
    week1: 105.768,
    week2: 44.445,
    week3: 74.777,
    week4: 38.381,
    isActive: 0,
    music: 'Hans Zimmer',
    stars: { '0': 0, '1': 0, '2': 0, '3': 1, '4': 1 }
  },
  {
    _id: 16,
    relese: '04-08-1998',
    color: 'Color',
    director: 'Zack Snyder',
    critic: 733,
    duration: 143,
    director_facebook: 0,
    actor_3_facebook: 748,
    actor_2_name: 'Christopher Meloni',
    actor_1_facebook_likes: 15000,
    gross: 291021565,
    genres: 'Action|Adventure|Fantasy|Sci-Fi',
    actor_1_name: 'Henry Cavill',
    movie_title: 'Man of Steel',
    num_voted_users: 548573,
    cast_total_facebook_likes: 20495,
    actor_3_name: 'Harry Lennix',
    facenumber_in_poster: 0,
    plot_keywords: 'based on comic book|british actor playing american character|final battle|origin of hero|reboot',
    movie_imdb_link: 'http://www.imdb.com/title/tt0770828/?ref_=fn_tt_tt_1',
    num_user_for_reviews: 2536,
    language: 'English',
    country: 'USA',
    content_rating: 'PG-13',
    budget: 225000000,
    title_year: 1998,
    actor_2_facebook_likes: 3000,
    imdb_score: 7.2,
    aspect_ratio: 2.269864721,
    movie_facebook_likes: 118000,
    'production houses': 'Paramount',
    week1: 88.024,
    week2: 15.52,
    week3: 19.095,
    week4: 36.016,
    isActive: 0,
    music: 'Hans Zimmer',
    stars: { '0': 1, '1': 1, '2': 1, '3': 1, '4': 1 }
  },
  {
    _id: 17,
    relese: '15-08-1998',
    color: 'Color',
    director: 'Andrew Adamson',
    critic: 258,
    duration: 150,
    director_facebook: 80,
    actor_3_facebook: 201,
    actor_2_name: 'Pierfrancesco Favino',
    actor_1_facebook_likes: 22000,
    gross: 141614023,
    genres: 'Action|Adventure|Family|Fantasy',
    actor_1_name: 'Peter Dinklage',
    movie_title: 'The Chronicles of Narnia: Prince Caspian',
    num_voted_users: 149922,
    cast_total_facebook_likes: 22697,
    actor_3_name: 'Dami치n Alc치zar',
    facenumber_in_poster: 4,
    plot_keywords: 'brother brother relationship|brother sister relationship|good versus evil|king|narnia',
    movie_imdb_link: 'http://www.imdb.com/title/tt0499448/?ref_=fn_tt_tt_1',
    num_user_for_reviews: 438,
    language: 'English',
    country: 'USA',
    content_rating: 'PG',
    budget: 225000000,
    title_year: 1998,
    actor_2_facebook_likes: 216,
    imdb_score: 6.6,
    aspect_ratio: 1.720342257,
    movie_facebook_likes: 0,
    'production houses': 'Disney',
    week1: 98.365,
    week2: 44.405,
    week3: 35.247,
    week4: 26.151,
    isActive: 1,
    music: 'Harry Gregson-Williams',
    stars: { '0': 1, '1': 1, '2': 0, '3': 0, '4': 1 }
  },
  {
    _id: 18,
    relese: '01-06-1991',
    color: 'Color',
    director: 'Joss Whedon',
    critic: 703,
    duration: 173,
    director_facebook: 0,
    actor_3_facebook: 19000,
    actor_2_name: 'Robert Downey Jr.',
    actor_1_facebook_likes: 26000,
    gross: 623279547,
    genres: 'Action|Adventure|Sci-Fi',
    actor_1_name: 'Chris Hemsworth',
    movie_title: 'The Avengers',
    num_voted_users: 995415,
    cast_total_facebook_likes: 87697,
    actor_3_name: 'Scarlett Johansson',
    facenumber_in_poster: 3,
    plot_keywords: 'alien invasion|assassin|battle|iron man|soldier',
    movie_imdb_link: 'http://www.imdb.com/title/tt0848228/?ref_=fn_tt_tt_1',
    num_user_for_reviews: 1722,
    language: 'English',
    country: 'USA',
    content_rating: 'PG-13',
    budget: 220000000,
    title_year: 1991,
    actor_2_facebook_likes: 21000,
    imdb_score: 8.1,
    aspect_ratio: 1.014251209,
    movie_facebook_likes: 123000,
    'production houses': 'Warner Bros.',
    week1: 90.384,
    week2: 55.017,
    week3: 72.602,
    week4: 31.011,
    isActive: 1,
    music: 'Alan Silvestri',
    stars: { '0': 0, '1': 0, '2': 1, '3': 1, '4': 1 }
  },
  {
    _id: 19,
    relese: '11-12-1987',
    color: 'Color',
    director: 'Rob Marshall',
    critic: 448,
    duration: 136,
    director_facebook: 252,
    actor_3_facebook: 1000,
    actor_2_name: 'Sam Claflin',
    actor_1_facebook_likes: 40000,
    gross: 241063875,
    genres: 'Action|Adventure|Fantasy',
    actor_1_name: 'Johnny Depp',
    movie_title: 'Pirates of the Caribbean: On Stranger Tides',
    num_voted_users: 370704,
    cast_total_facebook_likes: 54083,
    actor_3_name: 'Stephen Graham',
    facenumber_in_poster: 4,
    plot_keywords: 'blackbeard|captain|pirate|revenge|soldier',
    movie_imdb_link: 'http://www.imdb.com/title/tt1298650/?ref_=fn_tt_tt_1',
    num_user_for_reviews: 484,
    language: 'English',
    country: 'USA',
    content_rating: 'PG-13',
    budget: 250000000,
    title_year: 1987,
    actor_2_facebook_likes: 11000,
    imdb_score: 6.7,
    aspect_ratio: 1.829249773,
    movie_facebook_likes: 58000,
    'production houses': 'Paramount',
    week1: 74.747,
    week2: 53.769,
    week3: 10.221,
    week4: 37.365,
    isActive: 1,
    music: 'Hans Zimmer',
    stars: { '0': 1, '1': 0, '2': 0, '3': 1, '4': 0 }
  },
  {
    _id: 20,
    relese: '01-01-1966',
    color: 'Color',
    director: 'Barry Sonnenfeld',
    critic: 451,
    duration: 106,
    director_facebook: 188,
    actor_3_facebook: 718,
    actor_2_name: 'Michael Stuhlbarg',
    actor_1_facebook_likes: 10000,
    gross: 179020854,
    genres: 'Action|Adventure|Comedy|Family|Fantasy|Sci-Fi',
    actor_1_name: 'Will Smith',
    movie_title: 'Men in Black 3',
    num_voted_users: 268154,
    cast_total_facebook_likes: 12572,
    actor_3_name: 'Nicole Scherzinger',
    facenumber_in_poster: 1,
    plot_keywords: 'alien|criminal|m.i.b.|maximum security prison|prison',
    movie_imdb_link: 'http://www.imdb.com/title/tt1409024/?ref_=fn_tt_tt_1',
    num_user_for_reviews: 341,
    language: 'English',
    country: 'USA',
    content_rating: 'PG-13',
    budget: 225000000,
    title_year: 1966,
    actor_2_facebook_likes: 816,
    imdb_score: 6.8,
    aspect_ratio: 2.022072222,
    movie_facebook_likes: 40000,
    'production houses': 'Paramount',
    week1: 32.77,
    week2: 76.435,
    week3: 71.695,
    week4: 4.399,
    isActive: 0,
    music: 'Danny Elfman',
    stars: { '0': 1, '1': 1, '2': 1, '3': 0, '4': 1 }
  }
]
Type "it" for more
Enterprise x> db
x
Enterprise x> db.getName();
x
Enterprise x> db.movies.find();

Enterprise x> db.getSiblingDB('db1').movies.find();
[
  {
    _id: 2,
    relese: '14-11-1968',
    color: 'Color',
    director: 'Gore Verbinski',
    critic: 302,
    duration: 169,
    director_facebook: 563,
    actor_3_facebook: 1000,
    actor_2_name: 'Orlando Bloom',
    actor_1_facebook_likes: 40000,
    gross: 309404152,
    genres: 'Action|Adventure|Fantasy',
    actor_1_name: 'Johnny Depp',
    movie_title: "Pirates of the Caribbean: At World's End",
    num_voted_users: 471220,
    cast_total_facebook_likes: 48350,
    actor_3_name: 'Jack Davenport',
    facenumber_in_poster: 0,
    plot_keywords: 'goddess|marriage ceremony|marriage proposal|pirate|singapore',
    movie_imdb_link: 'http://www.imdb.com/title/tt0449088/?ref_=fn_tt_tt_1',
    num_user_for_reviews: 1238,
    language: 'English',
    country: 'USA',
    content_rating: 'PG-13',
    budget: 300000000,
    title_year: 1968,
    actor_2_facebook_likes: 5000,
    imdb_score: 7.1,
    aspect_ratio: 2.370591809,
    movie_facebook_likes: 0,
    'production houses': 'The Weinstein Company',
    week1: 0.323,
    week2: 4.543,
    week3: 69.805,
    week4: 2.022,
    isActive: 0,
    music: 'Lorne Balfe',
    stars: { '0': 1, '1': 1, '2': 1, '3': 1, '4': 1 }
  },
  {
    _id: 1,
    relese: '13-06-1998',
    color: '',
    director: 'James Cameron',
    critic: 723,
    duration: 178,
    director_facebook: 0,
    actor_3_facebook: 855,
    actor_2_name: 'Joel David Moore',
    actor_1_facebook_likes: 1000,
    gross: 760505847,
    genres: 'Action|Adventure|Fantasy|Sci-Fi',
    actor_1_name: 'CCH Pounder',
    movie_title: 'Avatar',
    num_voted_users: 886204,
    cast_total_facebook_likes: 4834,
    actor_3_name: 'Wes Studi',
    facenumber_in_poster: 0,
    plot_keywords: 'avatar|future|marine|native|paraplegic',
    movie_imdb_link: 'http://www.imdb.com/title/tt0499549/?ref_=fn_tt_tt_1',
    num_user_for_reviews: 3054,
    language: 'English',
    country: 'USA',
    content_rating: 'PG-13',
    budget: 237000001,
    title_year: 1998,
    actor_2_facebook_likes: 936,
    imdb_score: 7.9,
    aspect_ratio: 1.120835,
    movie_facebook_likes: 33000,
    'production houses': 'The Weinstein Company',
    week1: 28.103,
    week2: 67.888,
    week3: 37.319,
    week4: 48.732,
    isActive: 1,
    music: 'James Horner',
    stars: { '0': 0, '1': 0, '2': 1, '3': 1, '4': 1 }
  },
  {
    _id: 4,
    relese: '13-03-1977',
    color: 'Color',
    director: 'Christopher Nolan',
    critic: 813,
    duration: 164,
    director_facebook: 22000,
    actor_3_facebook: 23000,
    actor_2_name: 'Christian Bale',
    actor_1_facebook_likes: 27000,
    gross: 448130642,
    genres: 'Action|Thriller',
    actor_1_name: 'Tom Hardy',
    movie_title: 'The Dark Knight Rises',
    num_voted_users: 1144337,
    cast_total_facebook_likes: 106759,
    actor_3_name: 'Joseph Gordon-Levitt',
    facenumber_in_poster: 0,
    plot_keywords: 'deception|imprisonment|lawlessness|police officer|terrorist plot',
    movie_imdb_link: 'http://www.imdb.com/title/tt1345836/?ref_=fn_tt_tt_1',
    num_user_for_reviews: 2701,
    language: 'English',
    country: 'USA',
    content_rating: 'PG-13',
    budget: 250000000,
    title_year: 1977,
    actor_2_facebook_likes: 23000,
    imdb_score: 8.5,
    aspect_ratio: 1.178821504,
    movie_facebook_likes: 164000,
    'production houses': 'Disney',
    week1: 74.391,
    week2: 76.182,
    week3: 62.271,
    week4: 0.362,
    isActive: 1,
    music: '',
    stars: { '0': 1, '1': 1, '2': 0, '3': 0, '4': 0 }
  },
  {
    _id: 3,
    relese: '01-11-1969',
    color: 'Color',
    director: 'Sam Mendes',
    critic: 602,
    duration: 148,
    director_facebook: 0,
    actor_3_facebook: 161,
    actor_2_name: 'Rory Kinnear',
    actor_1_facebook_likes: 11000,
    gross: 200074175,
    genres: 'Action|Adventure|Thriller',
    actor_1_name: 'Christoph Waltz',
    movie_title: 'Spectre',
    num_voted_users: 275868,
    cast_total_facebook_likes: 11700,
    actor_3_name: 'Stephanie Sigman',
    facenumber_in_poster: 1,
    plot_keywords: 'bomb|espionage|sequel|spy|terrorist',
    movie_imdb_link: 'http://www.imdb.com/title/tt2379713/?ref_=fn_tt_tt_1',
    num_user_for_reviews: 994,
    language: 'English',
    country: 'UK',
    content_rating: 'PG-13',
    budget: 245000000,
    title_year: 1969,
    actor_2_facebook_likes: 393,
    imdb_score: 6.8,
    aspect_ratio: 2.022457101,
    movie_facebook_likes: 85000,
    'production houses': 'Independent',
    week1: 29.811,
    week2: 97.568,
    week3: 12.883,
    week4: 0.502,
    isActive: 0,
    music: 'Thomas Newman',
    stars: { '0': 0, '1': 0, '2': 0, '3': 1, '4': 0 }
  },
  {
    _id: 6,
    relese: '21-07-1965',
    color: 'Color',
    director: 'Andrew Stanton',
    critic: 462,
    duration: 132,
    director_facebook: 475,
    actor_3_facebook: 530,
    actor_2_name: 'Samantha Morton',
    actor_1_facebook_likes: 640,
    gross: 73058679,
    genres: 'Action|Adventure|Sci-Fi',
    actor_1_name: 'Daryl Sabara',
    movie_title: 'John Carter',
    num_voted_users: 212204,
    cast_total_facebook_likes: 1873,
    actor_3_name: 'Polly Walker',
    facenumber_in_poster: 1,
    plot_keywords: 'alien|american civil war|male nipple|mars|princess',
    movie_imdb_link: 'http://www.imdb.com/title/tt0401729/?ref_=fn_tt_tt_1',
    num_user_for_reviews: 738,
    language: 'English',
    country: 'USA',
    content_rating: 'PG-13',
    budget: 263700000,
    title_year: 1965,
    actor_2_facebook_likes: 632,
    imdb_score: 6.6,
    aspect_ratio: 2.103939087,
    movie_facebook_likes: 24000,
    'production houses': '20th Century Fox',
    week1: 94.885,
    week2: 61.663,
    week3: 64.056,
    week4: 16.328,
    isActive: 1,
    music: 'Michael Giacchino',
    stars: { '0': 1, '1': 1, '2': 1, '3': 1, '4': 1 }
  },
  {
    _id: 8,
    relese: '18-07-1971',
    color: 'Color',
    director: 'Nathan Greno',
    critic: 324,
    duration: 100,
    director_facebook: 15,
    actor_3_facebook: 284,
    actor_2_name: 'Donna Murphy',
    actor_1_facebook_likes: 799,
    gross: 200807262,
    genres: 'Adventure|Animation|Comedy|Family|Fantasy|Musical|Romance',
    actor_1_name: 'Brad Garrett',
    movie_title: 'Tangled',
    num_voted_users: 294810,
    cast_total_facebook_likes: 2036,
    actor_3_name: 'M.C. Gainey',
    facenumber_in_poster: 1,
    plot_keywords: '17th century|based on fairy tale|disney|flower|tower',
    movie_imdb_link: 'http://www.imdb.com/title/tt0398286/?ref_=fn_tt_tt_1',
    num_user_for_reviews: 387,
    language: 'English',
    country: 'USA',
    content_rating: 'PG',
    budget: 260000000,
    title_year: 1971,
    actor_2_facebook_likes: 553,
    imdb_score: 7.8,
    aspect_ratio: 2.133924229,
    movie_facebook_likes: 29000,
    'production houses': 'Independent',
    week1: 47.766,
    week2: 68.111,
    week3: 32.725,
    week4: 6.232,
    isActive: 1,
    music: 'Alan Menken',
    stars: { '0': 0, '1': 1, '2': 0, '3': 0, '4': 1 }
  },
  {
    _id: 7,
    relese: '16-05-1990',
    color: 'Color',
    director: 'Sam Raimi',
    critic: 392,
    duration: 156,
    director_facebook: 0,
    actor_3_facebook: 4000,
    actor_2_name: 'James Franco',
    actor_1_facebook_likes: 24000,
    gross: 336530303,
    genres: 'Action|Adventure|Romance',
    actor_1_name: 'J.K. Simmons',
    movie_title: 'Spider-Man 3',
    num_voted_users: 383056,
    cast_total_facebook_likes: 46055,
    actor_3_name: 'Kirsten Dunst',
    facenumber_in_poster: 0,
    plot_keywords: 'sandman|spider man|symbiote|venom|villain',
    movie_imdb_link: 'http://www.imdb.com/title/tt0413300/?ref_=fn_tt_tt_1',
    num_user_for_reviews: 1902,
    language: 'English',
    country: 'USA',
    content_rating: 'PG-13',
    budget: 258000000,
    title_year: 1990,
    actor_2_facebook_likes: 11000,
    imdb_score: 6.2,
    aspect_ratio: 2.305530641,
    movie_facebook_likes: 0,
    'production houses': 'Disney',
    week1: 49.352,
    week2: 88.384,
    week3: 43.782,
    week4: 8.155,
    isActive: 0,
    music: 'Christopher Young',
    stars: { '0': 1, '1': 0, '2': 1, '3': 1, '4': 0 }
  },
  {
    _id: 5,
    relese: '28-02-2001',
    color: '',
    director: 'Doug Walker',
    critic: '',
    duration: '',
    director_facebook: 131,
    actor_3_facebook: '',
    actor_2_name: 'Rob Walker',
    actor_1_facebook_likes: 131,
    gross: '',
    genres: 'Documentary',
    actor_1_name: 'Doug Walker',
    movie_title: 'Star Wars: Episode VII - The Force Awakens',
    num_voted_users: 8,
    cast_total_facebook_likes: 143,
    actor_3_name: '',
    facenumber_in_poster: 0,
    plot_keywords: '',
    movie_imdb_link: 'http://www.imdb.com/title/tt5289954/?ref_=fn_tt_tt_1',
    num_user_for_reviews: '',
    language: '',
    country: 'Canada',
    content_rating: '',
    budget: '',
    title_year: 2001,
    actor_2_facebook_likes: 12,
    imdb_score: 7.1,
    aspect_ratio: 1.323596068,
    movie_facebook_likes: 0,
    'production houses': 'Fox',
    week1: 50.864,
    week2: 79.767,
    week3: 25.178,
    week4: 39.018,
    isActive: 1,
    music: 'John Williams',
    stars: { '0': 1, '1': 1, '2': 0, '3': 0, '4': 1 }
  },
  {
    _id: 9,
    relese: '15-05-1976',
    color: 'Color',
    director: 'Joss Whedon',
    critic: 635,
    duration: 141,
    director_facebook: 0,
    actor_3_facebook: 19000,
    actor_2_name: 'Robert Downey Jr.',
    actor_1_facebook_likes: 26000,
    gross: 458991599,
    genres: 'Action|Adventure|Sci-Fi',
    actor_1_name: 'Chris Hemsworth',
    movie_title: 'Avengers: Age of Ultron',
    num_voted_users: 462669,
    cast_total_facebook_likes: 92000,
    actor_3_name: 'Scarlett Johansson',
    facenumber_in_poster: 4,
    plot_keywords: 'artificial intelligence|based on comic book|captain america|marvel cinematic universe|superhero',
    movie_imdb_link: 'http://www.imdb.com/title/tt2395427/?ref_=fn_tt_tt_1',
    num_user_for_reviews: 1117,
    language: 'English',
    country: 'USA',
    content_rating: 'PG-13',
    budget: 250000000,
    title_year: 1976,
    actor_2_facebook_likes: 21000,
    imdb_score: 7.5,
    aspect_ratio: 1.877056704,
    movie_facebook_likes: 118000,
    'production houses': 'Independent',
    week1: 61.289,
    week2: 33.403,
    week3: 38.954,
    week4: 22.222,
    isActive: 1,
    music: 'Brian Tyler',
    stars: { '0': 1, '1': 0, '2': 0, '3': 1, '4': 1 }
  },
  {
    _id: 11,
    relese: '23-09-1982',
    color: 'Color',
    director: 'Zack Snyder',
    critic: 673,
    duration: 183,
    director_facebook: 0,
    actor_3_facebook: 2000,
    actor_2_name: 'Lauren Cohan',
    actor_1_facebook_likes: 15000,
    gross: 330249062,
    genres: 'Action|Adventure|Sci-Fi',
    actor_1_name: 'Henry Cavill',
    movie_title: 'Batman v Superman: Dawn of Justice',
    num_voted_users: 371639,
    cast_total_facebook_likes: 24450,
    actor_3_name: 'Alan D. Purwin',
    facenumber_in_poster: 0,
    plot_keywords: 'based on comic book|batman|sequel to a reboot|superhero|superman',
    movie_imdb_link: 'http://www.imdb.com/title/tt2975590/?ref_=fn_tt_tt_1',
    num_user_for_reviews: 3018,
    language: 'English',
    country: 'USA',
    content_rating: 'PG-13',
    budget: 250000000,
    title_year: 1982,
    actor_2_facebook_likes: 4000,
    imdb_score: 6.9,
    aspect_ratio: 2.40581849,
    movie_facebook_likes: 197000,
    'production houses': 'Independent',
    week1: 30.245,
    week2: 8.061,
    week3: 51.964,
    week4: 3.523,
    isActive: 0,
    music: 'WaterTower',
    stars: { '0': 0, '1': 1, '2': 1, '3': 0, '4': 1 }
  },
  {
    _id: 12,
    relese: '01-09-2005',
    color: 'Color',
    director: 'Bryan Singer',
    critic: 434,
    duration: 169,
    director_facebook: 0,
    actor_3_facebook: 903,
    actor_2_name: 'Marlon Brando',
    actor_1_facebook_likes: 18000,
    gross: 200069408,
    genres: 'Action|Adventure|Sci-Fi',
    actor_1_name: 'Kevin Spacey',
    movie_title: 'Superman Returns',
    num_voted_users: 240396,
    cast_total_facebook_likes: 29991,
    actor_3_name: 'Frank Langella',
    facenumber_in_poster: 0,
    plot_keywords: 'crystal|epic|lex luthor|lois lane|return to earth',
    movie_imdb_link: 'http://www.imdb.com/title/tt0348150/?ref_=fn_tt_tt_1',
    num_user_for_reviews: 2367,
    language: 'English',
    country: 'USA',
    content_rating: 'PG-13',
    budget: 209000000,
    title_year: 2005,
    actor_2_facebook_likes: 10000,
    imdb_score: 6.1,
    aspect_ratio: 2.50176606,
    movie_facebook_likes: 0,
    'production houses': 'Independent',
    week1: 83.261,
    week2: 0.707,
    week3: 3.825,
    week4: 5.379,
    isActive: 1,
    music: 'John Williams',
    stars: { '0': 0, '1': 0, '2': 1, '3': 1, '4': 1 }
  },
  {
    _id: 10,
    relese: '05-06-1964',
    color: 'Color',
    director: 'David Yates',
    critic: 375,
    duration: 153,
    director_facebook: 282,
    actor_3_facebook: 10000,
    actor_2_name: 'Daniel Radcliffe',
    actor_1_facebook_likes: 25000,
    gross: 301956980,
    genres: 'Adventure|Family|Fantasy|Mystery',
    actor_1_name: 'Alan Rickman',
    movie_title: 'Harry Potter and the Half-Blood Prince',
    num_voted_users: 321795,
    cast_total_facebook_likes: 58753,
    actor_3_name: 'Rupert Grint',
    facenumber_in_poster: 3,
    plot_keywords: 'blood|book|love|potion|professor',
    movie_imdb_link: 'http://www.imdb.com/title/tt0417741/?ref_=fn_tt_tt_1',
    num_user_for_reviews: 973,
    language: 'English',
    country: 'UK',
    content_rating: 'PG',
    budget: 250000000,
    title_year: 1964,
    actor_2_facebook_likes: 11000,
    imdb_score: 7.5,
    aspect_ratio: 1.206639454,
    movie_facebook_likes: 10000,
    'production houses': 'Warner Bros.',
    week1: 0.062,
    week2: 89.447,
    week3: 53.728,
    week4: 21.924,
    isActive: 1,
    music: 'Nicholas Hooper',
    stars: { '0': 0, '1': 0, '2': 1, '3': 0, '4': 1 }
  },
  {
    _id: 13,
    relese: '25-05-1984',
    color: 'Color',
    director: 'Marc Forster',
    critic: 403,
    duration: 106,
    director_facebook: 395,
    actor_3_facebook: 393,
    actor_2_name: 'Mathieu Amalric',
    actor_1_facebook_likes: 451,
    gross: 168368427,
    genres: 'Action|Adventure',
    actor_1_name: 'Giancarlo Giannini',
    movie_title: 'Quantum of Solace',
    num_voted_users: 330784,
    cast_total_facebook_likes: 2023,
    actor_3_name: 'Rory Kinnear',
    facenumber_in_poster: 1,
    plot_keywords: 'action hero|attempted rape|bond girl|official james bond series|revenge',
    movie_imdb_link: 'http://www.imdb.com/title/tt0830515/?ref_=fn_tt_tt_1',
    num_user_for_reviews: 1243,
    language: 'English',
    country: 'UK',
    content_rating: 'PG-13',
    budget: 200000000,
    title_year: 1984,
    actor_2_facebook_likes: 412,
    imdb_score: 6.7,
    aspect_ratio: 2.921944859,
    movie_facebook_likes: 0,
    'production houses': 'Summit',
    week1: 65.496,
    week2: 81.995,
    week3: 45.36,
    week4: 36.368,
    isActive: 1,
    music: 'David Arnold',
    stars: { '0': 0, '1': 1, '2': 0, '3': 1, '4': 0 }
  },
  {
    _id: 14,
    relese: '14-02-1988',
    color: 'Color',
    director: 'Gore Verbinski',
    critic: 313,
    duration: 151,
    director_facebook: 563,
    actor_3_facebook: 1000,
    actor_2_name: 'Orlando Bloom',
    actor_1_facebook_likes: 40000,
    gross: 423032628,
    genres: 'Action|Adventure|Fantasy',
    actor_1_name: 'Johnny Depp',
    movie_title: "Pirates of the Caribbean: Dead Man's Chest",
    num_voted_users: 522040,
    cast_total_facebook_likes: 48486,
    actor_3_name: 'Jack Davenport',
    facenumber_in_poster: 2,
    plot_keywords: "box office hit|giant squid|heart|liar's dice|monster",
    movie_imdb_link: 'http://www.imdb.com/title/tt0383574/?ref_=fn_tt_tt_1',
    num_user_for_reviews: 1832,
    language: 'English',
    country: 'USA',
    content_rating: 'PG-13',
    budget: 225000000,
    title_year: 1988,
    actor_2_facebook_likes: 5000,
    imdb_score: 7.3,
    aspect_ratio: 2.516786459,
    movie_facebook_likes: 5000,
    'production houses': 'Independent',
    week1: 58.51,
    week2: 87.556,
    week3: 0.803,
    week4: 2.497,
    isActive: 1,
    music: 'Hans Zimmer',
    stars: { '0': 1, '1': 0, '2': 0, '3': 0, '4': 1 }
  },
  {
    _id: 15,
    relese: '07-06-1980',
    color: '',
    director: 'Gore Verbinski',
    critic: '',
    duration: 150,
    director_facebook: 563,
    actor_3_facebook: 1000,
    actor_2_name: 'Ruth Wilson',
    actor_1_facebook_likes: 40000,
    gross: 89289910,
    genres: 'Action|Adventure|Western',
    actor_1_name: 'Johnny Depp',
    movie_title: 'The Lone Ranger',
    num_voted_users: 181792,
    cast_total_facebook_likes: 45757,
    actor_3_name: 'Tom Wilkinson',
    facenumber_in_poster: 1,
    plot_keywords: 'horse|outlaw|texas|texas ranger|train',
    movie_imdb_link: 'http://www.imdb.com/title/tt1210819/?ref_=fn_tt_tt_1',
    num_user_for_reviews: 711,
    language: 'English',
    country: 'USA',
    content_rating: 'PG-13',
    budget: 215000000,
    title_year: 1980,
    actor_2_facebook_likes: 2000,
    imdb_score: 6.5,
    aspect_ratio: 2.049508332,
    movie_facebook_likes: 48000,
    'production houses': 'Summit',
    week1: 105.768,
    week2: 44.445,
    week3: 74.777,
    week4: 38.381,
    isActive: 0,
    music: 'Hans Zimmer',
    stars: { '0': 0, '1': 0, '2': 0, '3': 1, '4': 1 }
  },
  {
    _id: 16,
    relese: '04-08-1998',
    color: 'Color',
    director: 'Zack Snyder',
    critic: 733,
    duration: 143,
    director_facebook: 0,
    actor_3_facebook: 748,
    actor_2_name: 'Christopher Meloni',
    actor_1_facebook_likes: 15000,
    gross: 291021565,
    genres: 'Action|Adventure|Fantasy|Sci-Fi',
    actor_1_name: 'Henry Cavill',
    movie_title: 'Man of Steel',
    num_voted_users: 548573,
    cast_total_facebook_likes: 20495,
    actor_3_name: 'Harry Lennix',
    facenumber_in_poster: 0,
    plot_keywords: 'based on comic book|british actor playing american character|final battle|origin of hero|reboot',
    movie_imdb_link: 'http://www.imdb.com/title/tt0770828/?ref_=fn_tt_tt_1',
    num_user_for_reviews: 2536,
    language: 'English',
    country: 'USA',
    content_rating: 'PG-13',
    budget: 225000000,
    title_year: 1998,
    actor_2_facebook_likes: 3000,
    imdb_score: 7.2,
    aspect_ratio: 2.269864721,
    movie_facebook_likes: 118000,
    'production houses': 'Paramount',
    week1: 88.024,
    week2: 15.52,
    week3: 19.095,
    week4: 36.016,
    isActive: 0,
    music: 'Hans Zimmer',
    stars: { '0': 1, '1': 1, '2': 1, '3': 1, '4': 1 }
  },
  {
    _id: 17,
    relese: '15-08-1998',
    color: 'Color',
    director: 'Andrew Adamson',
    critic: 258,
    duration: 150,
    director_facebook: 80,
    actor_3_facebook: 201,
    actor_2_name: 'Pierfrancesco Favino',
    actor_1_facebook_likes: 22000,
    gross: 141614023,
    genres: 'Action|Adventure|Family|Fantasy',
    actor_1_name: 'Peter Dinklage',
    movie_title: 'The Chronicles of Narnia: Prince Caspian',
    num_voted_users: 149922,
    cast_total_facebook_likes: 22697,
    actor_3_name: 'Dami치n Alc치zar',
    facenumber_in_poster: 4,
    plot_keywords: 'brother brother relationship|brother sister relationship|good versus evil|king|narnia',
    movie_imdb_link: 'http://www.imdb.com/title/tt0499448/?ref_=fn_tt_tt_1',
    num_user_for_reviews: 438,
    language: 'English',
    country: 'USA',
    content_rating: 'PG',
    budget: 225000000,
    title_year: 1998,
    actor_2_facebook_likes: 216,
    imdb_score: 6.6,
    aspect_ratio: 1.720342257,
    movie_facebook_likes: 0,
    'production houses': 'Disney',
    week1: 98.365,
    week2: 44.405,
    week3: 35.247,
    week4: 26.151,
    isActive: 1,
    music: 'Harry Gregson-Williams',
    stars: { '0': 1, '1': 1, '2': 0, '3': 0, '4': 1 }
  },
  {
    _id: 18,
    relese: '01-06-1991',
    color: 'Color',
    director: 'Joss Whedon',
    critic: 703,
    duration: 173,
    director_facebook: 0,
    actor_3_facebook: 19000,
    actor_2_name: 'Robert Downey Jr.',
    actor_1_facebook_likes: 26000,
    gross: 623279547,
    genres: 'Action|Adventure|Sci-Fi',
    actor_1_name: 'Chris Hemsworth',
    movie_title: 'The Avengers',
    num_voted_users: 995415,
    cast_total_facebook_likes: 87697,
    actor_3_name: 'Scarlett Johansson',
    facenumber_in_poster: 3,
    plot_keywords: 'alien invasion|assassin|battle|iron man|soldier',
    movie_imdb_link: 'http://www.imdb.com/title/tt0848228/?ref_=fn_tt_tt_1',
    num_user_for_reviews: 1722,
    language: 'English',
    country: 'USA',
    content_rating: 'PG-13',
    budget: 220000000,
    title_year: 1991,
    actor_2_facebook_likes: 21000,
    imdb_score: 8.1,
    aspect_ratio: 1.014251209,
    movie_facebook_likes: 123000,
    'production houses': 'Warner Bros.',
    week1: 90.384,
    week2: 55.017,
    week3: 72.602,
    week4: 31.011,
    isActive: 1,
    music: 'Alan Silvestri',
    stars: { '0': 0, '1': 0, '2': 1, '3': 1, '4': 1 }
  },
  {
    _id: 19,
    relese: '11-12-1987',
    color: 'Color',
    director: 'Rob Marshall',
    critic: 448,
    duration: 136,
    director_facebook: 252,
    actor_3_facebook: 1000,
    actor_2_name: 'Sam Claflin',
    actor_1_facebook_likes: 40000,
    gross: 241063875,
    genres: 'Action|Adventure|Fantasy',
    actor_1_name: 'Johnny Depp',
    movie_title: 'Pirates of the Caribbean: On Stranger Tides',
    num_voted_users: 370704,
    cast_total_facebook_likes: 54083,
    actor_3_name: 'Stephen Graham',
    facenumber_in_poster: 4,
    plot_keywords: 'blackbeard|captain|pirate|revenge|soldier',
    movie_imdb_link: 'http://www.imdb.com/title/tt1298650/?ref_=fn_tt_tt_1',
    num_user_for_reviews: 484,
    language: 'English',
    country: 'USA',
    content_rating: 'PG-13',
    budget: 250000000,
    title_year: 1987,
    actor_2_facebook_likes: 11000,
    imdb_score: 6.7,
    aspect_ratio: 1.829249773,
    movie_facebook_likes: 58000,
    'production houses': 'Paramount',
    week1: 74.747,
    week2: 53.769,
    week3: 10.221,
    week4: 37.365,
    isActive: 1,
    music: 'Hans Zimmer',
    stars: { '0': 1, '1': 0, '2': 0, '3': 1, '4': 0 }
  },
  {
    _id: 20,
    relese: '01-01-1966',
    color: 'Color',
    director: 'Barry Sonnenfeld',
    critic: 451,
    duration: 106,
    director_facebook: 188,
    actor_3_facebook: 718,
    actor_2_name: 'Michael Stuhlbarg',
    actor_1_facebook_likes: 10000,
    gross: 179020854,
    genres: 'Action|Adventure|Comedy|Family|Fantasy|Sci-Fi',
    actor_1_name: 'Will Smith',
    movie_title: 'Men in Black 3',
    num_voted_users: 268154,
    cast_total_facebook_likes: 12572,
    actor_3_name: 'Nicole Scherzinger',
    facenumber_in_poster: 1,
    plot_keywords: 'alien|criminal|m.i.b.|maximum security prison|prison',
    movie_imdb_link: 'http://www.imdb.com/title/tt1409024/?ref_=fn_tt_tt_1',
    num_user_for_reviews: 341,
    language: 'English',
    country: 'USA',
    content_rating: 'PG-13',
    budget: 225000000,
    title_year: 1966,
    actor_2_facebook_likes: 816,
    imdb_score: 6.8,
    aspect_ratio: 2.022072222,
    movie_facebook_likes: 40000,
    'production houses': 'Paramount',
    week1: 32.77,
    week2: 76.435,
    week3: 71.695,
    week4: 4.399,
    isActive: 0,
    music: 'Danny Elfman',
    stars: { '0': 1, '1': 1, '2': 1, '3': 0, '4': 1 }
  }
]
Type "it" for more
Enterprise x> use db1
switched to db db1
Enterprise db1> db.getSiblingDB('db1').movies.find();
[
  {
    _id: 2,
    relese: '14-11-1968',
    color: 'Color',
    director: 'Gore Verbinski',
    critic: 302,
    duration: 169,
    director_facebook: 563,
    actor_3_facebook: 1000,
    actor_2_name: 'Orlando Bloom',
    actor_1_facebook_likes: 40000,
    gross: 309404152,
    genres: 'Action|Adventure|Fantasy',
    actor_1_name: 'Johnny Depp',
    movie_title: "Pirates of the Caribbean: At World's End",
    num_voted_users: 471220,
    cast_total_facebook_likes: 48350,
    actor_3_name: 'Jack Davenport',
    facenumber_in_poster: 0,
    plot_keywords: 'goddess|marriage ceremony|marriage proposal|pirate|singapore',
    movie_imdb_link: 'http://www.imdb.com/title/tt0449088/?ref_=fn_tt_tt_1',
    num_user_for_reviews: 1238,
    language: 'English',
    country: 'USA',
    content_rating: 'PG-13',
    budget: 300000000,
    title_year: 1968,
    actor_2_facebook_likes: 5000,
    imdb_score: 7.1,
    aspect_ratio: 2.370591809,
    movie_facebook_likes: 0,
    'production houses': 'The Weinstein Company',
    week1: 0.323,
    week2: 4.543,
    week3: 69.805,
    week4: 2.022,
    isActive: 0,
    music: 'Lorne Balfe',
    stars: { '0': 1, '1': 1, '2': 1, '3': 1, '4': 1 }
  },
  {
    _id: 1,
    relese: '13-06-1998',
    color: '',
    director: 'James Cameron',
    critic: 723,
    duration: 178,
    director_facebook: 0,
    actor_3_facebook: 855,
    actor_2_name: 'Joel David Moore',
    actor_1_facebook_likes: 1000,
    gross: 760505847,
    genres: 'Action|Adventure|Fantasy|Sci-Fi',
    actor_1_name: 'CCH Pounder',
    movie_title: 'Avatar',
    num_voted_users: 886204,
    cast_total_facebook_likes: 4834,
    actor_3_name: 'Wes Studi',
    facenumber_in_poster: 0,
    plot_keywords: 'avatar|future|marine|native|paraplegic',
    movie_imdb_link: 'http://www.imdb.com/title/tt0499549/?ref_=fn_tt_tt_1',
    num_user_for_reviews: 3054,
    language: 'English',
    country: 'USA',
    content_rating: 'PG-13',
    budget: 237000001,
    title_year: 1998,
    actor_2_facebook_likes: 936,
    imdb_score: 7.9,
    aspect_ratio: 1.120835,
    movie_facebook_likes: 33000,
    'production houses': 'The Weinstein Company',
    week1: 28.103,
    week2: 67.888,
    week3: 37.319,
    week4: 48.732,
    isActive: 1,
    music: 'James Horner',
    stars: { '0': 0, '1': 0, '2': 1, '3': 1, '4': 1 }
  },
  {
    _id: 4,
    relese: '13-03-1977',
    color: 'Color',
    director: 'Christopher Nolan',
    critic: 813,
    duration: 164,
    director_facebook: 22000,
    actor_3_facebook: 23000,
    actor_2_name: 'Christian Bale',
    actor_1_facebook_likes: 27000,
    gross: 448130642,
    genres: 'Action|Thriller',
    actor_1_name: 'Tom Hardy',
    movie_title: 'The Dark Knight Rises',
    num_voted_users: 1144337,
    cast_total_facebook_likes: 106759,
    actor_3_name: 'Joseph Gordon-Levitt',
    facenumber_in_poster: 0,
    plot_keywords: 'deception|imprisonment|lawlessness|police officer|terrorist plot',
    movie_imdb_link: 'http://www.imdb.com/title/tt1345836/?ref_=fn_tt_tt_1',
    num_user_for_reviews: 2701,
    language: 'English',
    country: 'USA',
    content_rating: 'PG-13',
    budget: 250000000,
    title_year: 1977,
    actor_2_facebook_likes: 23000,
    imdb_score: 8.5,
    aspect_ratio: 1.178821504,
    movie_facebook_likes: 164000,
    'production houses': 'Disney',
    week1: 74.391,
    week2: 76.182,
    week3: 62.271,
    week4: 0.362,
    isActive: 1,
    music: '',
    stars: { '0': 1, '1': 1, '2': 0, '3': 0, '4': 0 }
  },
  {
    _id: 3,
    relese: '01-11-1969',
    color: 'Color',
    director: 'Sam Mendes',
    critic: 602,
    duration: 148,
    director_facebook: 0,
    actor_3_facebook: 161,
    actor_2_name: 'Rory Kinnear',
    actor_1_facebook_likes: 11000,
    gross: 200074175,
    genres: 'Action|Adventure|Thriller',
    actor_1_name: 'Christoph Waltz',
    movie_title: 'Spectre',
    num_voted_users: 275868,
    cast_total_facebook_likes: 11700,
    actor_3_name: 'Stephanie Sigman',
    facenumber_in_poster: 1,
    plot_keywords: 'bomb|espionage|sequel|spy|terrorist',
    movie_imdb_link: 'http://www.imdb.com/title/tt2379713/?ref_=fn_tt_tt_1',
    num_user_for_reviews: 994,
    language: 'English',
    country: 'UK',
    content_rating: 'PG-13',
    budget: 245000000,
    title_year: 1969,
    actor_2_facebook_likes: 393,
    imdb_score: 6.8,
    aspect_ratio: 2.022457101,
    movie_facebook_likes: 85000,
    'production houses': 'Independent',
    week1: 29.811,
    week2: 97.568,
    week3: 12.883,
    week4: 0.502,
    isActive: 0,
    music: 'Thomas Newman',
    stars: { '0': 0, '1': 0, '2': 0, '3': 1, '4': 0 }
  },
  {
    _id: 6,
    relese: '21-07-1965',
    color: 'Color',
    director: 'Andrew Stanton',
    critic: 462,
    duration: 132,
    director_facebook: 475,
    actor_3_facebook: 530,
    actor_2_name: 'Samantha Morton',
    actor_1_facebook_likes: 640,
    gross: 73058679,
    genres: 'Action|Adventure|Sci-Fi',
    actor_1_name: 'Daryl Sabara',
    movie_title: 'John Carter',
    num_voted_users: 212204,
    cast_total_facebook_likes: 1873,
    actor_3_name: 'Polly Walker',
    facenumber_in_poster: 1,
    plot_keywords: 'alien|american civil war|male nipple|mars|princess',
    movie_imdb_link: 'http://www.imdb.com/title/tt0401729/?ref_=fn_tt_tt_1',
    num_user_for_reviews: 738,
    language: 'English',
    country: 'USA',
    content_rating: 'PG-13',
    budget: 263700000,
    title_year: 1965,
    actor_2_facebook_likes: 632,
    imdb_score: 6.6,
    aspect_ratio: 2.103939087,
    movie_facebook_likes: 24000,
    'production houses': '20th Century Fox',
    week1: 94.885,
    week2: 61.663,
    week3: 64.056,
    week4: 16.328,
    isActive: 1,
    music: 'Michael Giacchino',
    stars: { '0': 1, '1': 1, '2': 1, '3': 1, '4': 1 }
  },
  {
    _id: 8,
    relese: '18-07-1971',
    color: 'Color',
    director: 'Nathan Greno',
    critic: 324,
    duration: 100,
    director_facebook: 15,
    actor_3_facebook: 284,
    actor_2_name: 'Donna Murphy',
    actor_1_facebook_likes: 799,
    gross: 200807262,
    genres: 'Adventure|Animation|Comedy|Family|Fantasy|Musical|Romance',
    actor_1_name: 'Brad Garrett',
    movie_title: 'Tangled',
    num_voted_users: 294810,
    cast_total_facebook_likes: 2036,
    actor_3_name: 'M.C. Gainey',
    facenumber_in_poster: 1,
    plot_keywords: '17th century|based on fairy tale|disney|flower|tower',
    movie_imdb_link: 'http://www.imdb.com/title/tt0398286/?ref_=fn_tt_tt_1',
    num_user_for_reviews: 387,
    language: 'English',
    country: 'USA',
    content_rating: 'PG',
    budget: 260000000,
    title_year: 1971,
    actor_2_facebook_likes: 553,
    imdb_score: 7.8,
    aspect_ratio: 2.133924229,
    movie_facebook_likes: 29000,
    'production houses': 'Independent',
    week1: 47.766,
    week2: 68.111,
    week3: 32.725,
    week4: 6.232,
    isActive: 1,
    music: 'Alan Menken',
    stars: { '0': 0, '1': 1, '2': 0, '3': 0, '4': 1 }
  },
  {
    _id: 7,
    relese: '16-05-1990',
    color: 'Color',
    director: 'Sam Raimi',
    critic: 392,
    duration: 156,
    director_facebook: 0,
    actor_3_facebook: 4000,
    actor_2_name: 'James Franco',
    actor_1_facebook_likes: 24000,
    gross: 336530303,
    genres: 'Action|Adventure|Romance',
    actor_1_name: 'J.K. Simmons',
    movie_title: 'Spider-Man 3',
    num_voted_users: 383056,
    cast_total_facebook_likes: 46055,
    actor_3_name: 'Kirsten Dunst',
    facenumber_in_poster: 0,
    plot_keywords: 'sandman|spider man|symbiote|venom|villain',
    movie_imdb_link: 'http://www.imdb.com/title/tt0413300/?ref_=fn_tt_tt_1',
    num_user_for_reviews: 1902,
    language: 'English',
    country: 'USA',
    content_rating: 'PG-13',
    budget: 258000000,
    title_year: 1990,
    actor_2_facebook_likes: 11000,
    imdb_score: 6.2,
    aspect_ratio: 2.305530641,
    movie_facebook_likes: 0,
    'production houses': 'Disney',
    week1: 49.352,
    week2: 88.384,
    week3: 43.782,
    week4: 8.155,
    isActive: 0,
    music: 'Christopher Young',
    stars: { '0': 1, '1': 0, '2': 1, '3': 1, '4': 0 }
  },
  {
    _id: 5,
    relese: '28-02-2001',
    color: '',
    director: 'Doug Walker',
    critic: '',
    duration: '',
    director_facebook: 131,
    actor_3_facebook: '',
    actor_2_name: 'Rob Walker',
    actor_1_facebook_likes: 131,
    gross: '',
    genres: 'Documentary',
    actor_1_name: 'Doug Walker',
    movie_title: 'Star Wars: Episode VII - The Force Awakens',
    num_voted_users: 8,
    cast_total_facebook_likes: 143,
    actor_3_name: '',
    facenumber_in_poster: 0,
    plot_keywords: '',
    movie_imdb_link: 'http://www.imdb.com/title/tt5289954/?ref_=fn_tt_tt_1',
    num_user_for_reviews: '',
    language: '',
    country: 'Canada',
    content_rating: '',
    budget: '',
    title_year: 2001,
    actor_2_facebook_likes: 12,
    imdb_score: 7.1,
    aspect_ratio: 1.323596068,
    movie_facebook_likes: 0,
    'production houses': 'Fox',
    week1: 50.864,
    week2: 79.767,
    week3: 25.178,
    week4: 39.018,
    isActive: 1,
    music: 'John Williams',
    stars: { '0': 1, '1': 1, '2': 0, '3': 0, '4': 1 }
  },
  {
    _id: 9,
    relese: '15-05-1976',
    color: 'Color',
    director: 'Joss Whedon',
    critic: 635,
    duration: 141,
    director_facebook: 0,
    actor_3_facebook: 19000,
    actor_2_name: 'Robert Downey Jr.',
    actor_1_facebook_likes: 26000,
    gross: 458991599,
    genres: 'Action|Adventure|Sci-Fi',
    actor_1_name: 'Chris Hemsworth',
    movie_title: 'Avengers: Age of Ultron',
    num_voted_users: 462669,
    cast_total_facebook_likes: 92000,
    actor_3_name: 'Scarlett Johansson',
    facenumber_in_poster: 4,
    plot_keywords: 'artificial intelligence|based on comic book|captain america|marvel cinematic universe|superhero',
    movie_imdb_link: 'http://www.imdb.com/title/tt2395427/?ref_=fn_tt_tt_1',
    num_user_for_reviews: 1117,
    language: 'English',
    country: 'USA',
    content_rating: 'PG-13',
    budget: 250000000,
    title_year: 1976,
    actor_2_facebook_likes: 21000,
    imdb_score: 7.5,
    aspect_ratio: 1.877056704,
    movie_facebook_likes: 118000,
    'production houses': 'Independent',
    week1: 61.289,
    week2: 33.403,
    week3: 38.954,
    week4: 22.222,
    isActive: 1,
    music: 'Brian Tyler',
    stars: { '0': 1, '1': 0, '2': 0, '3': 1, '4': 1 }
  },
  {
    _id: 11,
    relese: '23-09-1982',
    color: 'Color',
    director: 'Zack Snyder',
    critic: 673,
    duration: 183,
    director_facebook: 0,
    actor_3_facebook: 2000,
    actor_2_name: 'Lauren Cohan',
    actor_1_facebook_likes: 15000,
    gross: 330249062,
    genres: 'Action|Adventure|Sci-Fi',
    actor_1_name: 'Henry Cavill',
    movie_title: 'Batman v Superman: Dawn of Justice',
    num_voted_users: 371639,
    cast_total_facebook_likes: 24450,
    actor_3_name: 'Alan D. Purwin',
    facenumber_in_poster: 0,
    plot_keywords: 'based on comic book|batman|sequel to a reboot|superhero|superman',
    movie_imdb_link: 'http://www.imdb.com/title/tt2975590/?ref_=fn_tt_tt_1',
    num_user_for_reviews: 3018,
    language: 'English',
    country: 'USA',
    content_rating: 'PG-13',
    budget: 250000000,
    title_year: 1982,
    actor_2_facebook_likes: 4000,
    imdb_score: 6.9,
    aspect_ratio: 2.40581849,
    movie_facebook_likes: 197000,
    'production houses': 'Independent',
    week1: 30.245,
    week2: 8.061,
    week3: 51.964,
    week4: 3.523,
    isActive: 0,
    music: 'WaterTower',
    stars: { '0': 0, '1': 1, '2': 1, '3': 0, '4': 1 }
  },
  {
    _id: 12,
    relese: '01-09-2005',
    color: 'Color',
    director: 'Bryan Singer',
    critic: 434,
    duration: 169,
    director_facebook: 0,
    actor_3_facebook: 903,
    actor_2_name: 'Marlon Brando',
    actor_1_facebook_likes: 18000,
    gross: 200069408,
    genres: 'Action|Adventure|Sci-Fi',
    actor_1_name: 'Kevin Spacey',
    movie_title: 'Superman Returns',
    num_voted_users: 240396,
    cast_total_facebook_likes: 29991,
    actor_3_name: 'Frank Langella',
    facenumber_in_poster: 0,
    plot_keywords: 'crystal|epic|lex luthor|lois lane|return to earth',
    movie_imdb_link: 'http://www.imdb.com/title/tt0348150/?ref_=fn_tt_tt_1',
    num_user_for_reviews: 2367,
    language: 'English',
    country: 'USA',
    content_rating: 'PG-13',
    budget: 209000000,
    title_year: 2005,
    actor_2_facebook_likes: 10000,
    imdb_score: 6.1,
    aspect_ratio: 2.50176606,
    movie_facebook_likes: 0,
    'production houses': 'Independent',
    week1: 83.261,
    week2: 0.707,
    week3: 3.825,
    week4: 5.379,
    isActive: 1,
    music: 'John Williams',
    stars: { '0': 0, '1': 0, '2': 1, '3': 1, '4': 1 }
  },
  {
    _id: 10,
    relese: '05-06-1964',
    color: 'Color',
    director: 'David Yates',
    critic: 375,
    duration: 153,
    director_facebook: 282,
    actor_3_facebook: 10000,
    actor_2_name: 'Daniel Radcliffe',
    actor_1_facebook_likes: 25000,
    gross: 301956980,
    genres: 'Adventure|Family|Fantasy|Mystery',
    actor_1_name: 'Alan Rickman',
    movie_title: 'Harry Potter and the Half-Blood Prince',
    num_voted_users: 321795,
    cast_total_facebook_likes: 58753,
    actor_3_name: 'Rupert Grint',
    facenumber_in_poster: 3,
    plot_keywords: 'blood|book|love|potion|professor',
    movie_imdb_link: 'http://www.imdb.com/title/tt0417741/?ref_=fn_tt_tt_1',
    num_user_for_reviews: 973,
    language: 'English',
    country: 'UK',
    content_rating: 'PG',
    budget: 250000000,
    title_year: 1964,
    actor_2_facebook_likes: 11000,
    imdb_score: 7.5,
    aspect_ratio: 1.206639454,
    movie_facebook_likes: 10000,
    'production houses': 'Warner Bros.',
    week1: 0.062,
    week2: 89.447,
    week3: 53.728,
    week4: 21.924,
    isActive: 1,
    music: 'Nicholas Hooper',
    stars: { '0': 0, '1': 0, '2': 1, '3': 0, '4': 1 }
  },
  {
    _id: 13,
    relese: '25-05-1984',
    color: 'Color',
    director: 'Marc Forster',
    critic: 403,
    duration: 106,
    director_facebook: 395,
    actor_3_facebook: 393,
    actor_2_name: 'Mathieu Amalric',
    actor_1_facebook_likes: 451,
    gross: 168368427,
    genres: 'Action|Adventure',
    actor_1_name: 'Giancarlo Giannini',
    movie_title: 'Quantum of Solace',
    num_voted_users: 330784,
    cast_total_facebook_likes: 2023,
    actor_3_name: 'Rory Kinnear',
    facenumber_in_poster: 1,
    plot_keywords: 'action hero|attempted rape|bond girl|official james bond series|revenge',
    movie_imdb_link: 'http://www.imdb.com/title/tt0830515/?ref_=fn_tt_tt_1',
    num_user_for_reviews: 1243,
    language: 'English',
    country: 'UK',
    content_rating: 'PG-13',
    budget: 200000000,
    title_year: 1984,
    actor_2_facebook_likes: 412,
    imdb_score: 6.7,
    aspect_ratio: 2.921944859,
    movie_facebook_likes: 0,
    'production houses': 'Summit',
    week1: 65.496,
    week2: 81.995,
    week3: 45.36,
    week4: 36.368,
    isActive: 1,
    music: 'David Arnold',
    stars: { '0': 0, '1': 1, '2': 0, '3': 1, '4': 0 }
  },
  {
    _id: 14,
    relese: '14-02-1988',
    color: 'Color',
    director: 'Gore Verbinski',
    critic: 313,
    duration: 151,
    director_facebook: 563,
    actor_3_facebook: 1000,
    actor_2_name: 'Orlando Bloom',
    actor_1_facebook_likes: 40000,
    gross: 423032628,
    genres: 'Action|Adventure|Fantasy',
    actor_1_name: 'Johnny Depp',
    movie_title: "Pirates of the Caribbean: Dead Man's Chest",
    num_voted_users: 522040,
    cast_total_facebook_likes: 48486,
    actor_3_name: 'Jack Davenport',
    facenumber_in_poster: 2,
    plot_keywords: "box office hit|giant squid|heart|liar's dice|monster",
    movie_imdb_link: 'http://www.imdb.com/title/tt0383574/?ref_=fn_tt_tt_1',
    num_user_for_reviews: 1832,
    language: 'English',
    country: 'USA',
    content_rating: 'PG-13',
    budget: 225000000,
    title_year: 1988,
    actor_2_facebook_likes: 5000,
    imdb_score: 7.3,
    aspect_ratio: 2.516786459,
    movie_facebook_likes: 5000,
    'production houses': 'Independent',
    week1: 58.51,
    week2: 87.556,
    week3: 0.803,
    week4: 2.497,
    isActive: 1,
    music: 'Hans Zimmer',
    stars: { '0': 1, '1': 0, '2': 0, '3': 0, '4': 1 }
  },
  {
    _id: 15,
    relese: '07-06-1980',
    color: '',
    director: 'Gore Verbinski',
    critic: '',
    duration: 150,
    director_facebook: 563,
    actor_3_facebook: 1000,
    actor_2_name: 'Ruth Wilson',
    actor_1_facebook_likes: 40000,
    gross: 89289910,
    genres: 'Action|Adventure|Western',
    actor_1_name: 'Johnny Depp',
    movie_title: 'The Lone Ranger',
    num_voted_users: 181792,
    cast_total_facebook_likes: 45757,
    actor_3_name: 'Tom Wilkinson',
    facenumber_in_poster: 1,
    plot_keywords: 'horse|outlaw|texas|texas ranger|train',
    movie_imdb_link: 'http://www.imdb.com/title/tt1210819/?ref_=fn_tt_tt_1',
    num_user_for_reviews: 711,
    language: 'English',
    country: 'USA',
    content_rating: 'PG-13',
    budget: 215000000,
    title_year: 1980,
    actor_2_facebook_likes: 2000,
    imdb_score: 6.5,
    aspect_ratio: 2.049508332,
    movie_facebook_likes: 48000,
    'production houses': 'Summit',
    week1: 105.768,
    week2: 44.445,
    week3: 74.777,
    week4: 38.381,
    isActive: 0,
    music: 'Hans Zimmer',
    stars: { '0': 0, '1': 0, '2': 0, '3': 1, '4': 1 }
  },
  {
    _id: 16,
    relese: '04-08-1998',
    color: 'Color',
    director: 'Zack Snyder',
    critic: 733,
    duration: 143,
    director_facebook: 0,
    actor_3_facebook: 748,
    actor_2_name: 'Christopher Meloni',
    actor_1_facebook_likes: 15000,
    gross: 291021565,
    genres: 'Action|Adventure|Fantasy|Sci-Fi',
    actor_1_name: 'Henry Cavill',
    movie_title: 'Man of Steel',
    num_voted_users: 548573,
    cast_total_facebook_likes: 20495,
    actor_3_name: 'Harry Lennix',
    facenumber_in_poster: 0,
    plot_keywords: 'based on comic book|british actor playing american character|final battle|origin of hero|reboot',
    movie_imdb_link: 'http://www.imdb.com/title/tt0770828/?ref_=fn_tt_tt_1',
    num_user_for_reviews: 2536,
    language: 'English',
    country: 'USA',
    content_rating: 'PG-13',
    budget: 225000000,
    title_year: 1998,
    actor_2_facebook_likes: 3000,
    imdb_score: 7.2,
    aspect_ratio: 2.269864721,
    movie_facebook_likes: 118000,
    'production houses': 'Paramount',
    week1: 88.024,
    week2: 15.52,
    week3: 19.095,
    week4: 36.016,
    isActive: 0,
    music: 'Hans Zimmer',
    stars: { '0': 1, '1': 1, '2': 1, '3': 1, '4': 1 }
  },
  {
    _id: 17,
    relese: '15-08-1998',
    color: 'Color',
    director: 'Andrew Adamson',
    critic: 258,
    duration: 150,
    director_facebook: 80,
    actor_3_facebook: 201,
    actor_2_name: 'Pierfrancesco Favino',
    actor_1_facebook_likes: 22000,
    gross: 141614023,
    genres: 'Action|Adventure|Family|Fantasy',
    actor_1_name: 'Peter Dinklage',
    movie_title: 'The Chronicles of Narnia: Prince Caspian',
    num_voted_users: 149922,
    cast_total_facebook_likes: 22697,
    actor_3_name: 'Dami치n Alc치zar',
    facenumber_in_poster: 4,
    plot_keywords: 'brother brother relationship|brother sister relationship|good versus evil|king|narnia',
    movie_imdb_link: 'http://www.imdb.com/title/tt0499448/?ref_=fn_tt_tt_1',
    num_user_for_reviews: 438,
    language: 'English',
    country: 'USA',
    content_rating: 'PG',
    budget: 225000000,
    title_year: 1998,
    actor_2_facebook_likes: 216,
    imdb_score: 6.6,
    aspect_ratio: 1.720342257,
    movie_facebook_likes: 0,
    'production houses': 'Disney',
    week1: 98.365,
    week2: 44.405,
    week3: 35.247,
    week4: 26.151,
    isActive: 1,
    music: 'Harry Gregson-Williams',
    stars: { '0': 1, '1': 1, '2': 0, '3': 0, '4': 1 }
  },
  {
    _id: 18,
    relese: '01-06-1991',
    color: 'Color',
    director: 'Joss Whedon',
    critic: 703,
    duration: 173,
    director_facebook: 0,
    actor_3_facebook: 19000,
    actor_2_name: 'Robert Downey Jr.',
    actor_1_facebook_likes: 26000,
    gross: 623279547,
    genres: 'Action|Adventure|Sci-Fi',
    actor_1_name: 'Chris Hemsworth',
    movie_title: 'The Avengers',
    num_voted_users: 995415,
    cast_total_facebook_likes: 87697,
    actor_3_name: 'Scarlett Johansson',
    facenumber_in_poster: 3,
    plot_keywords: 'alien invasion|assassin|battle|iron man|soldier',
    movie_imdb_link: 'http://www.imdb.com/title/tt0848228/?ref_=fn_tt_tt_1',
    num_user_for_reviews: 1722,
    language: 'English',
    country: 'USA',
    content_rating: 'PG-13',
    budget: 220000000,
    title_year: 1991,
    actor_2_facebook_likes: 21000,
    imdb_score: 8.1,
    aspect_ratio: 1.014251209,
    movie_facebook_likes: 123000,
    'production houses': 'Warner Bros.',
    week1: 90.384,
    week2: 55.017,
    week3: 72.602,
    week4: 31.011,
    isActive: 1,
    music: 'Alan Silvestri',
    stars: { '0': 0, '1': 0, '2': 1, '3': 1, '4': 1 }
  },
  {
    _id: 19,
    relese: '11-12-1987',
    color: 'Color',
    director: 'Rob Marshall',
    critic: 448,
    duration: 136,
    director_facebook: 252,
    actor_3_facebook: 1000,
    actor_2_name: 'Sam Claflin',
    actor_1_facebook_likes: 40000,
    gross: 241063875,
    genres: 'Action|Adventure|Fantasy',
    actor_1_name: 'Johnny Depp',
    movie_title: 'Pirates of the Caribbean: On Stranger Tides',
    num_voted_users: 370704,
    cast_total_facebook_likes: 54083,
    actor_3_name: 'Stephen Graham',
    facenumber_in_poster: 4,
    plot_keywords: 'blackbeard|captain|pirate|revenge|soldier',
    movie_imdb_link: 'http://www.imdb.com/title/tt1298650/?ref_=fn_tt_tt_1',
    num_user_for_reviews: 484,
    language: 'English',
    country: 'USA',
    content_rating: 'PG-13',
    budget: 250000000,
    title_year: 1987,
    actor_2_facebook_likes: 11000,
    imdb_score: 6.7,
    aspect_ratio: 1.829249773,
    movie_facebook_likes: 58000,
    'production houses': 'Paramount',
    week1: 74.747,
    week2: 53.769,
    week3: 10.221,
    week4: 37.365,
    isActive: 1,
    music: 'Hans Zimmer',
    stars: { '0': 1, '1': 0, '2': 0, '3': 1, '4': 0 }
  },
  {
    _id: 20,
    relese: '01-01-1966',
    color: 'Color',
    director: 'Barry Sonnenfeld',
    critic: 451,
    duration: 106,
    director_facebook: 188,
    actor_3_facebook: 718,
    actor_2_name: 'Michael Stuhlbarg',
    actor_1_facebook_likes: 10000,
    gross: 179020854,
    genres: 'Action|Adventure|Comedy|Family|Fantasy|Sci-Fi',
    actor_1_name: 'Will Smith',
    movie_title: 'Men in Black 3',
    num_voted_users: 268154,
    cast_total_facebook_likes: 12572,
    actor_3_name: 'Nicole Scherzinger',
    facenumber_in_poster: 1,
    plot_keywords: 'alien|criminal|m.i.b.|maximum security prison|prison',
    movie_imdb_link: 'http://www.imdb.com/title/tt1409024/?ref_=fn_tt_tt_1',
    num_user_for_reviews: 341,
    language: 'English',
    country: 'USA',
    content_rating: 'PG-13',
    budget: 225000000,
    title_year: 1966,
    actor_2_facebook_likes: 816,
    imdb_score: 6.8,
    aspect_ratio: 2.022072222,
    movie_facebook_likes: 40000,
    'production houses': 'Paramount',
    week1: 32.77,
    week2: 76.435,
    week3: 71.695,
    week4: 4.399,
    isActive: 0,
    music: 'Danny Elfman',
    stars: { '0': 1, '1': 1, '2': 1, '3': 0, '4': 1 }
  }
]
Type "it" for more
Enterprise db1>

Enterprise db1>

Enterprise db1>

Enterprise db1>

Enterprise db1>

Enterprise db1> var x = {genres:/$Horror$/}

Enterprise db1> var y = {_id:false, Title:'$movie_title', color:true, genres:true,director:true}

Enterprise db1> print(x)
{ genres: /$Horror$/ }

Enterprise db1> print(y)
{
  _id: false,
  Title: '$movie_title',
  color: true,
  genres: true,
  director: true
}

Enterprise db1> db.movies.find(x, y);

Enterprise db1> db.movies.find({ genres: /$Horror$/ });

Enterprise db1> db.getCollectionNames();
[ 'emp', 'movies' ]
Enterprise db1> var x = {genres:/^Horror$/}

Enterprise db1> var y = {_id:false, Title:'$movie_title', color:true, genres:true,director:true}

Enterprise db1> db.movies.find(x, y);
[
  {
    color: 'Color',
    director: 'David R. Ellis',
    genres: 'Horror',
    Title: 'The Final Destination'
  },
  {
    color: 'Color',
    director: 'Steven Quale',
    genres: 'Horror',
    Title: 'Final Destination 5'
  },
  {
    color: 'Color',
    director: 'Wes Craven',
    genres: 'Horror',
    Title: 'A Nightmare on Elm Street'
  },
  {
    color: 'Color',
    director: 'Jaume Collet-Serra',
    genres: 'Horror',
    Title: 'House of Wax'
  },
  {
    color: 'Color',
    director: 'Rupert Wainwright',
    genres: 'Horror',
    Title: 'Stigmata'
  },
  {
    color: 'Color',
    director: 'David Slade',
    genres: 'Horror',
    Title: '30 Days of Night'
  },
  {
    color: 'Color',
    director: 'James Wong',
    genres: 'Horror',
    Title: 'Final Destination 3'
  },
  {
    color: 'Color',
    director: 'Victor Salva',
    genres: 'Horror',
    Title: 'Jeepers Creepers II'
  },
  {
    color: 'Color',
    director: 'Carter Smith',
    genres: 'Horror',
    Title: 'The Ruins'
  },
  {
    color: 'Color',
    director: 'Steve Beck',
    genres: 'Horror',
    Title: 'Ghost Ship'
  },
  {
    color: 'Color',
    director: 'Steve Beck',
    genres: 'Horror',
    Title: 'Thir13en Ghosts'
  },
  {
    color: 'Black and White',
    director: 'George A. Romero',
    genres: 'Horror',
    Title: 'Land of the Dead'
  },
  {
    color: 'Color',
    director: 'Zack Ward',
    genres: 'Horror',
    Title: 'Restoration'
  },
  {
    color: 'Color',
    director: 'George A. Romero',
    genres: 'Horror',
    Title: 'Day of the Dead'
  },
  {
    color: 'Color',
    director: 'Alexandre Aja',
    genres: 'Horror',
    Title: 'The Hills Have Eyes'
  },
  {
    color: 'Color',
    director: 'Fede Alvarez',
    genres: 'Horror',
    Title: 'Evil Dead'
  },
  {
    color: 'Color',
    director: 'Jonathan Liebesman',
    genres: 'Horror',
    Title: 'The Texas Chainsaw Massacre: The Beginning'
  },
  {
    color: 'Color',
    director: 'Rob Zombie',
    genres: 'Horror',
    Title: 'Halloween II'
  },
  {
    color: 'Color',
    director: 'Martin Weisz',
    genres: 'Horror',
    Title: 'The Hills Have Eyes II'
  },
  {
    color: 'Color',
    director: 'John Boorman',
    genres: 'Horror',
    Title: 'Exorcist II: The Heretic'
  }
]
Type "it" for more
Enterprise db1> db.getCollectionNames();
[ 'emp', 'movies' ]
Enterprise db1> db.createCollection('books');
{ ok: 1 }
Enterprise db1> db.getCollectionName();
TypeError: db.getCollectionName is not a function
Enterprise db1> db.getCollectionNames();
[ 'emp', 'movies', 'books' ]
Enterprise db1> db.cellectionInfow();;
TypeError: db.cellectionInfow is not a function
Enterprise db1> db.getCollectionInfow();;
TypeError: db.getCollectionInfow is not a function
Enterprise db1> db.getCollectionInfos();
[
  {
    name: 'emp',
    type: 'collection',
    options: {},
    info: {
      readOnly: false,
      uuid: UUID('6b8f2ba8-4c96-4acd-b83c-9de434b75827')
    },
    idIndex: { v: 2, key: { _id: 1 }, name: '_id_' }
  },
  {
    name: 'movies',
    type: 'collection',
    options: {},
    info: {
      readOnly: false,
      uuid: UUID('915bf900-64bc-4d26-9f06-99b4da7e7a44')
    },
    idIndex: { v: 2, key: { _id: 1 }, name: '_id_' }
  },
  {
    name: 'books',
    type: 'collection',
    options: {},
    info: {
      readOnly: false,
      uuid: UUID('a56df87e-9901-4fed-a2a4-1a306dc16baa')
    },
    idIndex: { v: 2, key: { _id: 1 }, name: '_id_' }
  }
]
Enterprise db1> db.createCollection('author', {capped:true, size:10, max:100});
{ ok: 1 }
Enterprise db1> db.getCollectionInfos();
[
  {
    name: 'emp',
    type: 'collection',
    options: {},
    info: {
      readOnly: false,
      uuid: UUID('6b8f2ba8-4c96-4acd-b83c-9de434b75827')
    },
    idIndex: { v: 2, key: { _id: 1 }, name: '_id_' }
  },
  {
    name: 'author',
    type: 'collection',
    options: { capped: true, size: 10, max: 100 },
    info: {
      readOnly: false,
      uuid: UUID('812ba794-81a8-4458-a3c2-b643bd9e7e15')
    },
    idIndex: { v: 2, key: { _id: 1 }, name: '_id_' }
  },
  {
    name: 'movies',
    type: 'collection',
    options: {},
    info: {
      readOnly: false,
      uuid: UUID('915bf900-64bc-4d26-9f06-99b4da7e7a44')
    },
    idIndex: { v: 2, key: { _id: 1 }, name: '_id_' }
  },
  {
    name: 'books',
    type: 'collection',
    options: {},
    info: {
      readOnly: false,
      uuid: UUID('a56df87e-9901-4fed-a2a4-1a306dc16baa')
    },
    idIndex: { v: 2, key: { _id: 1 }, name: '_id_' }
  }
]
Enterprise db1>

Enterprise db1>

Enterprise db1> db.getCollection('movies').find();
[
  {
    _id: 2,
    relese: '14-11-1968',
    color: 'Color',
    director: 'Gore Verbinski',
    critic: 302,
    duration: 169,
    director_facebook: 563,
    actor_3_facebook: 1000,
    actor_2_name: 'Orlando Bloom',
    actor_1_facebook_likes: 40000,
    gross: 309404152,
    genres: 'Action|Adventure|Fantasy',
    actor_1_name: 'Johnny Depp',
    movie_title: "Pirates of the Caribbean: At World's End",
    num_voted_users: 471220,
    cast_total_facebook_likes: 48350,
    actor_3_name: 'Jack Davenport',
    facenumber_in_poster: 0,
    plot_keywords: 'goddess|marriage ceremony|marriage proposal|pirate|singapore',
    movie_imdb_link: 'http://www.imdb.com/title/tt0449088/?ref_=fn_tt_tt_1',
    num_user_for_reviews: 1238,
    language: 'English',
    country: 'USA',
    content_rating: 'PG-13',
    budget: 300000000,
    title_year: 1968,
    actor_2_facebook_likes: 5000,
    imdb_score: 7.1,
    aspect_ratio: 2.370591809,
    movie_facebook_likes: 0,
    'production houses': 'The Weinstein Company',
    week1: 0.323,
    week2: 4.543,
    week3: 69.805,
    week4: 2.022,
    isActive: 0,
    music: 'Lorne Balfe',
    stars: { '0': 1, '1': 1, '2': 1, '3': 1, '4': 1 }
  },
  {
    _id: 1,
    relese: '13-06-1998',
    color: '',
    director: 'James Cameron',
    critic: 723,
    duration: 178,
    director_facebook: 0,
    actor_3_facebook: 855,
    actor_2_name: 'Joel David Moore',
    actor_1_facebook_likes: 1000,
    gross: 760505847,
    genres: 'Action|Adventure|Fantasy|Sci-Fi',
    actor_1_name: 'CCH Pounder',
    movie_title: 'Avatar',
    num_voted_users: 886204,
    cast_total_facebook_likes: 4834,
    actor_3_name: 'Wes Studi',
    facenumber_in_poster: 0,
    plot_keywords: 'avatar|future|marine|native|paraplegic',
    movie_imdb_link: 'http://www.imdb.com/title/tt0499549/?ref_=fn_tt_tt_1',
    num_user_for_reviews: 3054,
    language: 'English',
    country: 'USA',
    content_rating: 'PG-13',
    budget: 237000001,
    title_year: 1998,
    actor_2_facebook_likes: 936,
    imdb_score: 7.9,
    aspect_ratio: 1.120835,
    movie_facebook_likes: 33000,
    'production houses': 'The Weinstein Company',
    week1: 28.103,
    week2: 67.888,
    week3: 37.319,
    week4: 48.732,
    isActive: 1,
    music: 'James Horner',
    stars: { '0': 0, '1': 0, '2': 1, '3': 1, '4': 1 }
  },
  {
    _id: 4,
    relese: '13-03-1977',
    color: 'Color',
    director: 'Christopher Nolan',
    critic: 813,
    duration: 164,
    director_facebook: 22000,
    actor_3_facebook: 23000,
    actor_2_name: 'Christian Bale',
    actor_1_facebook_likes: 27000,
    gross: 448130642,
    genres: 'Action|Thriller',
    actor_1_name: 'Tom Hardy',
    movie_title: 'The Dark Knight Rises',
    num_voted_users: 1144337,
    cast_total_facebook_likes: 106759,
    actor_3_name: 'Joseph Gordon-Levitt',
    facenumber_in_poster: 0,
    plot_keywords: 'deception|imprisonment|lawlessness|police officer|terrorist plot',
    movie_imdb_link: 'http://www.imdb.com/title/tt1345836/?ref_=fn_tt_tt_1',
    num_user_for_reviews: 2701,
    language: 'English',
    country: 'USA',
    content_rating: 'PG-13',
    budget: 250000000,
    title_year: 1977,
    actor_2_facebook_likes: 23000,
    imdb_score: 8.5,
    aspect_ratio: 1.178821504,
    movie_facebook_likes: 164000,
    'production houses': 'Disney',
    week1: 74.391,
    week2: 76.182,
    week3: 62.271,
    week4: 0.362,
    isActive: 1,
    music: '',
    stars: { '0': 1, '1': 1, '2': 0, '3': 0, '4': 0 }
  },
  {
    _id: 3,
    relese: '01-11-1969',
    color: 'Color',
    director: 'Sam Mendes',
    critic: 602,
    duration: 148,
    director_facebook: 0,
    actor_3_facebook: 161,
    actor_2_name: 'Rory Kinnear',
    actor_1_facebook_likes: 11000,
    gross: 200074175,
    genres: 'Action|Adventure|Thriller',
    actor_1_name: 'Christoph Waltz',
    movie_title: 'Spectre',
    num_voted_users: 275868,
    cast_total_facebook_likes: 11700,
    actor_3_name: 'Stephanie Sigman',
    facenumber_in_poster: 1,
    plot_keywords: 'bomb|espionage|sequel|spy|terrorist',
    movie_imdb_link: 'http://www.imdb.com/title/tt2379713/?ref_=fn_tt_tt_1',
    num_user_for_reviews: 994,
    language: 'English',
    country: 'UK',
    content_rating: 'PG-13',
    budget: 245000000,
    title_year: 1969,
    actor_2_facebook_likes: 393,
    imdb_score: 6.8,
    aspect_ratio: 2.022457101,
    movie_facebook_likes: 85000,
    'production houses': 'Independent',
    week1: 29.811,
    week2: 97.568,
    week3: 12.883,
    week4: 0.502,
    isActive: 0,
    music: 'Thomas Newman',
    stars: { '0': 0, '1': 0, '2': 0, '3': 1, '4': 0 }
  },
  {
    _id: 6,
    relese: '21-07-1965',
    color: 'Color',
    director: 'Andrew Stanton',
    critic: 462,
    duration: 132,
    director_facebook: 475,
    actor_3_facebook: 530,
    actor_2_name: 'Samantha Morton',
    actor_1_facebook_likes: 640,
    gross: 73058679,
    genres: 'Action|Adventure|Sci-Fi',
    actor_1_name: 'Daryl Sabara',
    movie_title: 'John Carter',
    num_voted_users: 212204,
    cast_total_facebook_likes: 1873,
    actor_3_name: 'Polly Walker',
    facenumber_in_poster: 1,
    plot_keywords: 'alien|american civil war|male nipple|mars|princess',
    movie_imdb_link: 'http://www.imdb.com/title/tt0401729/?ref_=fn_tt_tt_1',
    num_user_for_reviews: 738,
    language: 'English',
    country: 'USA',
    content_rating: 'PG-13',
    budget: 263700000,
    title_year: 1965,
    actor_2_facebook_likes: 632,
    imdb_score: 6.6,
    aspect_ratio: 2.103939087,
    movie_facebook_likes: 24000,
    'production houses': '20th Century Fox',
    week1: 94.885,
    week2: 61.663,
    week3: 64.056,
    week4: 16.328,
    isActive: 1,
    music: 'Michael Giacchino',
    stars: { '0': 1, '1': 1, '2': 1, '3': 1, '4': 1 }
  },
  {
    _id: 8,
    relese: '18-07-1971',
    color: 'Color',
    director: 'Nathan Greno',
    critic: 324,
    duration: 100,
    director_facebook: 15,
    actor_3_facebook: 284,
    actor_2_name: 'Donna Murphy',
    actor_1_facebook_likes: 799,
    gross: 200807262,
    genres: 'Adventure|Animation|Comedy|Family|Fantasy|Musical|Romance',
    actor_1_name: 'Brad Garrett',
    movie_title: 'Tangled',
    num_voted_users: 294810,
    cast_total_facebook_likes: 2036,
    actor_3_name: 'M.C. Gainey',
    facenumber_in_poster: 1,
    plot_keywords: '17th century|based on fairy tale|disney|flower|tower',
    movie_imdb_link: 'http://www.imdb.com/title/tt0398286/?ref_=fn_tt_tt_1',
    num_user_for_reviews: 387,
    language: 'English',
    country: 'USA',
    content_rating: 'PG',
    budget: 260000000,
    title_year: 1971,
    actor_2_facebook_likes: 553,
    imdb_score: 7.8,
    aspect_ratio: 2.133924229,
    movie_facebook_likes: 29000,
    'production houses': 'Independent',
    week1: 47.766,
    week2: 68.111,
    week3: 32.725,
    week4: 6.232,
    isActive: 1,
    music: 'Alan Menken',
    stars: { '0': 0, '1': 1, '2': 0, '3': 0, '4': 1 }
  },
  {
    _id: 7,
    relese: '16-05-1990',
    color: 'Color',
    director: 'Sam Raimi',
    critic: 392,
    duration: 156,
    director_facebook: 0,
    actor_3_facebook: 4000,
    actor_2_name: 'James Franco',
    actor_1_facebook_likes: 24000,
    gross: 336530303,
    genres: 'Action|Adventure|Romance',
    actor_1_name: 'J.K. Simmons',
    movie_title: 'Spider-Man 3',
    num_voted_users: 383056,
    cast_total_facebook_likes: 46055,
    actor_3_name: 'Kirsten Dunst',
    facenumber_in_poster: 0,
    plot_keywords: 'sandman|spider man|symbiote|venom|villain',
    movie_imdb_link: 'http://www.imdb.com/title/tt0413300/?ref_=fn_tt_tt_1',
    num_user_for_reviews: 1902,
    language: 'English',
    country: 'USA',
    content_rating: 'PG-13',
    budget: 258000000,
    title_year: 1990,
    actor_2_facebook_likes: 11000,
    imdb_score: 6.2,
    aspect_ratio: 2.305530641,
    movie_facebook_likes: 0,
    'production houses': 'Disney',
    week1: 49.352,
    week2: 88.384,
    week3: 43.782,
    week4: 8.155,
    isActive: 0,
    music: 'Christopher Young',
    stars: { '0': 1, '1': 0, '2': 1, '3': 1, '4': 0 }
  },
  {
    _id: 5,
    relese: '28-02-2001',
    color: '',
    director: 'Doug Walker',
    critic: '',
    duration: '',
    director_facebook: 131,
    actor_3_facebook: '',
    actor_2_name: 'Rob Walker',
    actor_1_facebook_likes: 131,
    gross: '',
    genres: 'Documentary',
    actor_1_name: 'Doug Walker',
    movie_title: 'Star Wars: Episode VII - The Force Awakens',
    num_voted_users: 8,
    cast_total_facebook_likes: 143,
    actor_3_name: '',
    facenumber_in_poster: 0,
    plot_keywords: '',
    movie_imdb_link: 'http://www.imdb.com/title/tt5289954/?ref_=fn_tt_tt_1',
    num_user_for_reviews: '',
    language: '',
    country: 'Canada',
    content_rating: '',
    budget: '',
    title_year: 2001,
    actor_2_facebook_likes: 12,
    imdb_score: 7.1,
    aspect_ratio: 1.323596068,
    movie_facebook_likes: 0,
    'production houses': 'Fox',
    week1: 50.864,
    week2: 79.767,
    week3: 25.178,
    week4: 39.018,
    isActive: 1,
    music: 'John Williams',
    stars: { '0': 1, '1': 1, '2': 0, '3': 0, '4': 1 }
  },
  {
    _id: 9,
    relese: '15-05-1976',
    color: 'Color',
    director: 'Joss Whedon',
    critic: 635,
    duration: 141,
    director_facebook: 0,
    actor_3_facebook: 19000,
    actor_2_name: 'Robert Downey Jr.',
    actor_1_facebook_likes: 26000,
    gross: 458991599,
    genres: 'Action|Adventure|Sci-Fi',
    actor_1_name: 'Chris Hemsworth',
    movie_title: 'Avengers: Age of Ultron',
    num_voted_users: 462669,
    cast_total_facebook_likes: 92000,
    actor_3_name: 'Scarlett Johansson',
    facenumber_in_poster: 4,
    plot_keywords: 'artificial intelligence|based on comic book|captain america|marvel cinematic universe|superhero',
    movie_imdb_link: 'http://www.imdb.com/title/tt2395427/?ref_=fn_tt_tt_1',
    num_user_for_reviews: 1117,
    language: 'English',
    country: 'USA',
    content_rating: 'PG-13',
    budget: 250000000,
    title_year: 1976,
    actor_2_facebook_likes: 21000,
    imdb_score: 7.5,
    aspect_ratio: 1.877056704,
    movie_facebook_likes: 118000,
    'production houses': 'Independent',
    week1: 61.289,
    week2: 33.403,
    week3: 38.954,
    week4: 22.222,
    isActive: 1,
    music: 'Brian Tyler',
    stars: { '0': 1, '1': 0, '2': 0, '3': 1, '4': 1 }
  },
  {
    _id: 11,
    relese: '23-09-1982',
    color: 'Color',
    director: 'Zack Snyder',
    critic: 673,
    duration: 183,
    director_facebook: 0,
    actor_3_facebook: 2000,
    actor_2_name: 'Lauren Cohan',
    actor_1_facebook_likes: 15000,
    gross: 330249062,
    genres: 'Action|Adventure|Sci-Fi',
    actor_1_name: 'Henry Cavill',
    movie_title: 'Batman v Superman: Dawn of Justice',
    num_voted_users: 371639,
    cast_total_facebook_likes: 24450,
    actor_3_name: 'Alan D. Purwin',
    facenumber_in_poster: 0,
    plot_keywords: 'based on comic book|batman|sequel to a reboot|superhero|superman',
    movie_imdb_link: 'http://www.imdb.com/title/tt2975590/?ref_=fn_tt_tt_1',
    num_user_for_reviews: 3018,
    language: 'English',
    country: 'USA',
    content_rating: 'PG-13',
    budget: 250000000,
    title_year: 1982,
    actor_2_facebook_likes: 4000,
    imdb_score: 6.9,
    aspect_ratio: 2.40581849,
    movie_facebook_likes: 197000,
    'production houses': 'Independent',
    week1: 30.245,
    week2: 8.061,
    week3: 51.964,
    week4: 3.523,
    isActive: 0,
    music: 'WaterTower',
    stars: { '0': 0, '1': 1, '2': 1, '3': 0, '4': 1 }
  },
  {
    _id: 12,
    relese: '01-09-2005',
    color: 'Color',
    director: 'Bryan Singer',
    critic: 434,
    duration: 169,
    director_facebook: 0,
    actor_3_facebook: 903,
    actor_2_name: 'Marlon Brando',
    actor_1_facebook_likes: 18000,
    gross: 200069408,
    genres: 'Action|Adventure|Sci-Fi',
    actor_1_name: 'Kevin Spacey',
    movie_title: 'Superman Returns',
    num_voted_users: 240396,
    cast_total_facebook_likes: 29991,
    actor_3_name: 'Frank Langella',
    facenumber_in_poster: 0,
    plot_keywords: 'crystal|epic|lex luthor|lois lane|return to earth',
    movie_imdb_link: 'http://www.imdb.com/title/tt0348150/?ref_=fn_tt_tt_1',
    num_user_for_reviews: 2367,
    language: 'English',
    country: 'USA',
    content_rating: 'PG-13',
    budget: 209000000,
    title_year: 2005,
    actor_2_facebook_likes: 10000,
    imdb_score: 6.1,
    aspect_ratio: 2.50176606,
    movie_facebook_likes: 0,
    'production houses': 'Independent',
    week1: 83.261,
    week2: 0.707,
    week3: 3.825,
    week4: 5.379,
    isActive: 1,
    music: 'John Williams',
    stars: { '0': 0, '1': 0, '2': 1, '3': 1, '4': 1 }
  },
  {
    _id: 10,
    relese: '05-06-1964',
    color: 'Color',
    director: 'David Yates',
    critic: 375,
    duration: 153,
    director_facebook: 282,
    actor_3_facebook: 10000,
    actor_2_name: 'Daniel Radcliffe',
    actor_1_facebook_likes: 25000,
    gross: 301956980,
    genres: 'Adventure|Family|Fantasy|Mystery',
    actor_1_name: 'Alan Rickman',
    movie_title: 'Harry Potter and the Half-Blood Prince',
    num_voted_users: 321795,
    cast_total_facebook_likes: 58753,
    actor_3_name: 'Rupert Grint',
    facenumber_in_poster: 3,
    plot_keywords: 'blood|book|love|potion|professor',
    movie_imdb_link: 'http://www.imdb.com/title/tt0417741/?ref_=fn_tt_tt_1',
    num_user_for_reviews: 973,
    language: 'English',
    country: 'UK',
    content_rating: 'PG',
    budget: 250000000,
    title_year: 1964,
    actor_2_facebook_likes: 11000,
    imdb_score: 7.5,
    aspect_ratio: 1.206639454,
    movie_facebook_likes: 10000,
    'production houses': 'Warner Bros.',
    week1: 0.062,
    week2: 89.447,
    week3: 53.728,
    week4: 21.924,
    isActive: 1,
    music: 'Nicholas Hooper',
    stars: { '0': 0, '1': 0, '2': 1, '3': 0, '4': 1 }
  },
  {
    _id: 13,
    relese: '25-05-1984',
    color: 'Color',
    director: 'Marc Forster',
    critic: 403,
    duration: 106,
    director_facebook: 395,
    actor_3_facebook: 393,
    actor_2_name: 'Mathieu Amalric',
    actor_1_facebook_likes: 451,
    gross: 168368427,
    genres: 'Action|Adventure',
    actor_1_name: 'Giancarlo Giannini',
    movie_title: 'Quantum of Solace',
    num_voted_users: 330784,
    cast_total_facebook_likes: 2023,
    actor_3_name: 'Rory Kinnear',
    facenumber_in_poster: 1,
    plot_keywords: 'action hero|attempted rape|bond girl|official james bond series|revenge',
    movie_imdb_link: 'http://www.imdb.com/title/tt0830515/?ref_=fn_tt_tt_1',
    num_user_for_reviews: 1243,
    language: 'English',
    country: 'UK',
    content_rating: 'PG-13',
    budget: 200000000,
    title_year: 1984,
    actor_2_facebook_likes: 412,
    imdb_score: 6.7,
    aspect_ratio: 2.921944859,
    movie_facebook_likes: 0,
    'production houses': 'Summit',
    week1: 65.496,
    week2: 81.995,
    week3: 45.36,
    week4: 36.368,
    isActive: 1,
    music: 'David Arnold',
    stars: { '0': 0, '1': 1, '2': 0, '3': 1, '4': 0 }
  },
  {
    _id: 14,
    relese: '14-02-1988',
    color: 'Color',
    director: 'Gore Verbinski',
    critic: 313,
    duration: 151,
    director_facebook: 563,
    actor_3_facebook: 1000,
    actor_2_name: 'Orlando Bloom',
    actor_1_facebook_likes: 40000,
    gross: 423032628,
    genres: 'Action|Adventure|Fantasy',
    actor_1_name: 'Johnny Depp',
    movie_title: "Pirates of the Caribbean: Dead Man's Chest",
    num_voted_users: 522040,
    cast_total_facebook_likes: 48486,
    actor_3_name: 'Jack Davenport',
    facenumber_in_poster: 2,
    plot_keywords: "box office hit|giant squid|heart|liar's dice|monster",
    movie_imdb_link: 'http://www.imdb.com/title/tt0383574/?ref_=fn_tt_tt_1',
    num_user_for_reviews: 1832,
    language: 'English',
    country: 'USA',
    content_rating: 'PG-13',
    budget: 225000000,
    title_year: 1988,
    actor_2_facebook_likes: 5000,
    imdb_score: 7.3,
    aspect_ratio: 2.516786459,
    movie_facebook_likes: 5000,
    'production houses': 'Independent',
    week1: 58.51,
    week2: 87.556,
    week3: 0.803,
    week4: 2.497,
    isActive: 1,
    music: 'Hans Zimmer',
    stars: { '0': 1, '1': 0, '2': 0, '3': 0, '4': 1 }
  },
  {
    _id: 15,
    relese: '07-06-1980',
    color: '',
    director: 'Gore Verbinski',
    critic: '',
    duration: 150,
    director_facebook: 563,
    actor_3_facebook: 1000,
    actor_2_name: 'Ruth Wilson',
    actor_1_facebook_likes: 40000,
    gross: 89289910,
    genres: 'Action|Adventure|Western',
    actor_1_name: 'Johnny Depp',
    movie_title: 'The Lone Ranger',
    num_voted_users: 181792,
    cast_total_facebook_likes: 45757,
    actor_3_name: 'Tom Wilkinson',
    facenumber_in_poster: 1,
    plot_keywords: 'horse|outlaw|texas|texas ranger|train',
    movie_imdb_link: 'http://www.imdb.com/title/tt1210819/?ref_=fn_tt_tt_1',
    num_user_for_reviews: 711,
    language: 'English',
    country: 'USA',
    content_rating: 'PG-13',
    budget: 215000000,
    title_year: 1980,
    actor_2_facebook_likes: 2000,
    imdb_score: 6.5,
    aspect_ratio: 2.049508332,
    movie_facebook_likes: 48000,
    'production houses': 'Summit',
    week1: 105.768,
    week2: 44.445,
    week3: 74.777,
    week4: 38.381,
    isActive: 0,
    music: 'Hans Zimmer',
    stars: { '0': 0, '1': 0, '2': 0, '3': 1, '4': 1 }
  },
  {
    _id: 16,
    relese: '04-08-1998',
    color: 'Color',
    director: 'Zack Snyder',
    critic: 733,
    duration: 143,
    director_facebook: 0,
    actor_3_facebook: 748,
    actor_2_name: 'Christopher Meloni',
    actor_1_facebook_likes: 15000,
    gross: 291021565,
    genres: 'Action|Adventure|Fantasy|Sci-Fi',
    actor_1_name: 'Henry Cavill',
    movie_title: 'Man of Steel',
    num_voted_users: 548573,
    cast_total_facebook_likes: 20495,
    actor_3_name: 'Harry Lennix',
    facenumber_in_poster: 0,
    plot_keywords: 'based on comic book|british actor playing american character|final battle|origin of hero|reboot',
    movie_imdb_link: 'http://www.imdb.com/title/tt0770828/?ref_=fn_tt_tt_1',
    num_user_for_reviews: 2536,
    language: 'English',
    country: 'USA',
    content_rating: 'PG-13',
    budget: 225000000,
    title_year: 1998,
    actor_2_facebook_likes: 3000,
    imdb_score: 7.2,
    aspect_ratio: 2.269864721,
    movie_facebook_likes: 118000,
    'production houses': 'Paramount',
    week1: 88.024,
    week2: 15.52,
    week3: 19.095,
    week4: 36.016,
    isActive: 0,
    music: 'Hans Zimmer',
    stars: { '0': 1, '1': 1, '2': 1, '3': 1, '4': 1 }
  },
  {
    _id: 17,
    relese: '15-08-1998',
    color: 'Color',
    director: 'Andrew Adamson',
    critic: 258,
    duration: 150,
    director_facebook: 80,
    actor_3_facebook: 201,
    actor_2_name: 'Pierfrancesco Favino',
    actor_1_facebook_likes: 22000,
    gross: 141614023,
    genres: 'Action|Adventure|Family|Fantasy',
    actor_1_name: 'Peter Dinklage',
    movie_title: 'The Chronicles of Narnia: Prince Caspian',
    num_voted_users: 149922,
    cast_total_facebook_likes: 22697,
    actor_3_name: 'Dami치n Alc치zar',
    facenumber_in_poster: 4,
    plot_keywords: 'brother brother relationship|brother sister relationship|good versus evil|king|narnia',
    movie_imdb_link: 'http://www.imdb.com/title/tt0499448/?ref_=fn_tt_tt_1',
    num_user_for_reviews: 438,
    language: 'English',
    country: 'USA',
    content_rating: 'PG',
    budget: 225000000,
    title_year: 1998,
    actor_2_facebook_likes: 216,
    imdb_score: 6.6,
    aspect_ratio: 1.720342257,
    movie_facebook_likes: 0,
    'production houses': 'Disney',
    week1: 98.365,
    week2: 44.405,
    week3: 35.247,
    week4: 26.151,
    isActive: 1,
    music: 'Harry Gregson-Williams',
    stars: { '0': 1, '1': 1, '2': 0, '3': 0, '4': 1 }
  },
  {
    _id: 18,
    relese: '01-06-1991',
    color: 'Color',
    director: 'Joss Whedon',
    critic: 703,
    duration: 173,
    director_facebook: 0,
    actor_3_facebook: 19000,
    actor_2_name: 'Robert Downey Jr.',
    actor_1_facebook_likes: 26000,
    gross: 623279547,
    genres: 'Action|Adventure|Sci-Fi',
    actor_1_name: 'Chris Hemsworth',
    movie_title: 'The Avengers',
    num_voted_users: 995415,
    cast_total_facebook_likes: 87697,
    actor_3_name: 'Scarlett Johansson',
    facenumber_in_poster: 3,
    plot_keywords: 'alien invasion|assassin|battle|iron man|soldier',
    movie_imdb_link: 'http://www.imdb.com/title/tt0848228/?ref_=fn_tt_tt_1',
    num_user_for_reviews: 1722,
    language: 'English',
    country: 'USA',
    content_rating: 'PG-13',
    budget: 220000000,
    title_year: 1991,
    actor_2_facebook_likes: 21000,
    imdb_score: 8.1,
    aspect_ratio: 1.014251209,
    movie_facebook_likes: 123000,
    'production houses': 'Warner Bros.',
    week1: 90.384,
    week2: 55.017,
    week3: 72.602,
    week4: 31.011,
    isActive: 1,
    music: 'Alan Silvestri',
    stars: { '0': 0, '1': 0, '2': 1, '3': 1, '4': 1 }
  },
  {
    _id: 19,
    relese: '11-12-1987',
    color: 'Color',
    director: 'Rob Marshall',
    critic: 448,
    duration: 136,
    director_facebook: 252,
    actor_3_facebook: 1000,
    actor_2_name: 'Sam Claflin',
    actor_1_facebook_likes: 40000,
    gross: 241063875,
    genres: 'Action|Adventure|Fantasy',
    actor_1_name: 'Johnny Depp',
    movie_title: 'Pirates of the Caribbean: On Stranger Tides',
    num_voted_users: 370704,
    cast_total_facebook_likes: 54083,
    actor_3_name: 'Stephen Graham',
    facenumber_in_poster: 4,
    plot_keywords: 'blackbeard|captain|pirate|revenge|soldier',
    movie_imdb_link: 'http://www.imdb.com/title/tt1298650/?ref_=fn_tt_tt_1',
    num_user_for_reviews: 484,
    language: 'English',
    country: 'USA',
    content_rating: 'PG-13',
    budget: 250000000,
    title_year: 1987,
    actor_2_facebook_likes: 11000,
    imdb_score: 6.7,
    aspect_ratio: 1.829249773,
    movie_facebook_likes: 58000,
    'production houses': 'Paramount',
    week1: 74.747,
    week2: 53.769,
    week3: 10.221,
    week4: 37.365,
    isActive: 1,
    music: 'Hans Zimmer',
    stars: { '0': 1, '1': 0, '2': 0, '3': 1, '4': 0 }
  },
  {
    _id: 20,
    relese: '01-01-1966',
    color: 'Color',
    director: 'Barry Sonnenfeld',
    critic: 451,
    duration: 106,
    director_facebook: 188,
    actor_3_facebook: 718,
    actor_2_name: 'Michael Stuhlbarg',
    actor_1_facebook_likes: 10000,
    gross: 179020854,
    genres: 'Action|Adventure|Comedy|Family|Fantasy|Sci-Fi',
    actor_1_name: 'Will Smith',
    movie_title: 'Men in Black 3',
    num_voted_users: 268154,
    cast_total_facebook_likes: 12572,
    actor_3_name: 'Nicole Scherzinger',
    facenumber_in_poster: 1,
    plot_keywords: 'alien|criminal|m.i.b.|maximum security prison|prison',
    movie_imdb_link: 'http://www.imdb.com/title/tt1409024/?ref_=fn_tt_tt_1',
    num_user_for_reviews: 341,
    language: 'English',
    country: 'USA',
    content_rating: 'PG-13',
    budget: 225000000,
    title_year: 1966,
    actor_2_facebook_likes: 816,
    imdb_score: 6.8,
    aspect_ratio: 2.022072222,
    movie_facebook_likes: 40000,
    'production houses': 'Paramount',
    week1: 32.77,
    week2: 76.435,
    week3: 71.695,
    week4: 4.399,
    isActive: 0,
    music: 'Danny Elfman',
    stars: { '0': 1, '1': 1, '2': 1, '3': 0, '4': 1 }
  }
]
Type "it" for more
Enterprise db1> db['movies'].find();
[
  {
    _id: 2,
    relese: '14-11-1968',
    color: 'Color',
    director: 'Gore Verbinski',
    critic: 302,
    duration: 169,
    director_facebook: 563,
    actor_3_facebook: 1000,
    actor_2_name: 'Orlando Bloom',
    actor_1_facebook_likes: 40000,
    gross: 309404152,
    genres: 'Action|Adventure|Fantasy',
    actor_1_name: 'Johnny Depp',
    movie_title: "Pirates of the Caribbean: At World's End",
    num_voted_users: 471220,
    cast_total_facebook_likes: 48350,
    actor_3_name: 'Jack Davenport',
    facenumber_in_poster: 0,
    plot_keywords: 'goddess|marriage ceremony|marriage proposal|pirate|singapore',
    movie_imdb_link: 'http://www.imdb.com/title/tt0449088/?ref_=fn_tt_tt_1',
    num_user_for_reviews: 1238,
    language: 'English',
    country: 'USA',
    content_rating: 'PG-13',
    budget: 300000000,
    title_year: 1968,
    actor_2_facebook_likes: 5000,
    imdb_score: 7.1,
    aspect_ratio: 2.370591809,
    movie_facebook_likes: 0,
    'production houses': 'The Weinstein Company',
    week1: 0.323,
    week2: 4.543,
    week3: 69.805,
    week4: 2.022,
    isActive: 0,
    music: 'Lorne Balfe',
    stars: { '0': 1, '1': 1, '2': 1, '3': 1, '4': 1 }
  },
  {
    _id: 1,
    relese: '13-06-1998',
    color: '',
    director: 'James Cameron',
    critic: 723,
    duration: 178,
    director_facebook: 0,
    actor_3_facebook: 855,
    actor_2_name: 'Joel David Moore',
    actor_1_facebook_likes: 1000,
    gross: 760505847,
    genres: 'Action|Adventure|Fantasy|Sci-Fi',
    actor_1_name: 'CCH Pounder',
    movie_title: 'Avatar',
    num_voted_users: 886204,
    cast_total_facebook_likes: 4834,
    actor_3_name: 'Wes Studi',
    facenumber_in_poster: 0,
    plot_keywords: 'avatar|future|marine|native|paraplegic',
    movie_imdb_link: 'http://www.imdb.com/title/tt0499549/?ref_=fn_tt_tt_1',
    num_user_for_reviews: 3054,
    language: 'English',
    country: 'USA',
    content_rating: 'PG-13',
    budget: 237000001,
    title_year: 1998,
    actor_2_facebook_likes: 936,
    imdb_score: 7.9,
    aspect_ratio: 1.120835,
    movie_facebook_likes: 33000,
    'production houses': 'The Weinstein Company',
    week1: 28.103,
    week2: 67.888,
    week3: 37.319,
    week4: 48.732,
    isActive: 1,
    music: 'James Horner',
    stars: { '0': 0, '1': 0, '2': 1, '3': 1, '4': 1 }
  },
  {
    _id: 4,
    relese: '13-03-1977',
    color: 'Color',
    director: 'Christopher Nolan',
    critic: 813,
    duration: 164,
    director_facebook: 22000,
    actor_3_facebook: 23000,
    actor_2_name: 'Christian Bale',
    actor_1_facebook_likes: 27000,
    gross: 448130642,
    genres: 'Action|Thriller',
    actor_1_name: 'Tom Hardy',
    movie_title: 'The Dark Knight Rises',
    num_voted_users: 1144337,
    cast_total_facebook_likes: 106759,
    actor_3_name: 'Joseph Gordon-Levitt',
    facenumber_in_poster: 0,
    plot_keywords: 'deception|imprisonment|lawlessness|police officer|terrorist plot',
    movie_imdb_link: 'http://www.imdb.com/title/tt1345836/?ref_=fn_tt_tt_1',
    num_user_for_reviews: 2701,
    language: 'English',
    country: 'USA',
    content_rating: 'PG-13',
    budget: 250000000,
    title_year: 1977,
    actor_2_facebook_likes: 23000,
    imdb_score: 8.5,
    aspect_ratio: 1.178821504,
    movie_facebook_likes: 164000,
    'production houses': 'Disney',
    week1: 74.391,
    week2: 76.182,
    week3: 62.271,
    week4: 0.362,
    isActive: 1,
    music: '',
    stars: { '0': 1, '1': 1, '2': 0, '3': 0, '4': 0 }
  },
  {
    _id: 3,
    relese: '01-11-1969',
    color: 'Color',
    director: 'Sam Mendes',
    critic: 602,
    duration: 148,
    director_facebook: 0,
    actor_3_facebook: 161,
    actor_2_name: 'Rory Kinnear',
    actor_1_facebook_likes: 11000,
    gross: 200074175,
    genres: 'Action|Adventure|Thriller',
    actor_1_name: 'Christoph Waltz',
    movie_title: 'Spectre',
    num_voted_users: 275868,
    cast_total_facebook_likes: 11700,
    actor_3_name: 'Stephanie Sigman',
    facenumber_in_poster: 1,
    plot_keywords: 'bomb|espionage|sequel|spy|terrorist',
    movie_imdb_link: 'http://www.imdb.com/title/tt2379713/?ref_=fn_tt_tt_1',
    num_user_for_reviews: 994,
    language: 'English',
    country: 'UK',
    content_rating: 'PG-13',
    budget: 245000000,
    title_year: 1969,
    actor_2_facebook_likes: 393,
    imdb_score: 6.8,
    aspect_ratio: 2.022457101,
    movie_facebook_likes: 85000,
    'production houses': 'Independent',
    week1: 29.811,
    week2: 97.568,
    week3: 12.883,
    week4: 0.502,
    isActive: 0,
    music: 'Thomas Newman',
    stars: { '0': 0, '1': 0, '2': 0, '3': 1, '4': 0 }
  },
  {
    _id: 6,
    relese: '21-07-1965',
    color: 'Color',
    director: 'Andrew Stanton',
    critic: 462,
    duration: 132,
    director_facebook: 475,
    actor_3_facebook: 530,
    actor_2_name: 'Samantha Morton',
    actor_1_facebook_likes: 640,
    gross: 73058679,
    genres: 'Action|Adventure|Sci-Fi',
    actor_1_name: 'Daryl Sabara',
    movie_title: 'John Carter',
    num_voted_users: 212204,
    cast_total_facebook_likes: 1873,
    actor_3_name: 'Polly Walker',
    facenumber_in_poster: 1,
    plot_keywords: 'alien|american civil war|male nipple|mars|princess',
    movie_imdb_link: 'http://www.imdb.com/title/tt0401729/?ref_=fn_tt_tt_1',
    num_user_for_reviews: 738,
    language: 'English',
    country: 'USA',
    content_rating: 'PG-13',
    budget: 263700000,
    title_year: 1965,
    actor_2_facebook_likes: 632,
    imdb_score: 6.6,
    aspect_ratio: 2.103939087,
    movie_facebook_likes: 24000,
    'production houses': '20th Century Fox',
    week1: 94.885,
    week2: 61.663,
    week3: 64.056,
    week4: 16.328,
    isActive: 1,
    music: 'Michael Giacchino',
    stars: { '0': 1, '1': 1, '2': 1, '3': 1, '4': 1 }
  },
  {
    _id: 8,
    relese: '18-07-1971',
    color: 'Color',
    director: 'Nathan Greno',
    critic: 324,
    duration: 100,
    director_facebook: 15,
    actor_3_facebook: 284,
    actor_2_name: 'Donna Murphy',
    actor_1_facebook_likes: 799,
    gross: 200807262,
    genres: 'Adventure|Animation|Comedy|Family|Fantasy|Musical|Romance',
    actor_1_name: 'Brad Garrett',
    movie_title: 'Tangled',
    num_voted_users: 294810,
    cast_total_facebook_likes: 2036,
    actor_3_name: 'M.C. Gainey',
    facenumber_in_poster: 1,
    plot_keywords: '17th century|based on fairy tale|disney|flower|tower',
    movie_imdb_link: 'http://www.imdb.com/title/tt0398286/?ref_=fn_tt_tt_1',
    num_user_for_reviews: 387,
    language: 'English',
    country: 'USA',
    content_rating: 'PG',
    budget: 260000000,
    title_year: 1971,
    actor_2_facebook_likes: 553,
    imdb_score: 7.8,
    aspect_ratio: 2.133924229,
    movie_facebook_likes: 29000,
    'production houses': 'Independent',
    week1: 47.766,
    week2: 68.111,
    week3: 32.725,
    week4: 6.232,
    isActive: 1,
    music: 'Alan Menken',
    stars: { '0': 0, '1': 1, '2': 0, '3': 0, '4': 1 }
  },
  {
    _id: 7,
    relese: '16-05-1990',
    color: 'Color',
    director: 'Sam Raimi',
    critic: 392,
    duration: 156,
    director_facebook: 0,
    actor_3_facebook: 4000,
    actor_2_name: 'James Franco',
    actor_1_facebook_likes: 24000,
    gross: 336530303,
    genres: 'Action|Adventure|Romance',
    actor_1_name: 'J.K. Simmons',
    movie_title: 'Spider-Man 3',
    num_voted_users: 383056,
    cast_total_facebook_likes: 46055,
    actor_3_name: 'Kirsten Dunst',
    facenumber_in_poster: 0,
    plot_keywords: 'sandman|spider man|symbiote|venom|villain',
    movie_imdb_link: 'http://www.imdb.com/title/tt0413300/?ref_=fn_tt_tt_1',
    num_user_for_reviews: 1902,
    language: 'English',
    country: 'USA',
    content_rating: 'PG-13',
    budget: 258000000,
    title_year: 1990,
    actor_2_facebook_likes: 11000,
    imdb_score: 6.2,
    aspect_ratio: 2.305530641,
    movie_facebook_likes: 0,
    'production houses': 'Disney',
    week1: 49.352,
    week2: 88.384,
    week3: 43.782,
    week4: 8.155,
    isActive: 0,
    music: 'Christopher Young',
    stars: { '0': 1, '1': 0, '2': 1, '3': 1, '4': 0 }
  },
  {
    _id: 5,
    relese: '28-02-2001',
    color: '',
    director: 'Doug Walker',
    critic: '',
    duration: '',
    director_facebook: 131,
    actor_3_facebook: '',
    actor_2_name: 'Rob Walker',
    actor_1_facebook_likes: 131,
    gross: '',
    genres: 'Documentary',
    actor_1_name: 'Doug Walker',
    movie_title: 'Star Wars: Episode VII - The Force Awakens',
    num_voted_users: 8,
    cast_total_facebook_likes: 143,
    actor_3_name: '',
    facenumber_in_poster: 0,
    plot_keywords: '',
    movie_imdb_link: 'http://www.imdb.com/title/tt5289954/?ref_=fn_tt_tt_1',
    num_user_for_reviews: '',
    language: '',
    country: 'Canada',
    content_rating: '',
    budget: '',
    title_year: 2001,
    actor_2_facebook_likes: 12,
    imdb_score: 7.1,
    aspect_ratio: 1.323596068,
    movie_facebook_likes: 0,
    'production houses': 'Fox',
    week1: 50.864,
    week2: 79.767,
    week3: 25.178,
    week4: 39.018,
    isActive: 1,
    music: 'John Williams',
    stars: { '0': 1, '1': 1, '2': 0, '3': 0, '4': 1 }
  },
  {
    _id: 9,
    relese: '15-05-1976',
    color: 'Color',
    director: 'Joss Whedon',
    critic: 635,
    duration: 141,
    director_facebook: 0,
    actor_3_facebook: 19000,
    actor_2_name: 'Robert Downey Jr.',
    actor_1_facebook_likes: 26000,
    gross: 458991599,
    genres: 'Action|Adventure|Sci-Fi',
    actor_1_name: 'Chris Hemsworth',
    movie_title: 'Avengers: Age of Ultron',
    num_voted_users: 462669,
    cast_total_facebook_likes: 92000,
    actor_3_name: 'Scarlett Johansson',
    facenumber_in_poster: 4,
    plot_keywords: 'artificial intelligence|based on comic book|captain america|marvel cinematic universe|superhero',
    movie_imdb_link: 'http://www.imdb.com/title/tt2395427/?ref_=fn_tt_tt_1',
    num_user_for_reviews: 1117,
    language: 'English',
    country: 'USA',
    content_rating: 'PG-13',
    budget: 250000000,
    title_year: 1976,
    actor_2_facebook_likes: 21000,
    imdb_score: 7.5,
    aspect_ratio: 1.877056704,
    movie_facebook_likes: 118000,
    'production houses': 'Independent',
    week1: 61.289,
    week2: 33.403,
    week3: 38.954,
    week4: 22.222,
    isActive: 1,
    music: 'Brian Tyler',
    stars: { '0': 1, '1': 0, '2': 0, '3': 1, '4': 1 }
  },
  {
    _id: 11,
    relese: '23-09-1982',
    color: 'Color',
    director: 'Zack Snyder',
    critic: 673,
    duration: 183,
    director_facebook: 0,
    actor_3_facebook: 2000,
    actor_2_name: 'Lauren Cohan',
    actor_1_facebook_likes: 15000,
    gross: 330249062,
    genres: 'Action|Adventure|Sci-Fi',
    actor_1_name: 'Henry Cavill',
    movie_title: 'Batman v Superman: Dawn of Justice',
    num_voted_users: 371639,
    cast_total_facebook_likes: 24450,
    actor_3_name: 'Alan D. Purwin',
    facenumber_in_poster: 0,
    plot_keywords: 'based on comic book|batman|sequel to a reboot|superhero|superman',
    movie_imdb_link: 'http://www.imdb.com/title/tt2975590/?ref_=fn_tt_tt_1',
    num_user_for_reviews: 3018,
    language: 'English',
    country: 'USA',
    content_rating: 'PG-13',
    budget: 250000000,
    title_year: 1982,
    actor_2_facebook_likes: 4000,
    imdb_score: 6.9,
    aspect_ratio: 2.40581849,
    movie_facebook_likes: 197000,
    'production houses': 'Independent',
    week1: 30.245,
    week2: 8.061,
    week3: 51.964,
    week4: 3.523,
    isActive: 0,
    music: 'WaterTower',
    stars: { '0': 0, '1': 1, '2': 1, '3': 0, '4': 1 }
  },
  {
    _id: 12,
    relese: '01-09-2005',
    color: 'Color',
    director: 'Bryan Singer',
    critic: 434,
    duration: 169,
    director_facebook: 0,
    actor_3_facebook: 903,
    actor_2_name: 'Marlon Brando',
    actor_1_facebook_likes: 18000,
    gross: 200069408,
    genres: 'Action|Adventure|Sci-Fi',
    actor_1_name: 'Kevin Spacey',
    movie_title: 'Superman Returns',
    num_voted_users: 240396,
    cast_total_facebook_likes: 29991,
    actor_3_name: 'Frank Langella',
    facenumber_in_poster: 0,
    plot_keywords: 'crystal|epic|lex luthor|lois lane|return to earth',
    movie_imdb_link: 'http://www.imdb.com/title/tt0348150/?ref_=fn_tt_tt_1',
    num_user_for_reviews: 2367,
    language: 'English',
    country: 'USA',
    content_rating: 'PG-13',
    budget: 209000000,
    title_year: 2005,
    actor_2_facebook_likes: 10000,
    imdb_score: 6.1,
    aspect_ratio: 2.50176606,
    movie_facebook_likes: 0,
    'production houses': 'Independent',
    week1: 83.261,
    week2: 0.707,
    week3: 3.825,
    week4: 5.379,
    isActive: 1,
    music: 'John Williams',
    stars: { '0': 0, '1': 0, '2': 1, '3': 1, '4': 1 }
  },
  {
    _id: 10,
    relese: '05-06-1964',
    color: 'Color',
    director: 'David Yates',
    critic: 375,
    duration: 153,
    director_facebook: 282,
    actor_3_facebook: 10000,
    actor_2_name: 'Daniel Radcliffe',
    actor_1_facebook_likes: 25000,
    gross: 301956980,
    genres: 'Adventure|Family|Fantasy|Mystery',
    actor_1_name: 'Alan Rickman',
    movie_title: 'Harry Potter and the Half-Blood Prince',
    num_voted_users: 321795,
    cast_total_facebook_likes: 58753,
    actor_3_name: 'Rupert Grint',
    facenumber_in_poster: 3,
    plot_keywords: 'blood|book|love|potion|professor',
    movie_imdb_link: 'http://www.imdb.com/title/tt0417741/?ref_=fn_tt_tt_1',
    num_user_for_reviews: 973,
    language: 'English',
    country: 'UK',
    content_rating: 'PG',
    budget: 250000000,
    title_year: 1964,
    actor_2_facebook_likes: 11000,
    imdb_score: 7.5,
    aspect_ratio: 1.206639454,
    movie_facebook_likes: 10000,
    'production houses': 'Warner Bros.',
    week1: 0.062,
    week2: 89.447,
    week3: 53.728,
    week4: 21.924,
    isActive: 1,
    music: 'Nicholas Hooper',
    stars: { '0': 0, '1': 0, '2': 1, '3': 0, '4': 1 }
  },
  {
    _id: 13,
    relese: '25-05-1984',
    color: 'Color',
    director: 'Marc Forster',
    critic: 403,
    duration: 106,
    director_facebook: 395,
    actor_3_facebook: 393,
    actor_2_name: 'Mathieu Amalric',
    actor_1_facebook_likes: 451,
    gross: 168368427,
    genres: 'Action|Adventure',
    actor_1_name: 'Giancarlo Giannini',
    movie_title: 'Quantum of Solace',
    num_voted_users: 330784,
    cast_total_facebook_likes: 2023,
    actor_3_name: 'Rory Kinnear',
    facenumber_in_poster: 1,
    plot_keywords: 'action hero|attempted rape|bond girl|official james bond series|revenge',
    movie_imdb_link: 'http://www.imdb.com/title/tt0830515/?ref_=fn_tt_tt_1',
    num_user_for_reviews: 1243,
    language: 'English',
    country: 'UK',
    content_rating: 'PG-13',
    budget: 200000000,
    title_year: 1984,
    actor_2_facebook_likes: 412,
    imdb_score: 6.7,
    aspect_ratio: 2.921944859,
    movie_facebook_likes: 0,
    'production houses': 'Summit',
    week1: 65.496,
    week2: 81.995,
    week3: 45.36,
    week4: 36.368,
    isActive: 1,
    music: 'David Arnold',
    stars: { '0': 0, '1': 1, '2': 0, '3': 1, '4': 0 }
  },
  {
    _id: 14,
    relese: '14-02-1988',
    color: 'Color',
    director: 'Gore Verbinski',
    critic: 313,
    duration: 151,
    director_facebook: 563,
    actor_3_facebook: 1000,
    actor_2_name: 'Orlando Bloom',
    actor_1_facebook_likes: 40000,
    gross: 423032628,
    genres: 'Action|Adventure|Fantasy',
    actor_1_name: 'Johnny Depp',
    movie_title: "Pirates of the Caribbean: Dead Man's Chest",
    num_voted_users: 522040,
    cast_total_facebook_likes: 48486,
    actor_3_name: 'Jack Davenport',
    facenumber_in_poster: 2,
    plot_keywords: "box office hit|giant squid|heart|liar's dice|monster",
    movie_imdb_link: 'http://www.imdb.com/title/tt0383574/?ref_=fn_tt_tt_1',
    num_user_for_reviews: 1832,
    language: 'English',
    country: 'USA',
    content_rating: 'PG-13',
    budget: 225000000,
    title_year: 1988,
    actor_2_facebook_likes: 5000,
    imdb_score: 7.3,
    aspect_ratio: 2.516786459,
    movie_facebook_likes: 5000,
    'production houses': 'Independent',
    week1: 58.51,
    week2: 87.556,
    week3: 0.803,
    week4: 2.497,
    isActive: 1,
    music: 'Hans Zimmer',
    stars: { '0': 1, '1': 0, '2': 0, '3': 0, '4': 1 }
  },
  {
    _id: 15,
    relese: '07-06-1980',
    color: '',
    director: 'Gore Verbinski',
    critic: '',
    duration: 150,
    director_facebook: 563,
    actor_3_facebook: 1000,
    actor_2_name: 'Ruth Wilson',
    actor_1_facebook_likes: 40000,
    gross: 89289910,
    genres: 'Action|Adventure|Western',
    actor_1_name: 'Johnny Depp',
    movie_title: 'The Lone Ranger',
    num_voted_users: 181792,
    cast_total_facebook_likes: 45757,
    actor_3_name: 'Tom Wilkinson',
    facenumber_in_poster: 1,
    plot_keywords: 'horse|outlaw|texas|texas ranger|train',
    movie_imdb_link: 'http://www.imdb.com/title/tt1210819/?ref_=fn_tt_tt_1',
    num_user_for_reviews: 711,
    language: 'English',
    country: 'USA',
    content_rating: 'PG-13',
    budget: 215000000,
    title_year: 1980,
    actor_2_facebook_likes: 2000,
    imdb_score: 6.5,
    aspect_ratio: 2.049508332,
    movie_facebook_likes: 48000,
    'production houses': 'Summit',
    week1: 105.768,
    week2: 44.445,
    week3: 74.777,
    week4: 38.381,
    isActive: 0,
    music: 'Hans Zimmer',
    stars: { '0': 0, '1': 0, '2': 0, '3': 1, '4': 1 }
  },
  {
    _id: 16,
    relese: '04-08-1998',
    color: 'Color',
    director: 'Zack Snyder',
    critic: 733,
    duration: 143,
    director_facebook: 0,
    actor_3_facebook: 748,
    actor_2_name: 'Christopher Meloni',
    actor_1_facebook_likes: 15000,
    gross: 291021565,
    genres: 'Action|Adventure|Fantasy|Sci-Fi',
    actor_1_name: 'Henry Cavill',
    movie_title: 'Man of Steel',
    num_voted_users: 548573,
    cast_total_facebook_likes: 20495,
    actor_3_name: 'Harry Lennix',
    facenumber_in_poster: 0,
    plot_keywords: 'based on comic book|british actor playing american character|final battle|origin of hero|reboot',
    movie_imdb_link: 'http://www.imdb.com/title/tt0770828/?ref_=fn_tt_tt_1',
    num_user_for_reviews: 2536,
    language: 'English',
    country: 'USA',
    content_rating: 'PG-13',
    budget: 225000000,
    title_year: 1998,
    actor_2_facebook_likes: 3000,
    imdb_score: 7.2,
    aspect_ratio: 2.269864721,
    movie_facebook_likes: 118000,
    'production houses': 'Paramount',
    week1: 88.024,
    week2: 15.52,
    week3: 19.095,
    week4: 36.016,
    isActive: 0,
    music: 'Hans Zimmer',
    stars: { '0': 1, '1': 1, '2': 1, '3': 1, '4': 1 }
  },
  {
    _id: 17,
    relese: '15-08-1998',
    color: 'Color',
    director: 'Andrew Adamson',
    critic: 258,
    duration: 150,
    director_facebook: 80,
    actor_3_facebook: 201,
    actor_2_name: 'Pierfrancesco Favino',
    actor_1_facebook_likes: 22000,
    gross: 141614023,
    genres: 'Action|Adventure|Family|Fantasy',
    actor_1_name: 'Peter Dinklage',
    movie_title: 'The Chronicles of Narnia: Prince Caspian',
    num_voted_users: 149922,
    cast_total_facebook_likes: 22697,
    actor_3_name: 'Dami치n Alc치zar',
    facenumber_in_poster: 4,
    plot_keywords: 'brother brother relationship|brother sister relationship|good versus evil|king|narnia',
    movie_imdb_link: 'http://www.imdb.com/title/tt0499448/?ref_=fn_tt_tt_1',
    num_user_for_reviews: 438,
    language: 'English',
    country: 'USA',
    content_rating: 'PG',
    budget: 225000000,
    title_year: 1998,
    actor_2_facebook_likes: 216,
    imdb_score: 6.6,
    aspect_ratio: 1.720342257,
    movie_facebook_likes: 0,
    'production houses': 'Disney',
    week1: 98.365,
    week2: 44.405,
    week3: 35.247,
    week4: 26.151,
    isActive: 1,
    music: 'Harry Gregson-Williams',
    stars: { '0': 1, '1': 1, '2': 0, '3': 0, '4': 1 }
  },
  {
    _id: 18,
    relese: '01-06-1991',
    color: 'Color',
    director: 'Joss Whedon',
    critic: 703,
    duration: 173,
    director_facebook: 0,
    actor_3_facebook: 19000,
    actor_2_name: 'Robert Downey Jr.',
    actor_1_facebook_likes: 26000,
    gross: 623279547,
    genres: 'Action|Adventure|Sci-Fi',
    actor_1_name: 'Chris Hemsworth',
    movie_title: 'The Avengers',
    num_voted_users: 995415,
    cast_total_facebook_likes: 87697,
    actor_3_name: 'Scarlett Johansson',
    facenumber_in_poster: 3,
    plot_keywords: 'alien invasion|assassin|battle|iron man|soldier',
    movie_imdb_link: 'http://www.imdb.com/title/tt0848228/?ref_=fn_tt_tt_1',
    num_user_for_reviews: 1722,
    language: 'English',
    country: 'USA',
    content_rating: 'PG-13',
    budget: 220000000,
    title_year: 1991,
    actor_2_facebook_likes: 21000,
    imdb_score: 8.1,
    aspect_ratio: 1.014251209,
    movie_facebook_likes: 123000,
    'production houses': 'Warner Bros.',
    week1: 90.384,
    week2: 55.017,
    week3: 72.602,
    week4: 31.011,
    isActive: 1,
    music: 'Alan Silvestri',
    stars: { '0': 0, '1': 0, '2': 1, '3': 1, '4': 1 }
  },
  {
    _id: 19,
    relese: '11-12-1987',
    color: 'Color',
    director: 'Rob Marshall',
    critic: 448,
    duration: 136,
    director_facebook: 252,
    actor_3_facebook: 1000,
    actor_2_name: 'Sam Claflin',
    actor_1_facebook_likes: 40000,
    gross: 241063875,
    genres: 'Action|Adventure|Fantasy',
    actor_1_name: 'Johnny Depp',
    movie_title: 'Pirates of the Caribbean: On Stranger Tides',
    num_voted_users: 370704,
    cast_total_facebook_likes: 54083,
    actor_3_name: 'Stephen Graham',
    facenumber_in_poster: 4,
    plot_keywords: 'blackbeard|captain|pirate|revenge|soldier',
    movie_imdb_link: 'http://www.imdb.com/title/tt1298650/?ref_=fn_tt_tt_1',
    num_user_for_reviews: 484,
    language: 'English',
    country: 'USA',
    content_rating: 'PG-13',
    budget: 250000000,
    title_year: 1987,
    actor_2_facebook_likes: 11000,
    imdb_score: 6.7,
    aspect_ratio: 1.829249773,
    movie_facebook_likes: 58000,
    'production houses': 'Paramount',
    week1: 74.747,
    week2: 53.769,
    week3: 10.221,
    week4: 37.365,
    isActive: 1,
    music: 'Hans Zimmer',
    stars: { '0': 1, '1': 0, '2': 0, '3': 1, '4': 0 }
  },
  {
    _id: 20,
    relese: '01-01-1966',
    color: 'Color',
    director: 'Barry Sonnenfeld',
    critic: 451,
    duration: 106,
    director_facebook: 188,
    actor_3_facebook: 718,
    actor_2_name: 'Michael Stuhlbarg',
    actor_1_facebook_likes: 10000,
    gross: 179020854,
    genres: 'Action|Adventure|Comedy|Family|Fantasy|Sci-Fi',
    actor_1_name: 'Will Smith',
    movie_title: 'Men in Black 3',
    num_voted_users: 268154,
    cast_total_facebook_likes: 12572,
    actor_3_name: 'Nicole Scherzinger',
    facenumber_in_poster: 1,
    plot_keywords: 'alien|criminal|m.i.b.|maximum security prison|prison',
    movie_imdb_link: 'http://www.imdb.com/title/tt1409024/?ref_=fn_tt_tt_1',
    num_user_for_reviews: 341,
    language: 'English',
    country: 'USA',
    content_rating: 'PG-13',
    budget: 225000000,
    title_year: 1966,
    actor_2_facebook_likes: 816,
    imdb_score: 6.8,
    aspect_ratio: 2.022072222,
    movie_facebook_likes: 40000,
    'production houses': 'Paramount',
    week1: 32.77,
    week2: 76.435,
    week3: 71.695,
    week4: 4.399,
    isActive: 0,
    music: 'Danny Elfman',
    stars: { '0': 1, '1': 1, '2': 1, '3': 0, '4': 1 }
  }
]
Type "it" for more
Enterprise db1> db.createCollection('my reviews');
{ ok: 1 }
Enterprise db1> db.getCollectionNames();
[ 'emp', 'author', 'movies', 'my reviews', 'books' ]
Enterprise db1> db.'my reviews'.find();
Uncaught:
SyntaxError: Unexpected token (1:3)

> 1 | db.'my reviews'.find();
    |    ^
  2 |

Enterprise db1> db['my reviews'].find();

Enterprise db1> db.getCollection('my reviews').find();

Enterprise db1> db.books.isCapped();
false
Enterprise db1> db.author.isCapped();
true
Enterprise db1> exit db.books.insertOne({});
MongoshInvalidInputError: [COMMON-10001] Argument at position 0 must be of type number, got string instead (exit)
Enterprise db1> edit  db.books.insertOne({});
Opening an editor...

Enterprise db1> edit
Opening an editor...

Enterprise db1> db.books.insertOne({ title: 'Oralce', cost: 1000, copyType: ['soft copy', 'hard copy'] });
{
  acknowledged: true,
  insertedId: ObjectId('69180e1865e9c39517eec4be')
}
Enterprise db1> db.books.find();
[
  {
    _id: ObjectId('69180e1865e9c39517eec4be'),
    title: 'Oralce',
    cost: 1000,
    copyType: [ 'soft copy', 'hard copy' ]
  }
]
Enterprise db1> edit
Opening an editor...

Enterprise db1> db.books.insertOne({ _id:1001 title: 'redis', price: { cost:1200, currency :'Rs.' } 'Rs. 2000', copyType: ['soft copy', 'hard copy'], publisher: { name:'ABC corp.', address:'baroda', call: [111111, 222222] }  });
Uncaught:
SyntaxError: Unexpected token, expected "," (1:30)

> 1 | db.books.insertOne({ _id:1001 title: 'redis', price: { cost:1200, currency :'Rs.' } 'Rs. 2000', copyType: ['soft copy', 'hard copy'], publisher: { name:'ABC corp.', address:'baroda', call: [111111, 222222] }  });
    |                               ^
  2 |

Enterprise db1> edit
Opening an editor...

Enterprise db1> db.books.insertOne({ _id: 1001, title: 'redis', price: { cost: 1200, currency: 'Rs.' }, copyType: ['soft copy', 'hard copy'], publisher: { name: 'ABC corp.', address: 'baroda', call: [111111, 222222] } });
{ acknowledged: true, insertedId: 1001 }
Enterprise db1> db.books.find();
[
  {
    _id: ObjectId('69180e1865e9c39517eec4be'),
    title: 'Oralce',
    cost: 1000,
    copyType: [ 'soft copy', 'hard copy' ]
  },
  {
    _id: 1001,
    title: 'redis',
    price: { cost: 1200, currency: 'Rs.' },
    copyType: [ 'soft copy', 'hard copy' ],
    publisher: { name: 'ABC corp.', address: 'baroda', call: [ 111111, 222222 ] }
  }
]
Enterprise db1> db.books.find({_id:1001}, {title:true, 'price.cost':true});
[ { _id: 1001, title: 'redis', price: { cost: 1200 } } ]
Enterprise db1> db.books.find({_id:1001}, {title:true, price:true});
[
  { _id: 1001, title: 'redis', price: { cost: 1200, currency: 'Rs.' } }
]
Enterprise db1> db.books.find({'price.currency':'Rs.'}, {title:true, price:true});
[
  { _id: 1001, title: 'redis', price: { cost: 1200, currency: 'Rs.' } }
]
Enterprise db1> edit db.books.insertOne({ _id: 1001, title: 'redis', price: { cost: 1200, currency: 'Rs.' }, copyType: ['soft copy', 'hard copy'], publisher: { name: 'ABC corp.', address: 'baroda', call: [111111, 222222] } });
Opening an editor...

Enterprise db1> db.books.insertMany([{ _id: 1002, title: 'hBase', price: { cost: 4300, currency: 'Rs.' }, copyType: ['soft copy', 'hard copy'], publisher: { name: 'ABC corp.', address: 'baroda', call: [111111, 222222] } } , _id: 1003, title: 'Node', price: { cost: 3400, currency: '$' }, copyType: ['soft copy', 'hard copy'], publisher: { name: 'ABC corp.', address: 'baroda', call: [111111, 222222] } }]);
Uncaught:
SyntaxError: Unexpected token, expected "," (1:211)

> 1 | db.books.insertMany([{ _id: 1002, title: 'hBase', price: { cost: 4300, currency: 'Rs.' }, copyType: ['soft copy', 'hard copy'], publisher: { name: 'ABC corp.', address: 'baroda', call: [111111, 222222] } } , _id: 1003, title: 'Node', price: { cost: 3400, currency: '$' }, copyType: ['soft copy', 'hard copy'], publisher: { name: 'ABC corp.', address: 'baroda', call: [111111, 222222] } }]);
    |                                                                                                                                                                                                                    ^
  2 |

Enterprise db1> edit
Opening an editor...

Enterprise db1> db.books.insertMany([{ _id: 1002, title: 'hBase', price: { cost: 4300, currency: 'Rs.' }, copyType: ['soft copy', 'hard copy'], publisher: { name: 'ABC corp.', address: 'baroda', call: [111111, 222222] } }, { _id: 1003, title: 'Node', price: { cost: 3400, currency: '$' }, copyType: ['soft copy', 'hard copy'], publisher: { name: 'ABC corp.', address: 'baroda', call: [111111, 222222] } }] );
{ acknowledged: true, insertedIds: { '0': 1002, '1': 1003 } }
Enterprise db1> db.books.find();
[
  {
    _id: ObjectId('69180e1865e9c39517eec4be'),
    title: 'Oralce',
    cost: 1000,
    copyType: [ 'soft copy', 'hard copy' ]
  },
  {
    _id: 1001,
    title: 'redis',
    price: { cost: 1200, currency: 'Rs.' },
    copyType: [ 'soft copy', 'hard copy' ],
    publisher: { name: 'ABC corp.', address: 'baroda', call: [ 111111, 222222 ] }
  },
  {
    _id: 1002,
    title: 'hBase',
    price: { cost: 4300, currency: 'Rs.' },
    copyType: [ 'soft copy', 'hard copy' ],
    publisher: { name: 'ABC corp.', address: 'baroda', call: [ 111111, 222222 ] }
  },
  {
    _id: 1003,
    title: 'Node',
    price: { cost: 3400, currency: '$' },
    copyType: [ 'soft copy', 'hard copy' ],
    publisher: { name: 'ABC corp.', address: 'baroda', call: [ 111111, 222222 ] }
  }
]
Enterprise db1> db.books.find({'price.currency':'Rs.'}, {title:true, price:true});
[
  { _id: 1001, title: 'redis', price: { cost: 1200, currency: 'Rs.' } },
  { _id: 1002, title: 'hBase', price: { cost: 4300, currency: 'Rs.' } }
]
Enterprise db1> db.getCollectionInfos();
[
  {
    name: 'emp',
    type: 'collection',
    options: {},
    info: {
      readOnly: false,
      uuid: UUID('6b8f2ba8-4c96-4acd-b83c-9de434b75827')
    },
    idIndex: { v: 2, key: { _id: 1 }, name: '_id_' }
  },
  {
    name: 'author',
    type: 'collection',
    options: { capped: true, size: 10, max: 100 },
    info: {
      readOnly: false,
      uuid: UUID('812ba794-81a8-4458-a3c2-b643bd9e7e15')
    },
    idIndex: { v: 2, key: { _id: 1 }, name: '_id_' }
  },
  {
    name: 'movies',
    type: 'collection',
    options: {},
    info: {
      readOnly: false,
      uuid: UUID('915bf900-64bc-4d26-9f06-99b4da7e7a44')
    },
    idIndex: { v: 2, key: { _id: 1 }, name: '_id_' }
  },
  {
    name: 'my reviews',
    type: 'collection',
    options: {},
    info: {
      readOnly: false,
      uuid: UUID('a2d088fc-3b46-4c1c-b7a1-d2f868ad8e8d')
    },
    idIndex: { v: 2, key: { _id: 1 }, name: '_id_' }
  },
  {
    name: 'books',
    type: 'collection',
    options: {},
    info: {
      readOnly: false,
      uuid: UUID('a56df87e-9901-4fed-a2a4-1a306dc16baa')
    },
    idIndex: { v: 2, key: { _id: 1 }, name: '_id_' }
  }
]
Enterprise db1> db.createCollection('abc', {capped:true, size:100, max:2})
{ ok: 1 }
Enterprise db1> db.abc.insertOne({_id:1});
{ acknowledged: true, insertedId: 1 }
Enterprise db1> db.abc.insertOne({_id:2});
{ acknowledged: true, insertedId: 2 }
Enterprise db1> db.abc.find();
[ { _id: 1 }, { _id: 2 } ]
Enterprise db1> db.abc.insertOne({_id:3});
{ acknowledged: true, insertedId: 3 }
Enterprise db1> db.abc.find();
[ { _id: 2 }, { _id: 3 } ]
Enterprise db1> db.abc.insertOne({_id:4});
{ acknowledged: true, insertedId: 4 }
Enterprise db1> db.abc.find();
[ { _id: 3 }, { _id: 4 } ]
Enterprise db1>

Enterprise db1>

Enterprise db1>

Enterprise db1> show dbs
admin    40.00 KiB
config  108.00 KiB
db1       3.25 MiB
local    72.00 KiB
Enterprise db1> show collections;
abc
author
books
emp
movies
my reviews
Enterprise db1> db.emp.renameCollection('employee')
{ ok: 1 }
Enterprise db1> db.getCollectionNames();
[ 'abc', 'employee', 'author', 'movies', 'my reviews', 'books' ]
Enterprise db1> db.author.drop();
true
Enterprise db1> db.getCollectionNames();
[ 'abc', 'employee', 'movies', 'my reviews', 'books' ]
Enterprise db1> db.employee.find({}, {ename:true})
[
  { _id: ObjectId('6917eb37b74a6ee16f4e40dc'), ename: 'jack' },
  { _id: ObjectId('6917eb37b74a6ee16f4e40dd'), ename: 'crow' },
  { _id: ObjectId('6917eb37b74a6ee16f4e40de'), ename: 'blake' },
  { _id: ObjectId('6917eb37b74a6ee16f4e40df'), ename: 'richards' },
  { _id: ObjectId('6917eb37b74a6ee16f4e40e0'), ename: 'king' },
  { _id: ObjectId('6917eb37b74a6ee16f4e40e1'), ename: 'peter' },
  { _id: ObjectId('6917eb37b74a6ee16f4e40e2'), ename: 'bob' },
  { _id: ObjectId('6917eb37b74a6ee16f4e40e3'), ename: 'saleel' },
  { _id: ObjectId('6917eb37b74a6ee16f4e40e4'), ename: 'sharmin' },
  { _id: ObjectId('6917eb37b74a6ee16f4e40e5'), ename: 'vasant' },
  { _id: ObjectId('6917eb37b74a6ee16f4e40e6'), ename: 'vasu' },
  { _id: ObjectId('6917eb37b74a6ee16f4e40e7'), ename: 'vrushali' },
  { _id: ObjectId('6917eb37b74a6ee16f4e40e8'), ename: 'rahul' },
  { _id: ObjectId('6917eb37b74a6ee16f4e40e9'), ename: 'smith' },
  { _id: ObjectId('6917eb37b74a6ee16f4e40ea'), ename: 'raju' },
  { _id: ObjectId('6917eb37b74a6ee16f4e40eb'), ename: 'martin' },
  { _id: ObjectId('6917eb37b74a6ee16f4e40ec'), ename: 'scott' },
  { _id: ObjectId('6917eb37b74a6ee16f4e40ed'), ename: 'ramu' },
  { _id: ObjectId('6917eb37b74a6ee16f4e40ee'), ename: 'james' },
  { _id: ObjectId('6917eb37b74a6ee16f4e40ef'), ename: 'neel' }
]
Type "it" for more
Enterprise db1> db.employee.find({}, {_id:false, ename:true})
[
  { ename: 'jack' },    { ename: 'crow' },
  { ename: 'blake' },   { ename: 'richards' },
  { ename: 'king' },    { ename: 'peter' },
  { ename: 'bob' },     { ename: 'saleel' },
  { ename: 'sharmin' }, { ename: 'vasant' },
  { ename: 'vasu' },    { ename: 'vrushali' },
  { ename: 'rahul' },   { ename: 'smith' },
  { ename: 'raju' },    { ename: 'martin' },
  { ename: 'scott' },   { ename: 'ramu' },
  { ename: 'james' },   { ename: 'neel' }
]
Type "it" for more
Enterprise db1> db.employee.find({}, {_id:false, ename:true}).toArray()[0];
{ ename: 'jack' }
Enterprise db1> db.employee.find({}, {_id:false, ename:true}).toArray()[7];
{ ename: 'saleel' }
Enterprise db1> db.employee.find({}, {_id:false, ename:true}).toArray()[6];
{ ename: 'bob' }
Enterprise db1> db.employee.find({}, {_id:false, ename:true}).toArray()[6].job;

Enterprise db1> db.employee.find({}, {_id:false, ename:true}).toArray()[6].ename;
bob
Enterprise db1> db.employee.find({},{}).toArray()[6].ename;
bob
Enterprise db1> db.employee.find({},{}).toArray()[6].job;
manager
Enterprise db1> db.employee.find({},{}).toArray()[6].sal;
4900
Enterprise db1> db.employee.distinct('job')
[
  'Computer Programmer',
  'WEB Programmer',
  'accountant',
  'administrator',
  'analyst',
  'auditor',
  'clerk',
  'manager',
  'president',
  'programmer',
  'salesman',
  'writer'
]
Enterprise db1> db.employee.countDocument({job:'manger'})
TypeError: db.employee.countDocument is not a function
Enterprise db1> db.employee.countDocuments({job:'manger'})
0
Enterprise db1> db.employee.countDocuments({job:'manager'})
3
Enterprise db1> db.employee.fine({job:'manager'}).춸ount();
Uncaught:
SyntaxError: Unexpected character '춸'. (1:34)

> 1 | db.employee.fine({job:'manager'}).춸ount();
    |                                   ^
  2 |

Enterprise db1> db.employee.fine({job:'manager'}).count();
TypeError: db.employee.fine is not a function
Enterprise db1> db.employee.find({job:'manager'}).count();
3
Enterprise db1> db.employee.countDocuments({job:'manager'})
3
Enterprise db1> db.books.find();
[
  {
    _id: ObjectId('69180e1865e9c39517eec4be'),
    title: 'Oralce',
    cost: 1000,
    copyType: [ 'soft copy', 'hard copy' ]
  },
  {
    _id: 1001,
    title: 'redis',
    price: { cost: 1200, currency: 'Rs.' },
    copyType: [ 'soft copy', 'hard copy' ],
    publisher: { name: 'ABC corp.', address: 'baroda', call: [ 111111, 222222 ] }
  },
  {
    _id: 1002,
    title: 'hBase',
    price: { cost: 4300, currency: 'Rs.' },
    copyType: [ 'soft copy', 'hard copy' ],
    publisher: { name: 'ABC corp.', address: 'baroda', call: [ 111111, 222222 ] }
  },
  {
    _id: 1003,
    title: 'Node',
    price: { cost: 3400, currency: '$' },
    copyType: [ 'soft copy', 'hard copy' ],
    publisher: { name: 'ABC corp.', address: 'baroda', call: [ 111111, 222222 ] }
  }
]
Enterprise db1> db.books.deleteOne({_id:1003});
{ acknowledged: true, deletedCount: 1 }
Enterprise db1> db.books.find();
[
  {
    _id: ObjectId('69180e1865e9c39517eec4be'),
    title: 'Oralce',
    cost: 1000,
    copyType: [ 'soft copy', 'hard copy' ]
  },
  {
    _id: 1001,
    title: 'redis',
    price: { cost: 1200, currency: 'Rs.' },
    copyType: [ 'soft copy', 'hard copy' ],
    publisher: { name: 'ABC corp.', address: 'baroda', call: [ 111111, 222222 ] }
  },
  {
    _id: 1002,
    title: 'hBase',
    price: { cost: 4300, currency: 'Rs.' },
    copyType: [ 'soft copy', 'hard copy' ],
    publisher: { name: 'ABC corp.', address: 'baroda', call: [ 111111, 222222 ] }
  }
]
Enterprise db1>

Enterprise db1> db.books.deleteMany();
MongoshInvalidInputError: [COMMON-10001] Missing required argument at position 0 (Collection.deleteMany)
Enterprise db1> db.books.deleteMany({});
{ acknowledged: true, deletedCount: 3 }
Enterprise db1> db.books.find();

Enterprise db1> show tables;
abc
books
employee
movies
my reviews
Enterprise db1> db.books.find();

Enterprise db1> db.books.insertMany([{ _id: 1002, title: 'hBase', price: { cost: 4300, currency: 'Rs.' }, copyType: ['soft copy', 'hard copy'], publisher: { name: 'ABC corp.', address: 'baroda', call: [111111, 222222] } }, { _id: 1003, title: 'Node', price: { cost: 3400, currency: '$' }, copyType: ['soft copy', 'hard copy'], publisher: { name: 'ABC corp.', address: 'baroda', call: [111111, 222222] } }] );on
Enterprise db1> db.books.insertOne(_id:1, title:'Redis', cost:1000);
Uncaught:
SyntaxError: Unexpected token, expected "," (1:22)

> 1 | db.books.insertOne(_id:1, title:'Redis', cost:1000);
    |                       ^
  2 |

Enterprise db1> db.books.insertOne({_id:1, title:'Redis', cost:1000});
{ acknowledged: true, insertedId: 1 }
Enterprise db1> db.books.find();
[ { _id: 1, title: 'Redis', cost: 1000 } ]
Enterprise db1> db.books.updateOne({_id:1}, {$set:{cost:2000}})
{
  acknowledged: true,
  insertedId: null,
  matchedCount: 1,
  modifiedCount: 1,
  upsertedCount: 0
}
Enterprise db1> db.books.find();
[ { _id: 1, title: 'Redis', cost: 2000 } ]
Enterprise db1> db.books.updateOne({_id:1}, {$set:{cost:3000}})
{
  acknowledged: true,
  insertedId: null,
  matchedCount: 1,
  modifiedCount: 1,
  upsertedCount: 0
}
Enterprise db1> db.books.find();
[ { _id: 1, title: 'Redis', cost: 3000 } ]
Enterprise db1>

Enterprise db1> db.books.updateOne({_id:1}, {$set:{qty:3}})
{
  acknowledged: true,
  insertedId: null,
  matchedCount: 1,
  modifiedCount: 1,
  upsertedCount: 0
}
Enterprise db1> db.books.find();
[ { _id: 1, title: 'Redis', cost: 3000, qty: 3 } ]
Enterprise db1> db.books.find({}, {_id:true, title:true, cost:true, qty:true, R1:'saleel'});
[ { _id: 1, title: 'Redis', cost: 3000, qty: 3, R1: 'saleel' } ]
Enterprise db1> db.books.find();
[ { _id: 1, title: 'Redis', cost: 3000, qty: 3 } ]
Enterprise db1>

Enterprise db1>

Enterprise db1>

Enterprise db1>

Enterprise db1> edit
Opening an editor...

Enterprise db1> edit db.books.find({}, {_id:true, title:true, cost:true, qty:true, R1:'saleel'});
Opening an editor...

Enterprise db1> db.books.find({}, { _id: true, title: true, cost: true, qty: true, R1: { $multiply: ['$cost', '$qty'] } });
[ { _id: 1, title: 'Redis', cost: 3000, qty: 3, R1: 9000 } ]
Enterprise db1> edit db.books.find();
Opening an editor...

Enterprise db1> db.books.find();
[ { _id: 1, title: 'Redis', cost: 3000, qty: 3 } ]
Enterprise db1> db.books.updateOne({_id:1}, {$inc:{qty:1}})
{
  acknowledged: true,
  insertedId: null,
  matchedCount: 1,
  modifiedCount: 1,
  upsertedCount: 0
}
Enterprise db1> db.books.find();
[ { _id: 1, title: 'Redis', cost: 3000, qty: 4 } ]
Enterprise db1> db.books.updateOne({_id:1}, {$inc:{qty:10}})
{
  acknowledged: true,
  insertedId: null,
  matchedCount: 1,
  modifiedCount: 1,
  upsertedCount: 0
}
Enterprise db1> db.books.find();
[ { _id: 1, title: 'Redis', cost: 3000, qty: 14 } ]
Enterprise db1> db.books.updateOne({_id:1}, {$inc:{qty:-10}})
{
  acknowledged: true,
  insertedId: null,
  matchedCount: 1,
  modifiedCount: 1,
  upsertedCount: 0
}
Enterprise db1> db.books.find();
[ { _id: 1, title: 'Redis', cost: 3000, qty: 4 } ]
Enterprise db1> db.books.updateOne({_id:1}, {$unset:{qty:true}})
{
  acknowledged: true,
  insertedId: null,
  matchedCount: 1,
  modifiedCount: 1,
  upsertedCount: 0
}
Enterprise db1> db.books.find();
[ { _id: 1, title: 'Redis', cost: 3000 } ]
Enterprise db1> db.books.updateOne({_id:1}, {$rename:{'cost','rate'}})
Uncaught:
SyntaxError: Unexpected token (1:44)

> 1 | db.books.updateOne({_id:1}, {$rename:{'cost','rate'}})
    |                                             ^
  2 |

Enterprise db1> db.books.updateOne({_id:1}, {$rename:['cost','rate']})
MongoServerError: Modifiers operate on fields but we found type array instead. For example: {$mod: {<field>: ...}} not {$rename: [ "cost", "rate" ]}
Enterprise db1>

Enterprise db1>

Enterprise db1> db.books.updateOne({_id:1}, {$rename:{'cost':'rate'}})
{
  acknowledged: true,
  insertedId: null,
  matchedCount: 1,
  modifiedCount: 1,
  upsertedCount: 0
}
Enterprise db1> db.books.find();
[ { _id: 1, title: 'Redis', rate: 3000 } ]
Enterprise db1>

Enterprise db1>

Enterprise db1>

Enterprise db1>

Enterprise db1> db.emp.find({}, {_id:false, name:true})

Enterprise db1> db.employee.find({}, {_id:false, name:true})
[
  {}, {}, {}, {}, {}, {}, {},
  {}, {}, {}, {}, {}, {}, {},
  {}, {}, {}, {}, {}, {}
]
Type "it" for more
Enterprise db1> db.employee.find({}, {_id:false, ename:true})
[
  { ename: 'jack' },    { ename: 'crow' },
  { ename: 'blake' },   { ename: 'richards' },
  { ename: 'king' },    { ename: 'peter' },
  { ename: 'bob' },     { ename: 'saleel' },
  { ename: 'sharmin' }, { ename: 'vasant' },
  { ename: 'vasu' },    { ename: 'vrushali' },
  { ename: 'rahul' },   { ename: 'smith' },
  { ename: 'raju' },    { ename: 'martin' },
  { ename: 'scott' },   { ename: 'ramu' },
  { ename: 'james' },   { ename: 'neel' }
]
Type "it" for more
Enterprise db1> edit db.employee.find({}, {_id:false, ename:true})
Opening an editor...

Enterprise db1> db.employee.find().forEach( function (doc) { print(doc.ename); })
jack
crow
blake
richards
king
peter
bob
saleel
sharmin
vasant
vasu
vrushali
rahul
smith
raju
martin
scott
ramu
james
neel
amit
saleel
dinesh
dinesh
amit
rudra
pankaj
anoop
neel
sangita
nitish
arjun
amol
rupal
bandish
madhavi
ram
aditi
neeraj
meera
gita
zara
tanvi
Emma
Emma
Olivia
Mia
Emily
sita
rahsmi
janhavi
jasu
pinky
snehal
raj
priti
supriya
sangu
laxman
roselin

Enterprise db1> edit
Opening an editor...

Enterprise db1> db.employee.find().forEach( function (doc) { print(doc.ename, doc.job); })
jack accountant
crow salesman
blake clerk
richards clerk
king president
peter analyst
bob manager
saleel programmer
sharmin programmer
vasant salesman
vasu salesman
vrushali analyst
rahul clerk
smith manager
raju administrator
martin salesman
scott salesman
ramu clerk
james manager
neel administrator
amit administrator
saleel analyst
dinesh programmer
dinesh programmer
amit administrator
rudra programmer
pankaj programmer
anoop programmer
neel programmer
sangita auditor
nitish programmer
arjun auditor
amol auditor
rupal WEB Programmer
bandish WEB Programmer
madhavi salesman
ram WEB Programmer
aditi WEB Programmer
neeraj salesman
meera WEB Programmer
gita writer
zara WEB Programmer
tanvi WEB Programmer
Emma WEB Programmer
Emma salesman
Olivia WEB Programmer
Mia WEB Programmer
Emily WEB Programmer
sita writer
rahsmi Computer Programmer
janhavi Computer Programmer
jasu Computer Programmer
pinky Computer Programmer
snehal salesman
raj Computer Programmer
priti Computer Programmer
supriya Computer Programmer
sangu Computer Programmer
laxman Computer Programmer
roselin Computer Programmer

Enterprise db1> edit
Opening an editor...

Enterprise db1> db.employee.find().forEach( function(doc) { print('Employee Name:- ', doc.ename, , ''--->>>>', 'Job type:- ', doc.job); })
Uncaught:
SyntaxError: Unexpected token ','. (1:82)

> 1 | db.employee.find().forEach( function(doc) { print('Employee Name:- ', doc.ename, , ''--->>>>', 'Job type:- ', doc.job); })
    |                                                                                   ^
  2 |

Enterprise db1> edit
Opening an editor...

Enterprise db1> db.employee.find().forEach( function(doc) { print('Employee Name:- ', doc.ename, ''-- - >>> > ', 'Job type: -', doc.job); })
Uncaught:
SyntaxError: Invalid left-hand side in postfix operation. (1:81)

> 1 | db.employee.find().forEach( function(doc) { print('Employee Name:- ', doc.ename, ''-- - >>> > ', 'Job type: -', doc.job); })
    |                                                                                  ^
  2 |

Enterprise db1> edit
Opening an editor...

Enterprise db1> db.employee.find().forEach( function(doc) { print('Employee Name:- ', doc.ename, '-- - >>> > ', ' Job type: -', doc.job); })
Employee Name:-  jack -- - >>> >   Job type: - accountant
Employee Name:-  crow -- - >>> >   Job type: - salesman
Employee Name:-  blake -- - >>> >   Job type: - clerk
Employee Name:-  richards -- - >>> >   Job type: - clerk
Employee Name:-  king -- - >>> >   Job type: - president
Employee Name:-  peter -- - >>> >   Job type: - analyst
Employee Name:-  bob -- - >>> >   Job type: - manager
Employee Name:-  saleel -- - >>> >   Job type: - programmer
Employee Name:-  sharmin -- - >>> >   Job type: - programmer
Employee Name:-  vasant -- - >>> >   Job type: - salesman
Employee Name:-  vasu -- - >>> >   Job type: - salesman
Employee Name:-  vrushali -- - >>> >   Job type: - analyst
Employee Name:-  rahul -- - >>> >   Job type: - clerk
Employee Name:-  smith -- - >>> >   Job type: - manager
Employee Name:-  raju -- - >>> >   Job type: - administrator
Employee Name:-  martin -- - >>> >   Job type: - salesman
Employee Name:-  scott -- - >>> >   Job type: - salesman
Employee Name:-  ramu -- - >>> >   Job type: - clerk
Employee Name:-  james -- - >>> >   Job type: - manager
Employee Name:-  neel -- - >>> >   Job type: - administrator
Employee Name:-  amit -- - >>> >   Job type: - administrator
Employee Name:-  saleel -- - >>> >   Job type: - analyst
Employee Name:-  dinesh -- - >>> >   Job type: - programmer
Employee Name:-  dinesh -- - >>> >   Job type: - programmer
Employee Name:-  amit -- - >>> >   Job type: - administrator
Employee Name:-  rudra -- - >>> >   Job type: - programmer
Employee Name:-  pankaj -- - >>> >   Job type: - programmer
Employee Name:-  anoop -- - >>> >   Job type: - programmer
Employee Name:-  neel -- - >>> >   Job type: - programmer
Employee Name:-  sangita -- - >>> >   Job type: - auditor
Employee Name:-  nitish -- - >>> >   Job type: - programmer
Employee Name:-  arjun -- - >>> >   Job type: - auditor
Employee Name:-  amol -- - >>> >   Job type: - auditor
Employee Name:-  rupal -- - >>> >   Job type: - WEB Programmer
Employee Name:-  bandish -- - >>> >   Job type: - WEB Programmer
Employee Name:-  madhavi -- - >>> >   Job type: - salesman
Employee Name:-  ram -- - >>> >   Job type: - WEB Programmer
Employee Name:-  aditi -- - >>> >   Job type: - WEB Programmer
Employee Name:-  neeraj -- - >>> >   Job type: - salesman
Employee Name:-  meera -- - >>> >   Job type: - WEB Programmer
Employee Name:-  gita -- - >>> >   Job type: - writer
Employee Name:-  zara -- - >>> >   Job type: - WEB Programmer
Employee Name:-  tanvi -- - >>> >   Job type: - WEB Programmer
Employee Name:-  Emma -- - >>> >   Job type: - WEB Programmer
Employee Name:-  Emma -- - >>> >   Job type: - salesman
Employee Name:-  Olivia -- - >>> >   Job type: - WEB Programmer
Employee Name:-  Mia -- - >>> >   Job type: - WEB Programmer
Employee Name:-  Emily -- - >>> >   Job type: - WEB Programmer
Employee Name:-  sita -- - >>> >   Job type: - writer
Employee Name:-  rahsmi -- - >>> >   Job type: - Computer Programmer
Employee Name:-  janhavi -- - >>> >   Job type: - Computer Programmer
Employee Name:-  jasu -- - >>> >   Job type: - Computer Programmer
Employee Name:-  pinky -- - >>> >   Job type: - Computer Programmer
Employee Name:-  snehal -- - >>> >   Job type: - salesman
Employee Name:-  raj -- - >>> >   Job type: - Computer Programmer
Employee Name:-  priti -- - >>> >   Job type: - Computer Programmer
Employee Name:-  supriya -- - >>> >   Job type: - Computer Programmer
Employee Name:-  sangu -- - >>> >   Job type: - Computer Programmer
Employee Name:-  laxman -- - >>> >   Job type: - Computer Programmer
Employee Name:-  roselin -- - >>> >   Job type: - Computer Programmer

Enterprise db1> edit
Opening an editor...

Enterprise db1> db.employee.find().forEach( function (doc) { if (doc.job == 'manager') { print('Employee Name:- ', doc.ename, '-- - >>> > ', ' Job type: -', doc.job); } })
Employee Name:-  bob -- - >>> >   Job type: - manager
Employee Name:-  smith -- - >>> >   Job type: - manager
Employee Name:-  james -- - >>> >   Job type: - manager

Enterprise db1> db.books.find();
[ { _id: 1, title: 'Redis', rate: 3000 } ]
Enterprise db1> load('c:\a\app.js');
Error: ENOENT: no such file or directory, open 'c:\Users\SALEEL\aapp.js'
Enterprise db1>

Enterprise db1>

Enterprise db1>

Enterprise db1> load('c:/a/app.js');
Uncaught:
SyntaxError: Unexpected token, expected "," (4:8)

  2 |   if (v_rate > 5000) {
  3 |           db.books.insertOne(
> 4 |              _id: v_id,
    |                 ^
  5 |              title:v_title,
  6 |              rate:v_rate
  7 |           );

Enterprise db1> load('c:/a/app.js');
true
Enterprise db1> fn1(2, 'Oracle', -1)
Invalid Rate...

Enterprise db1> fn1(2, 'Oracle', 5001)

Enterprise db1> load('c:/a/app.js');
true
Enterprise db1> fn1(3, 'Oracle', 5002)
Document Inserted.....

Enterprise db1> db.books.find();
[
  { _id: 1, title: 'Redis', rate: 3000 },
  { _id: 2, title: 'Oracle', rate: 5001 },
  { _id: 3, title: 'Oracle', rate: 5002 }
]
Enterprise db1>

